Component: ARM Compiler 5.06 update 5 (build 528) Tool: armlink [4d35e2]

==============================================================================

Section Cross References

    main.o(.text) refers to delay.o(.text) for delay_init
    main.o(.text) refers to misc.o(.text) for NVIC_PriorityGroupConfig
    main.o(.text) refers to usart.o(.text) for uart_init
    main.o(.text) refers to led.o(.text) for LED_Init
    main.o(.text) refers to lcd.o(.text) for LCD_Init
    main.o(.text) refers to rtc.o(.text) for RTC_Init
    main.o(.text) refers to w25qxx.o(.text) for W25QXX_Init
    main.o(.text) refers to usart3.o(.text) for usart3_init
    main.o(.text) refers to malloc.o(.text) for my_mem_init
    main.o(.text) refers to timer.o(.text) for TIM3_Int_Init
    main.o(.text) refers to wifista.o(.text) for atk_8266_wifista_config
    main.o(.text) refers to __2printf.o(.text) for __2printf
    main.o(.text) refers to upgrade_1.o(.text) for connect_server
    main.o(.text) refers to stm32f10x_tim.o(.text) for TIM_Cmd
    main.o(.text) refers to lcd.o(.data) for POINT_COLOR
    main.o(.text) refers to rtc.o(.bss) for calendar
    main.o(.text) refers to timer.o(.data) for up_flag
    system_stm32f10x.o(.text) refers to system_stm32f10x.o(.data) for SystemCoreClock
    upgrade_1.o(.text) refers to _printf_percent.o(.ARM.Collect$$_printf_percent$$00000000) for _printf_percent
    upgrade_1.o(.text) refers to _printf_s.o(.ARM.Collect$$_printf_percent$$00000014) for _printf_s
    upgrade_1.o(.text) refers to _printf_str.o(.text) for _printf_str
    upgrade_1.o(.text) refers to _printf_d.o(.ARM.Collect$$_printf_percent$$00000009) for _printf_d
    upgrade_1.o(.text) refers to _printf_dec.o(.text) for _printf_int_dec
    upgrade_1.o(.text) refers to _scanf_int.o(.text) for _scanf_int
    upgrade_1.o(.text) refers to _printf_x.o(.ARM.Collect$$_printf_percent$$0000000C) for _printf_x
    upgrade_1.o(.text) refers to _printf_hex_int_ll_ptr.o(.text) for _printf_longlong_hex
    upgrade_1.o(.text) refers to malloc.o(.text) for mymalloc
    upgrade_1.o(.text) refers to __2sprintf.o(.text) for __2sprintf
    upgrade_1.o(.text) refers to wifista.o(.text) for atk_8266_send_cmd
    upgrade_1.o(.text) refers to __2printf.o(.text) for __2printf
    upgrade_1.o(.text) refers to delay.o(.text) for delay_ms
    upgrade_1.o(.text) refers to usart3.o(.text) for Usart_SendString
    upgrade_1.o(.text) refers to crc32.o(.text) for crc32_send
    upgrade_1.o(.text) refers to __0sscanf.o(.text) for __0sscanf
    upgrade_1.o(.text) refers to w25qxx.o(.text) for W25QXX_Write
    upgrade_1.o(.text) refers to f_crc32.o(i.CRC32Software) for CRC32Software
    upgrade_1.o(.text) refers to usart3.o(.data) for USART3_RX_STA
    upgrade_1.o(.text) refers to upgrade_1.o(.constdata) for .constdata
    upgrade_1.o(.text) refers to usart3.o(.bss) for USART3_RX_BUF1
    upgrade_1.o(.text) refers to upgrade_1.o(.data) for Crc_file
    upgrade_1.o(.text) refers to f_crc32.o(i.CRC32Software_) for CRC32Software_
    wifista.o(.text) refers to _printf_percent.o(.ARM.Collect$$_printf_percent$$00000000) for _printf_percent
    wifista.o(.text) refers to _printf_s.o(.ARM.Collect$$_printf_percent$$00000014) for _printf_s
    wifista.o(.text) refers to _printf_str.o(.text) for _printf_str
    wifista.o(.text) refers to __2printf.o(.text) for __2printf
    wifista.o(.text) refers to strstr.o(.text) for strstr
    wifista.o(.text) refers to usart3.o(.text) for u3_printf
    wifista.o(.text) refers to delay.o(.text) for delay_ms
    wifista.o(.text) refers to __2sprintf.o(.text) for __2sprintf
    wifista.o(.text) refers to malloc.o(.text) for mymalloc
    wifista.o(.text) refers to lcd.o(.text) for LCD_Fill
    wifista.o(.text) refers to usart3.o(.data) for USART3_RX_STA
    wifista.o(.text) refers to usart3.o(.bss) for USART3_RX_BUF
    wifista.o(.text) refers to lcd.o(.data) for POINT_COLOR
    wifista.o(.text) refers to wifista.o(.data) for wifista_password
    wifista.o(.data) refers to wifista.o(.conststring) for .conststring
    led.o(.text) refers to stm32f10x_rcc.o(.text) for RCC_APB2PeriphClockCmd
    led.o(.text) refers to stm32f10x_gpio.o(.text) for GPIO_Init
    key.o(.text) refers to stm32f10x_rcc.o(.text) for RCC_APB2PeriphClockCmd
    key.o(.text) refers to stm32f10x_gpio.o(.text) for GPIO_Init
    key.o(.text) refers to delay.o(.text) for delay_ms
    key.o(.text) refers to key.o(.data) for key_up
    lcd.o(.text) refers to _printf_percent.o(.ARM.Collect$$_printf_percent$$00000000) for _printf_percent
    lcd.o(.text) refers to _printf_x.o(.ARM.Collect$$_printf_percent$$0000000C) for _printf_x
    lcd.o(.text) refers to _printf_hex_int_ll_ptr.o(.text) for _printf_longlong_hex
    lcd.o(.text) refers to delay.o(.text) for delay_us
    lcd.o(.text) refers to lcd.o(.bss) for lcddev
    lcd.o(.text) refers to lcd.o(.data) for POINT_COLOR
[...]
    __rt_entry_postsh_1                      0x0800529f   Thumb Code     0  __rtentry2.o(.ARM.Collect$$rtentry$$00000009)
    __rt_entry_main                          0x080052a3   Thumb Code     0  __rtentry2.o(.ARM.Collect$$rtentry$$0000000D)
    __rt_entry_postli_1                      0x080052a3   Thumb Code     0  __rtentry2.o(.ARM.Collect$$rtentry$$0000000C)
    __rt_exit                                0x080052ab   Thumb Code     0  rtexit.o(.ARM.Collect$$rtexit$$00000000)
    __rt_exit_ls                             0x080052ad   Thumb Code     0  rtexit2.o(.ARM.Collect$$rtexit$$00000003)
    __rt_exit_prels_1                        0x080052ad   Thumb Code     0  rtexit2.o(.ARM.Collect$$rtexit$$00000002)
    __rt_exit_exit                           0x080052b1   Thumb Code     0  rtexit2.o(.ARM.Collect$$rtexit$$00000004)
    main                                     0x080052b9   Thumb Code   582  main.o(.text)
    NMI_Handler                              0x080055d5   Thumb Code     2  stm32f10x_it.o(.text)
    HardFault_Handler                        0x080055d7   Thumb Code     4  stm32f10x_it.o(.text)
    MemManage_Handler                        0x080055db   Thumb Code     4  stm32f10x_it.o(.text)
    BusFault_Handler                         0x080055df   Thumb Code     4  stm32f10x_it.o(.text)
    UsageFault_Handler                       0x080055e3   Thumb Code     4  stm32f10x_it.o(.text)
    SVC_Handler                              0x080055e7   Thumb Code     2  stm32f10x_it.o(.text)
    DebugMon_Handler                         0x080055e9   Thumb Code     2  stm32f10x_it.o(.text)
    PendSV_Handler                           0x080055eb   Thumb Code     2  stm32f10x_it.o(.text)
    SysTick_Handler                          0x080055ed   Thumb Code     2  stm32f10x_it.o(.text)
    SystemInit                               0x080056cf   Thumb Code    78  system_stm32f10x.o(.text)
    SystemCoreClockUpdate                    0x0800571d   Thumb Code   142  system_stm32f10x.o(.text)
    connect_server                           0x080057d1   Thumb Code    78  upgrade_1.o(.text)
    send_server                              0x0800581f   Thumb Code   126  upgrade_1.o(.text)
    Get_Upgrade_size                         0x0800589d   Thumb Code   146  upgrade_1.o(.text)
    Get_Upgrade_package                      0x0800592f   Thumb Code   154  upgrade_1.o(.text)
    SoftReset                                0x080059c9   Thumb Code    38  upgrade_1.o(.text)
    Upgrade                                  0x080059ef   Thumb Code   908  upgrade_1.o(.text)
    atk_8266_at_response                     0x08005dad   Thumb Code    46  wifista.o(.text)
    atk_8266_check_cmd                       0x08005ddb   Thumb Code    44  wifista.o(.text)
    atk_8266_send_cmd                        0x08005e07   Thumb Code    94  wifista.o(.text)
    atk_8266_send_data                       0x08005e65   Thumb Code    86  wifista.o(.text)
    atk_8266_quit_trans                      0x08005ebb   Thumb Code   100  wifista.o(.text)
    atk_8266_consta_check                    0x08005f1f   Thumb Code    36  wifista.o(.text)
    atk_8266_get_wanip                       0x08005f43   Thumb Code    58  wifista.o(.text)
    atk_8266_wifista_config                  0x08005f7d   Thumb Code   190  wifista.o(.text)
    LED_Init                                 0x080060fd   Thumb Code    68  led.o(.text)
    LCD_WR_REG                               0x08006149   Thumb Code     6  lcd.o(.text)
    LCD_WR_DATA                              0x0800614f   Thumb Code     8  lcd.o(.text)
    LCD_RD_DATA                              0x08006157   Thumb Code    16  lcd.o(.text)
    LCD_WriteReg                             0x08006167   Thumb Code    10  lcd.o(.text)
    LCD_ReadReg                              0x08006171   Thumb Code    22  lcd.o(.text)
    LCD_WriteRAM_Prepare                     0x08006187   Thumb Code    10  lcd.o(.text)
    LCD_WriteRAM                             0x08006191   Thumb Code     8  lcd.o(.text)
    LCD_BGR2RGB                              0x08006199   Thumb Code    26  lcd.o(.text)
    opt_delay                                0x080061b3   Thumb Code    14  lcd.o(.text)
    LCD_SetCursor                            0x080061c1   Thumb Code   418  lcd.o(.text)
    LCD_ReadPoint                            0x08006363   Thumb Code   360  lcd.o(.text)
    LCD_DisplayOn                            0x080064cb   Thumb Code   102  lcd.o(.text)
    LCD_DisplayOff                           0x08006531   Thumb Code    90  lcd.o(.text)
    LCD_Scan_Dir                             0x0800658b   Thumb Code   744  lcd.o(.text)
    LCD_DrawPoint                            0x08006873   Thumb Code    28  lcd.o(.text)
    LCD_Fast_DrawPoint                       0x0800688f   Thumb Code   384  lcd.o(.text)
    LCD_SSD_BackLightSet                     0x08006a0f   Thumb Code    80  lcd.o(.text)
    LCD_Display_Dir                          0x08006a5f   Thumb Code   444  lcd.o(.text)
    LCD_Set_Window                           0x08006c1b   Thumb Code   540  lcd.o(.text)
    LCD_Clear                                0x08006e37   Thumb Code   100  lcd.o(.text)
    LCD_Init                                 0x08006e9b   Thumb Code 14184  lcd.o(.text)
    LCD_Fill                                 0x0800a603   Thumb Code   178  lcd.o(.text)
    LCD_Color_Fill                           0x0800a6b5   Thumb Code   106  lcd.o(.text)
    LCD_DrawLine                             0x0800a71f   Thumb Code   176  lcd.o(.text)
    LCD_DrawRectangle                        0x0800a7cf   Thumb Code    60  lcd.o(.text)
    LCD_Draw_Circle                          0x0800a80b   Thumb Code   152  lcd.o(.text)
    LCD_ShowChar                             0x0800a8a3   Thumb Code   272  lcd.o(.text)
    LCD_Pow                                  0x0800a9b3   Thumb Code    22  lcd.o(.text)
    LCD_ShowNum                              0x0800a9c9   Thumb Code   148  lcd.o(.text)
    LCD_ShowxNum                             0x0800aa5d   Thumb Code   220  lcd.o(.text)
    LCD_ShowString                           0x0800ab39   Thumb Code   102  lcd.o(.text)
    RTC_Get_Week                             0x0800abc1   Thumb Code   116  rtc.o(.text)
    Is_Leap_Year                             0x0800ac35   Thumb Code    58  rtc.o(.text)
    RTC_Get                                  0x0800ac6f   Thumb Code   240  rtc.o(.text)
    RTC_Set                                  0x0800ad5f   Thumb Code   184  rtc.o(.text)
    RTC_Init                                 0x0800ae17   Thumb Code   208  rtc.o(.text)
    RTC_IRQHandler                           0x0800aee7   Thumb Code    40  rtc.o(.text)
    crc32_rev                                0x0800af2d   Thumb Code    60  crc32.o(.text)
    crc32_send                               0x0800af69   Thumb Code    50  crc32.o(.text)
    SPI2_ReadWriteByte                       0x0800af9d   Thumb Code    78  spi.o(.text)
    SPI2_Init                                0x0800afeb   Thumb Code   140  spi.o(.text)
    SPI2_SetSpeed                            0x0800b077   Thumb Code    36  spi.o(.text)
    TIM7_IRQHandler                          0x0800b0a5   Thumb Code   112  timer.o(.text)
    TIM7_Int_Init                            0x0800b115   Thumb Code    90  timer.o(.text)
    TIM3_Int_Init                            0x0800b16f   Thumb Code    90  timer.o(.text)
    TIM3_IRQHandler                          0x0800b1c9   Thumb Code    60  timer.o(.text)
    USART3_IRQHandler                        0x0800b221   Thumb Code    96  usart3.o(.text)
    usart3_init                              0x0800b281   Thumb Code   192  usart3.o(.text)
    u3_printf                                0x0800b341   Thumb Code    72  usart3.o(.text)
    Usart_SendString                         0x0800b389   Thumb Code    50  usart3.o(.text)
    W25QXX_ReadID                            0x0800b3d5   Thumb Code    64  w25qxx.o(.text)
    W25QXX_Init                              0x0800b415   Thumb Code    74  w25qxx.o(.text)
    W25QXX_ReadSR                            0x0800b45f   Thumb Code    36  w25qxx.o(.text)
    W25QXX_Write_SR                          0x0800b483   Thumb Code    32  w25qxx.o(.text)
    W25QXX_Write_Enable                      0x0800b4a3   Thumb Code    24  w25qxx.o(.text)
    W25QXX_Write_Disable                     0x0800b4bb   Thumb Code    24  w25qxx.o(.text)
    W25QXX_Read                              0x0800b4d3   Thumb Code    74  w25qxx.o(.text)
    W25QXX_Wait_Busy                         0x0800b51d   Thumb Code    18  w25qxx.o(.text)
    W25QXX_Write_Page                        0x0800b52f   Thumb Code    80  w25qxx.o(.text)
    W25QXX_Write_NoCheck                     0x0800b57f   Thumb Code    70  w25qxx.o(.text)
    W25QXX_Erase_Sector                      0x0800b5c5   Thumb Code    70  w25qxx.o(.text)
    W25QXX_Write                             0x0800b60b   Thumb Code   180  w25qxx.o(.text)
    W25QXX_Erase_Chip                        0x0800b6bf   Thumb Code    36  w25qxx.o(.text)
    W25QXX_PowerDown                         0x0800b6e3   Thumb Code    30  w25qxx.o(.text)
    W25QXX_WAKEUP                            0x0800b701   Thumb Code    30  w25qxx.o(.text)
    delay_init                               0x0800b73d   Thumb Code    50  delay.o(.text)
    delay_us                                 0x0800b76f   Thumb Code    72  delay.o(.text)
    delay_ms                                 0x0800b7b7   Thumb Code    72  delay.o(.text)
    _sys_exit                                0x0800b811   Thumb Code     6  usart.o(.text)
    fputc                                    0x0800b817   Thumb Code    24  usart.o(.text)
    uart_init                                0x0800b82f   Thumb Code   152  usart.o(.text)
    USART1_IRQHandler                        0x0800b8c7   Thumb Code   122  usart.o(.text)
    mymemcpy                                 0x0800b951   Thumb Code    26  malloc.o(.text)
    mymemset                                 0x0800b96b   Thumb Code    20  malloc.o(.text)
    my_mem_init                              0x0800b97f   Thumb Code    54  malloc.o(.text)
    my_mem_perused                           0x0800b9b5   Thumb Code    54  malloc.o(.text)
    my_mem_malloc                            0x0800b9eb   Thumb Code   154  malloc.o(.text)
    my_mem_free                              0x0800ba85   Thumb Code    94  malloc.o(.text)
    myfree                                   0x0800bae3   Thumb Code    32  malloc.o(.text)
    mymalloc                                 0x0800bb03   Thumb Code    36  malloc.o(.text)
    myrealloc                                0x0800bb27   Thumb Code    68  malloc.o(.text)
    my_malloc                                0x0800bb6b   Thumb Code    32  malloc.o(.text)
    my_free                                  0x0800bb8b   Thumb Code    28  malloc.o(.text)
    Reset_Handler                            0x0800bbb9   Thumb Code     8  startup_stm32f10x_hd.o(.text)
    ADC1_2_IRQHandler                        0x0800bbd3   Thumb Code     0  startup_stm32f10x_hd.o(.text)
    ADC3_IRQHandler                          0x0800bbd3   Thumb Code     0  startup_stm32f10x_hd.o(.text)
    CAN1_RX1_IRQHandler                      0x0800bbd3   Thumb Code     0  startup_stm32f10x_hd.o(.text)
    CAN1_SCE_IRQHandler                      0x0800bbd3   Thumb Code     0  startup_stm32f10x_hd.o(.text)
    DMA1_Channel1_IRQHandler                 0x0800bbd3   Thumb Code     0  startup_stm32f10x_hd.o(.text)
    DMA1_Channel2_IRQHandler                 0x0800bbd3   Thumb Code     0  startup_stm32f10x_hd.o(.text)
    DMA1_Channel3_IRQHandler                 0x0800bbd3   Thumb Code     0  startup_stm32f10x_hd.o(.text)
    DMA1_Channel4_IRQHandler                 0x0800bbd3   Thumb Code     0  startup_stm32f10x_hd.o(.text)
    DMA1_Channel5_IRQHandler                 0x0800bbd3   Thumb Code     0  startup_stm32f10x_hd.o(.text)
    DMA1_Channel6_IRQHandler                 0x0800bbd3   Thumb Code     0  startup_stm32f10x_hd.o(.text)
    DMA1_Channel7_IRQHandler                 0x0800bbd3   Thumb Code     0  startup_stm32f10x_hd.o(.text)
    DMA2_Channel1_IRQHandler                 0x0800bbd3   Thumb Code     0  startup_stm32f10x_hd.o(.text)
    DMA2_Channel2_IRQHandler                 0x0800bbd3   Thumb Code     0  startup_stm32f10x_hd.o(.text)
    DMA2_Channel3_IRQHandler                 0x0800bbd3   Thumb Code     0  startup_stm32f10x_hd.o(.text)
    DMA2_Channel4_5_IRQHandler               0x0800bbd3   Thumb Code     0  startup_stm32f10x_hd.o(.text)
    EXTI0_IRQHandler                         0x0800bbd3   Thumb Code     0  startup_stm32f10x_hd.o(.text)
    EXTI15_10_IRQHandler                     0x0800bbd3   Thumb Code     0  startup_stm32f10x_hd.o(.text)
    EXTI1_IRQHandler                         0x0800bbd3   Thumb Code     0  startup_stm32f10x_hd.o(.text)
    EXTI2_IRQHandler                         0x0800bbd3   Thumb Code     0  startup_stm32f10x_hd.o(.text)
    EXTI3_IRQHandler                         0x0800bbd3   Thumb Code     0  startup_stm32f10x_hd.o(.text)
    EXTI4_IRQHandler                         0x0800bbd3   Thumb Code     0  startup_stm32f10x_hd.o(.text)
    EXTI9_5_IRQHandler                       0x0800bbd3   Thumb Code     0  startup_stm32f10x_hd.o(.text)
    FLASH_IRQHandler                         0x0800bbd3   Thumb Code     0  startup_stm32f10x_hd.o(.text)
    FSMC_IRQHandler                          0x0800bbd3   Thumb Code     0  startup_stm32f10x_hd.o(.text)
    I2C1_ER_IRQHandler                       0x0800bbd3   Thumb Code     0  startup_stm32f10x_hd.o(.text)
    I2C1_EV_IRQHandler                       0x0800bbd3   Thumb Code     0  startup_stm32f10x_hd.o(.text)
    I2C2_ER_IRQHandler                       0x0800bbd3   Thumb Code     0  startup_stm32f10x_hd.o(.text)
    I2C2_EV_IRQHandler                       0x0800bbd3   Thumb Code     0  startup_stm32f10x_hd.o(.text)
    PVD_IRQHandler                           0x0800bbd3   Thumb Code     0  startup_stm32f10x_hd.o(.text)
    RCC_IRQHandler                           0x0800bbd3   Thumb Code     0  startup_stm32f10x_hd.o(.text)
    RTCAlarm_IRQHandler                      0x0800bbd3   Thumb Code     0  startup_stm32f10x_hd.o(.text)
    SDIO_IRQHandler                          0x0800bbd3   Thumb Code     0  startup_stm32f10x_hd.o(.text)
    SPI1_IRQHandler                          0x0800bbd3   Thumb Code     0  startup_stm32f10x_hd.o(.text)
    SPI2_IRQHandler                          0x0800bbd3   Thumb Code     0  startup_stm32f10x_hd.o(.text)
    SPI3_IRQHandler                          0x0800bbd3   Thumb Code     0  startup_stm32f10x_hd.o(.text)
    TAMPER_IRQHandler                        0x0800bbd3   Thumb Code     0  startup_stm32f10x_hd.o(.text)
    TIM1_BRK_IRQHandler                      0x0800bbd3   Thumb Code     0  startup_stm32f10x_hd.o(.text)
    TIM1_CC_IRQHandler                       0x0800bbd3   Thumb Code     0  startup_stm32f10x_hd.o(.text)
    TIM1_TRG_COM_IRQHandler                  0x0800bbd3   Thumb Code     0  startup_stm32f10x_hd.o(.text)
    TIM1_UP_IRQHandler                       0x0800bbd3   Thumb Code     0  startup_stm32f10x_hd.o(.text)
    TIM2_IRQHandler                          0x0800bbd3   Thumb Code     0  startup_stm32f10x_hd.o(.text)
    TIM5_IRQHandler                          0x0800bbd3   Thumb Code     0  startup_stm32f10x_hd.o(.text)
    TIM6_IRQHandler                          0x0800bbd3   Thumb Code     0  startup_stm32f10x_hd.o(.text)
    TIM8_BRK_IRQHandler                      0x0800bbd3   Thumb Code     0  startup_stm32f10x_hd.o(.text)
    TIM8_CC_IRQHandler                       0x0800bbd3   Thumb Code     0  startup_stm32f10x_hd.o(.text)
    TIM8_TRG_COM_IRQHandler                  0x0800bbd3   Thumb Code     0  startup_stm32f10x_hd.o(.text)
    TIM8_UP_IRQHandler                       0x0800bbd3   Thumb Code     0  startup_stm32f10x_hd.o(.text)
    UART4_IRQHandler                         0x0800bbd3   Thumb Code     0  startup_stm32f10x_hd.o(.text)
    UART5_IRQHandler                         0x0800bbd3   Thumb Code     0  startup_stm32f10x_hd.o(.text)
    USART2_IRQHandler                        0x0800bbd3   Thumb Code     0  startup_stm32f10x_hd.o(.text)
    USBWakeUp_IRQHandler                     0x0800bbd3   Thumb Code     0  startup_stm32f10x_hd.o(.text)
    USB_HP_CAN1_TX_IRQHandler                0x0800bbd3   Thumb Code     0  startup_stm32f10x_hd.o(.text)
    USB_LP_CAN1_RX0_IRQHandler               0x0800bbd3   Thumb Code     0  startup_stm32f10x_hd.o(.text)
    WWDG_IRQHandler                          0x0800bbd3   Thumb Code     0  startup_stm32f10x_hd.o(.text)
    __user_initial_stackheap                 0x0800bbd5   Thumb Code     0  startup_stm32f10x_hd.o(.text)
    NVIC_PriorityGroupConfig                 0x0800bbf9   Thumb Code    10  misc.o(.text)
    NVIC_Init                                0x0800bc03   Thumb Code   100  misc.o(.text)
    NVIC_SetVectorTable                      0x0800bc67   Thumb Code    14  misc.o(.text)
    NVIC_SystemLPConfig                      0x0800bc75   Thumb Code    34  misc.o(.text)
    SysTick_CLKSourceConfig                  0x0800bc97   Thumb Code    40  misc.o(.text)
    BKP_DeInit                               0x0800bcd5   Thumb Code    16  stm32f10x_bkp.o(.text)
    BKP_TamperPinLevelConfig                 0x0800bce5   Thumb Code     6  stm32f10x_bkp.o(.text)
    BKP_TamperPinCmd                         0x0800bceb   Thumb Code     8  stm32f10x_bkp.o(.text)
    BKP_ITConfig                             0x0800bcf3   Thumb Code     8  stm32f10x_bkp.o(.text)
    BKP_RTCOutputConfig                      0x0800bcfb   Thumb Code    22  stm32f10x_bkp.o(.text)
    BKP_SetRTCCalibrationValue               0x0800bd11   Thumb Code    22  stm32f10x_bkp.o(.text)
    BKP_WriteBackupRegister                  0x0800bd27   Thumb Code    24  stm32f10x_bkp.o(.text)
    BKP_ReadBackupRegister                   0x0800bd3f   Thumb Code    26  stm32f10x_bkp.o(.text)
    BKP_GetFlagStatus                        0x0800bd59   Thumb Code    10  stm32f10x_bkp.o(.text)
    BKP_ClearFlag                            0x0800bd63   Thumb Code    18  stm32f10x_bkp.o(.text)
    BKP_GetITStatus                          0x0800bd75   Thumb Code    10  stm32f10x_bkp.o(.text)
    BKP_ClearITPendingBit                    0x0800bd7f   Thumb Code    18  stm32f10x_bkp.o(.text)
    FSMC_NORSRAMDeInit                       0x0800bd99   Thumb Code    54  stm32f10x_fsmc.o(.text)
    FSMC_NANDDeInit                          0x0800bdcf   Thumb Code    62  stm32f10x_fsmc.o(.text)
    FSMC_PCCARDDeInit                        0x0800be0d   Thumb Code    36  stm32f10x_fsmc.o(.text)
    FSMC_NORSRAMInit                         0x0800be31   Thumb Code   230  stm32f10x_fsmc.o(.text)
    FSMC_NANDInit                            0x0800bf17   Thumb Code   132  stm32f10x_fsmc.o(.text)
    FSMC_PCCARDInit                          0x0800bf9b   Thumb Code   130  stm32f10x_fsmc.o(.text)
    FSMC_NORSRAMStructInit                   0x0800c01d   Thumb Code   114  stm32f10x_fsmc.o(.text)
    FSMC_NANDStructInit                      0x0800c08f   Thumb Code    54  stm32f10x_fsmc.o(.text)
    FSMC_PCCARDStructInit                    0x0800c0c5   Thumb Code    60  stm32f10x_fsmc.o(.text)
    FSMC_NORSRAMCmd                          0x0800c101   Thumb Code    46  stm32f10x_fsmc.o(.text)
    FSMC_NANDCmd                             0x0800c12f   Thumb Code    86  stm32f10x_fsmc.o(.text)
    FSMC_PCCARDCmd                           0x0800c185   Thumb Code    44  stm32f10x_fsmc.o(.text)
    FSMC_NANDECCCmd                          0x0800c1b1   Thumb Code    90  stm32f10x_fsmc.o(.text)
    FSMC_GetECC                              0x0800c20b   Thumb Code    24  stm32f10x_fsmc.o(.text)
    FSMC_ITConfig                            0x0800c223   Thumb Code   128  stm32f10x_fsmc.o(.text)
    FSMC_GetFlagStatus                       0x0800c2a3   Thumb Code    54  stm32f10x_fsmc.o(.text)
    FSMC_ClearFlag                           0x0800c2d9   Thumb Code    62  stm32f10x_fsmc.o(.text)
    FSMC_GetITStatus                         0x0800c317   Thumb Code    64  stm32f10x_fsmc.o(.text)
    FSMC_ClearITPendingBit                   0x0800c357   Thumb Code    68  stm32f10x_fsmc.o(.text)
    GPIO_DeInit                              0x0800c3a5   Thumb Code   172  stm32f10x_gpio.o(.text)
    GPIO_AFIODeInit                          0x0800c451   Thumb Code    20  stm32f10x_gpio.o(.text)
    GPIO_Init                                0x0800c465   Thumb Code   278  stm32f10x_gpio.o(.text)
    GPIO_StructInit                          0x0800c57b   Thumb Code    16  stm32f10x_gpio.o(.text)
    GPIO_ReadInputDataBit                    0x0800c58b   Thumb Code    18  stm32f10x_gpio.o(.text)
    GPIO_ReadInputData                       0x0800c59d   Thumb Code     8  stm32f10x_gpio.o(.text)
    GPIO_ReadOutputDataBit                   0x0800c5a5   Thumb Code    18  stm32f10x_gpio.o(.text)
    GPIO_ReadOutputData                      0x0800c5b7   Thumb Code     8  stm32f10x_gpio.o(.text)
    GPIO_SetBits                             0x0800c5bf   Thumb Code     4  stm32f10x_gpio.o(.text)
    GPIO_ResetBits                           0x0800c5c3   Thumb Code     4  stm32f10x_gpio.o(.text)
    GPIO_WriteBit                            0x0800c5c7   Thumb Code    10  stm32f10x_gpio.o(.text)
    GPIO_Write                               0x0800c5d1   Thumb Code     4  stm32f10x_gpio.o(.text)
    GPIO_PinLockConfig                       0x0800c5d5   Thumb Code    18  stm32f10x_gpio.o(.text)
    GPIO_EventOutputConfig                   0x0800c5e7   Thumb Code    26  stm32f10x_gpio.o(.text)
    GPIO_EventOutputCmd                      0x0800c601   Thumb Code     6  stm32f10x_gpio.o(.text)
    GPIO_PinRemapConfig                      0x0800c607   Thumb Code   138  stm32f10x_gpio.o(.text)
    GPIO_EXTILineConfig                      0x0800c691   Thumb Code    66  stm32f10x_gpio.o(.text)
    GPIO_ETH_MediaInterfaceConfig            0x0800c6d3   Thumb Code     8  stm32f10x_gpio.o(.text)
    PWR_DeInit                               0x0800c701   Thumb Code    22  stm32f10x_pwr.o(.text)
    PWR_BackupAccessCmd                      0x0800c717   Thumb Code     6  stm32f10x_pwr.o(.text)
    PWR_PVDCmd                               0x0800c71d   Thumb Code     6  stm32f10x_pwr.o(.text)
    PWR_PVDLevelConfig                       0x0800c723   Thumb Code    18  stm32f10x_pwr.o(.text)
    PWR_WakeUpPinCmd                         0x0800c735   Thumb Code     8  stm32f10x_pwr.o(.text)
    PWR_EnterSTOPMode                        0x0800c73d   Thumb Code    54  stm32f10x_pwr.o(.text)
    PWR_EnterSTANDBYMode                     0x0800c773   Thumb Code    42  stm32f10x_pwr.o(.text)
    PWR_GetFlagStatus                        0x0800c79d   Thumb Code    20  stm32f10x_pwr.o(.text)
    PWR_ClearFlag                            0x0800c7b1   Thumb Code    14  stm32f10x_pwr.o(.text)
    RCC_DeInit                               0x0800c7cd   Thumb Code    64  stm32f10x_rcc.o(.text)
    RCC_HSEConfig                            0x0800c80d   Thumb Code    70  stm32f10x_rcc.o(.text)
    RCC_GetFlagStatus                        0x0800c853   Thumb Code    56  stm32f10x_rcc.o(.text)
    RCC_WaitForHSEStartUp                    0x0800c88b   Thumb Code    56  stm32f10x_rcc.o(.text)
    RCC_AdjustHSICalibrationValue            0x0800c8c3   Thumb Code    20  stm32f10x_rcc.o(.text)
    RCC_HSICmd                               0x0800c8d7   Thumb Code     6  stm32f10x_rcc.o(.text)
    RCC_PLLConfig                            0x0800c8dd   Thumb Code    24  stm32f10x_rcc.o(.text)
    RCC_PLLCmd                               0x0800c8f5   Thumb Code     6  stm32f10x_rcc.o(.text)
    RCC_SYSCLKConfig                         0x0800c8fb   Thumb Code    18  stm32f10x_rcc.o(.text)
    RCC_GetSYSCLKSource                      0x0800c90d   Thumb Code    10  stm32f10x_rcc.o(.text)
    RCC_HCLKConfig                           0x0800c917   Thumb Code    18  stm32f10x_rcc.o(.text)
    RCC_PCLK1Config                          0x0800c929   Thumb Code    18  stm32f10x_rcc.o(.text)
    RCC_PCLK2Config                          0x0800c93b   Thumb Code    20  stm32f10x_rcc.o(.text)
    RCC_ITConfig                             0x0800c94f   Thumb Code    26  stm32f10x_rcc.o(.text)
    RCC_USBCLKConfig                         0x0800c969   Thumb Code     8  stm32f10x_rcc.o(.text)
    RCC_ADCCLKConfig                         0x0800c971   Thumb Code    18  stm32f10x_rcc.o(.text)
    RCC_LSEConfig                            0x0800c983   Thumb Code    50  stm32f10x_rcc.o(.text)
    RCC_LSICmd                               0x0800c9b5   Thumb Code     6  stm32f10x_rcc.o(.text)
    RCC_RTCCLKConfig                         0x0800c9bb   Thumb Code    12  stm32f10x_rcc.o(.text)
    RCC_RTCCLKCmd                            0x0800c9c7   Thumb Code     8  stm32f10x_rcc.o(.text)
    RCC_GetClocksFreq                        0x0800c9cf   Thumb Code   192  stm32f10x_rcc.o(.text)
    RCC_AHBPeriphClockCmd                    0x0800ca8f   Thumb Code    26  stm32f10x_rcc.o(.text)
    RCC_APB2PeriphClockCmd                   0x0800caa9   Thumb Code    26  stm32f10x_rcc.o(.text)
    RCC_APB1PeriphClockCmd                   0x0800cac3   Thumb Code    26  stm32f10x_rcc.o(.text)
    RCC_APB2PeriphResetCmd                   0x0800cadd   Thumb Code    26  stm32f10x_rcc.o(.text)
    RCC_APB1PeriphResetCmd                   0x0800caf7   Thumb Code    26  stm32f10x_rcc.o(.text)
    RCC_BackupResetCmd                       0x0800cb11   Thumb Code     8  stm32f10x_rcc.o(.text)
    RCC_ClockSecuritySystemCmd               0x0800cb19   Thumb Code     6  stm32f10x_rcc.o(.text)
    RCC_MCOConfig                            0x0800cb1f   Thumb Code     6  stm32f10x_rcc.o(.text)
    RCC_ClearFlag                            0x0800cb25   Thumb Code    14  stm32f10x_rcc.o(.text)
    RCC_GetITStatus                          0x0800cb33   Thumb Code    20  stm32f10x_rcc.o(.text)
    RCC_ClearITPendingBit                    0x0800cb47   Thumb Code     6  stm32f10x_rcc.o(.text)
    USART_DeInit                             0x0800cb71   Thumb Code   134  stm32f10x_usart.o(.text)
    USART_Init                               0x0800cbf7   Thumb Code   210  stm32f10x_usart.o(.text)
    USART_StructInit                         0x0800ccc9   Thumb Code    24  stm32f10x_usart.o(.text)
    USART_ClockInit                          0x0800cce1   Thumb Code    34  stm32f10x_usart.o(.text)
    USART_ClockStructInit                    0x0800cd03   Thumb Code    12  stm32f10x_usart.o(.text)
    USART_Cmd                                0x0800cd0f   Thumb Code    24  stm32f10x_usart.o(.text)
    USART_ITConfig                           0x0800cd27   Thumb Code    74  stm32f10x_usart.o(.text)
    USART_DMACmd                             0x0800cd71   Thumb Code    18  stm32f10x_usart.o(.text)
    USART_SetAddress                         0x0800cd83   Thumb Code    18  stm32f10x_usart.o(.text)
    USART_WakeUpConfig                       0x0800cd95   Thumb Code    18  stm32f10x_usart.o(.text)
    USART_ReceiverWakeUpCmd                  0x0800cda7   Thumb Code    24  stm32f10x_usart.o(.text)
    USART_LINBreakDetectLengthConfig         0x0800cdbf   Thumb Code    18  stm32f10x_usart.o(.text)
    USART_LINCmd                             0x0800cdd1   Thumb Code    24  stm32f10x_usart.o(.text)
    USART_SendData                           0x0800cde9   Thumb Code     8  stm32f10x_usart.o(.text)
    USART_ReceiveData                        0x0800cdf1   Thumb Code    10  stm32f10x_usart.o(.text)
    USART_SendBreak                          0x0800cdfb   Thumb Code    10  stm32f10x_usart.o(.text)
    USART_SetGuardTime                       0x0800ce05   Thumb Code    16  stm32f10x_usart.o(.text)
    USART_SetPrescaler                       0x0800ce15   Thumb Code    16  stm32f10x_usart.o(.text)
    USART_SmartCardCmd                       0x0800ce25   Thumb Code    24  stm32f10x_usart.o(.text)
    USART_SmartCardNACKCmd                   0x0800ce3d   Thumb Code    24  stm32f10x_usart.o(.text)
    USART_HalfDuplexCmd                      0x0800ce55   Thumb Code    24  stm32f10x_usart.o(.text)
    USART_OverSampling8Cmd                   0x0800ce6d   Thumb Code    22  stm32f10x_usart.o(.text)
    USART_OneBitMethodCmd                    0x0800ce83   Thumb Code    24  stm32f10x_usart.o(.text)
    USART_IrDAConfig                         0x0800ce9b   Thumb Code    18  stm32f10x_usart.o(.text)
    USART_IrDACmd                            0x0800cead   Thumb Code    24  stm32f10x_usart.o(.text)
    USART_GetFlagStatus                      0x0800cec5   Thumb Code    26  stm32f10x_usart.o(.text)
    USART_ClearFlag                          0x0800cedf   Thumb Code    18  stm32f10x_usart.o(.text)
    USART_GetITStatus                        0x0800cef1   Thumb Code    84  stm32f10x_usart.o(.text)
    USART_ClearITPendingBit                  0x0800cf45   Thumb Code    52  stm32f10x_usart.o(.text)
    RTC_ITConfig                             0x0800cf79   Thumb Code    26  stm32f10x_rtc.o(.text)
    RTC_EnterConfigMode                      0x0800cf93   Thumb Code    18  stm32f10x_rtc.o(.text)
    RTC_ExitConfigMode                       0x0800cfa5   Thumb Code    20  stm32f10x_rtc.o(.text)
    RTC_GetCounter                           0x0800cfb9   Thumb Code    18  stm32f10x_rtc.o(.text)
    RTC_SetCounter                           0x0800cfcb   Thumb Code    26  stm32f10x_rtc.o(.text)
    RTC_SetPrescaler                         0x0800cfe5   Thumb Code    28  stm32f10x_rtc.o(.text)
    RTC_SetAlarm                             0x0800d001   Thumb Code    26  stm32f10x_rtc.o(.text)
    RTC_GetDivider                           0x0800d01b   Thumb Code    22  stm32f10x_rtc.o(.text)
    RTC_WaitForLastTask                      0x0800d031   Thumb Code    18  stm32f10x_rtc.o(.text)
    RTC_WaitForSynchro                       0x0800d043   Thumb Code    36  stm32f10x_rtc.o(.text)
    RTC_GetFlagStatus                        0x0800d067   Thumb Code    22  stm32f10x_rtc.o(.text)
    RTC_ClearFlag                            0x0800d07d   Thumb Code    16  stm32f10x_rtc.o(.text)
    RTC_GetITStatus                          0x0800d08d   Thumb Code    32  stm32f10x_rtc.o(.text)
    RTC_ClearITPendingBit                    0x0800d0ad   Thumb Code    16  stm32f10x_rtc.o(.text)
    TIM_DeInit                               0x0800d0c1   Thumb Code   424  stm32f10x_tim.o(.text)
    TIM_TimeBaseInit                         0x0800d269   Thumb Code   122  stm32f10x_tim.o(.text)
    TIM_OC1Init                              0x0800d2e3   Thumb Code   132  stm32f10x_tim.o(.text)
    TIM_OC2Init                              0x0800d367   Thumb Code   154  stm32f10x_tim.o(.text)
    TIM_OC3Init                              0x0800d401   Thumb Code   150  stm32f10x_tim.o(.text)
    TIM_OC4Init                              0x0800d497   Thumb Code   182  stm32f10x_tim.o(.text)
    TIM_SetIC4Prescaler                      0x0800d54d   Thumb Code    26  stm32f10x_tim.o(.text)
    TIM_SetIC3Prescaler                      0x0800d5e9   Thumb Code    18  stm32f10x_tim.o(.text)
    TIM_SetIC2Prescaler                      0x0800d675   Thumb Code    26  stm32f10x_tim.o(.text)
    TIM_SetIC1Prescaler                      0x0800d711   Thumb Code    18  stm32f10x_tim.o(.text)
    TIM_ICInit                               0x0800d78f   Thumb Code   150  stm32f10x_tim.o(.text)
    TIM_PWMIConfig                           0x0800d825   Thumb Code   124  stm32f10x_tim.o(.text)
    TIM_BDTRConfig                           0x0800d8a1   Thumb Code    32  stm32f10x_tim.o(.text)
    TIM_TimeBaseStructInit                   0x0800d8c1   Thumb Code    18  stm32f10x_tim.o(.text)
    TIM_OCStructInit                         0x0800d8d3   Thumb Code    20  stm32f10x_tim.o(.text)
    TIM_ICStructInit                         0x0800d8e7   Thumb Code    18  stm32f10x_tim.o(.text)
    TIM_BDTRStructInit                       0x0800d8f9   Thumb Code    40  stm32f10x_tim.o(.text)
    TIM_Cmd                                  0x0800d921   Thumb Code    24  stm32f10x_tim.o(.text)
    TIM_CtrlPWMOutputs                       0x0800d939   Thumb Code    30  stm32f10x_tim.o(.text)
    TIM_ITConfig                             0x0800d957   Thumb Code    18  stm32f10x_tim.o(.text)
    TIM_GenerateEvent                        0x0800d969   Thumb Code     4  stm32f10x_tim.o(.text)
    TIM_DMAConfig                            0x0800d96d   Thumb Code    10  stm32f10x_tim.o(.text)
    TIM_DMACmd                               0x0800d977   Thumb Code    18  stm32f10x_tim.o(.text)
    TIM_InternalClockConfig                  0x0800d989   Thumb Code    12  stm32f10x_tim.o(.text)
    TIM_SelectInputTrigger                   0x0800d995   Thumb Code    18  stm32f10x_tim.o(.text)
    TIM_ITRxExternalClockConfig              0x0800d9a7   Thumb Code    24  stm32f10x_tim.o(.text)
    TIM_TIxExternalClockConfig               0x0800d9bf   Thumb Code    62  stm32f10x_tim.o(.text)
    TIM_ETRConfig                            0x0800d9fd   Thumb Code    28  stm32f10x_tim.o(.text)
    TIM_ETRClockMode1Config                  0x0800da19   Thumb Code    54  stm32f10x_tim.o(.text)
    TIM_ETRClockMode2Config                  0x0800da4f   Thumb Code    32  stm32f10x_tim.o(.text)
    TIM_PrescalerConfig                      0x0800da6f   Thumb Code     6  stm32f10x_tim.o(.text)
    TIM_CounterModeConfig                    0x0800da75   Thumb Code    18  stm32f10x_tim.o(.text)
    TIM_EncoderInterfaceConfig               0x0800da87   Thumb Code    66  stm32f10x_tim.o(.text)
    TIM_ForcedOC1Config                      0x0800dac9   Thumb Code    18  stm32f10x_tim.o(.text)
    TIM_ForcedOC2Config                      0x0800dadb   Thumb Code    26  stm32f10x_tim.o(.text)
    TIM_ForcedOC3Config                      0x0800daf5   Thumb Code    18  stm32f10x_tim.o(.text)
    TIM_ForcedOC4Config                      0x0800db07   Thumb Code    26  stm32f10x_tim.o(.text)
    TIM_ARRPreloadConfig                     0x0800db21   Thumb Code    24  stm32f10x_tim.o(.text)
    TIM_SelectCOM                            0x0800db39   Thumb Code    24  stm32f10x_tim.o(.text)
    TIM_SelectCCDMA                          0x0800db51   Thumb Code    24  stm32f10x_tim.o(.text)
    TIM_CCPreloadControl                     0x0800db69   Thumb Code    24  stm32f10x_tim.o(.text)
    TIM_OC1PreloadConfig                     0x0800db81   Thumb Code    18  stm32f10x_tim.o(.text)
    TIM_OC2PreloadConfig                     0x0800db93   Thumb Code    26  stm32f10x_tim.o(.text)
    TIM_OC3PreloadConfig                     0x0800dbad   Thumb Code    18  stm32f10x_tim.o(.text)
    TIM_OC4PreloadConfig                     0x0800dbbf   Thumb Code    26  stm32f10x_tim.o(.text)
    TIM_OC1FastConfig                        0x0800dbd9   Thumb Code    18  stm32f10x_tim.o(.text)
    TIM_OC2FastConfig                        0x0800dbeb   Thumb Code    26  stm32f10x_tim.o(.text)
    TIM_OC3FastConfig                        0x0800dc05   Thumb Code    18  stm32f10x_tim.o(.text)
    TIM_OC4FastConfig                        0x0800dc17   Thumb Code    26  stm32f10x_tim.o(.text)
    TIM_ClearOC1Ref                          0x0800dc31   Thumb Code    18  stm32f10x_tim.o(.text)
    TIM_ClearOC2Ref                          0x0800dc43   Thumb Code    24  stm32f10x_tim.o(.text)
    TIM_ClearOC3Ref                          0x0800dc5b   Thumb Code    18  stm32f10x_tim.o(.text)
    TIM_ClearOC4Ref                          0x0800dc6d   Thumb Code    24  stm32f10x_tim.o(.text)
    TIM_OC1PolarityConfig                    0x0800dc85   Thumb Code    18  stm32f10x_tim.o(.text)
    TIM_OC1NPolarityConfig                   0x0800dc97   Thumb Code    18  stm32f10x_tim.o(.text)
    TIM_OC2PolarityConfig                    0x0800dca9   Thumb Code    26  stm32f10x_tim.o(.text)
    TIM_OC2NPolarityConfig                   0x0800dcc3   Thumb Code    26  stm32f10x_tim.o(.text)
    TIM_OC3PolarityConfig                    0x0800dcdd   Thumb Code    26  stm32f10x_tim.o(.text)
    TIM_OC3NPolarityConfig                   0x0800dcf7   Thumb Code    26  stm32f10x_tim.o(.text)
    TIM_OC4PolarityConfig                    0x0800dd11   Thumb Code    26  stm32f10x_tim.o(.text)
    TIM_CCxCmd                               0x0800dd2b   Thumb Code    30  stm32f10x_tim.o(.text)
    TIM_CCxNCmd                              0x0800dd49   Thumb Code    30  stm32f10x_tim.o(.text)
    TIM_SelectOCxM                           0x0800dd67   Thumb Code    82  stm32f10x_tim.o(.text)
    TIM_UpdateDisableConfig                  0x0800ddb9   Thumb Code    24  stm32f10x_tim.o(.text)
    TIM_UpdateRequestConfig                  0x0800ddd1   Thumb Code    24  stm32f10x_tim.o(.text)
    TIM_SelectHallSensor                     0x0800dde9   Thumb Code    24  stm32f10x_tim.o(.text)
    TIM_SelectOnePulseMode                   0x0800de01   Thumb Code    18  stm32f10x_tim.o(.text)
    TIM_SelectOutputTrigger                  0x0800de13   Thumb Code    18  stm32f10x_tim.o(.text)
    TIM_SelectSlaveMode                      0x0800de25   Thumb Code    18  stm32f10x_tim.o(.text)
    TIM_SelectMasterSlaveMode                0x0800de37   Thumb Code    18  stm32f10x_tim.o(.text)
    TIM_SetCounter                           0x0800de49   Thumb Code     4  stm32f10x_tim.o(.text)
    TIM_SetAutoreload                        0x0800de4d   Thumb Code     4  stm32f10x_tim.o(.text)
    TIM_SetCompare1                          0x0800de51   Thumb Code     4  stm32f10x_tim.o(.text)
    TIM_SetCompare2                          0x0800de55   Thumb Code     4  stm32f10x_tim.o(.text)
    TIM_SetCompare3                          0x0800de59   Thumb Code     4  stm32f10x_tim.o(.text)
    TIM_SetCompare4                          0x0800de5d   Thumb Code     6  stm32f10x_tim.o(.text)
    TIM_SetClockDivision                     0x0800de63   Thumb Code    18  stm32f10x_tim.o(.text)
    TIM_GetCapture1                          0x0800de75   Thumb Code     6  stm32f10x_tim.o(.text)
    TIM_GetCapture2                          0x0800de7b   Thumb Code     6  stm32f10x_tim.o(.text)
    TIM_GetCapture3                          0x0800de81   Thumb Code     6  stm32f10x_tim.o(.text)
    TIM_GetCapture4                          0x0800de87   Thumb Code     8  stm32f10x_tim.o(.text)
    TIM_GetCounter                           0x0800de8f   Thumb Code     6  stm32f10x_tim.o(.text)
    TIM_GetPrescaler                         0x0800de95   Thumb Code     6  stm32f10x_tim.o(.text)
    TIM_GetFlagStatus                        0x0800de9b   Thumb Code    18  stm32f10x_tim.o(.text)
    TIM_ClearFlag                            0x0800dead   Thumb Code     6  stm32f10x_tim.o(.text)
    TIM_GetITStatus                          0x0800deb3   Thumb Code    34  stm32f10x_tim.o(.text)
    TIM_ClearITPendingBit                    0x0800ded5   Thumb Code     6  stm32f10x_tim.o(.text)
    SPI_I2S_DeInit                           0x0800dedd   Thumb Code    76  stm32f10x_spi.o(.text)
    SPI_Init                                 0x0800df29   Thumb Code    60  stm32f10x_spi.o(.text)
    I2S_Init                                 0x0800df65   Thumb Code   226  stm32f10x_spi.o(.text)
    SPI_StructInit                           0x0800e047   Thumb Code    24  stm32f10x_spi.o(.text)
    I2S_StructInit                           0x0800e05f   Thumb Code    20  stm32f10x_spi.o(.text)
    SPI_Cmd                                  0x0800e073   Thumb Code    24  stm32f10x_spi.o(.text)
    I2S_Cmd                                  0x0800e08b   Thumb Code    24  stm32f10x_spi.o(.text)
    SPI_I2S_ITConfig                         0x0800e0a3   Thumb Code    32  stm32f10x_spi.o(.text)
    SPI_I2S_DMACmd                           0x0800e0c3   Thumb Code    18  stm32f10x_spi.o(.text)
    SPI_I2S_SendData                         0x0800e0d5   Thumb Code     4  stm32f10x_spi.o(.text)
    SPI_I2S_ReceiveData                      0x0800e0d9   Thumb Code     6  stm32f10x_spi.o(.text)
    SPI_NSSInternalSoftwareConfig            0x0800e0df   Thumb Code    30  stm32f10x_spi.o(.text)
    SPI_SSOutputCmd                          0x0800e0fd   Thumb Code    24  stm32f10x_spi.o(.text)
    SPI_DataSizeConfig                       0x0800e115   Thumb Code    18  stm32f10x_spi.o(.text)
    SPI_TransmitCRC                          0x0800e127   Thumb Code    10  stm32f10x_spi.o(.text)
    SPI_CalculateCRC                         0x0800e131   Thumb Code    24  stm32f10x_spi.o(.text)
    SPI_GetCRC                               0x0800e149   Thumb Code    16  stm32f10x_spi.o(.text)
    SPI_GetCRCPolynomial                     0x0800e159   Thumb Code     6  stm32f10x_spi.o(.text)
    SPI_BiDirectionalLineConfig              0x0800e15f   Thumb Code    28  stm32f10x_spi.o(.text)
    SPI_I2S_GetFlagStatus                    0x0800e17b   Thumb Code    18  stm32f10x_spi.o(.text)
    SPI_I2S_ClearFlag                        0x0800e18d   Thumb Code     6  stm32f10x_spi.o(.text)
    SPI_I2S_GetITStatus                      0x0800e193   Thumb Code    52  stm32f10x_spi.o(.text)
    SPI_I2S_ClearITPendingBit                0x0800e1c7   Thumb Code    20  stm32f10x_spi.o(.text)
    usmart_sys_cmd_exe                       0x0800e1e9   Thumb Code  1554  usmart.o(.text)
    usmart_reset_runtime                     0x0800e7fb   Thumb Code    38  usmart.o(.text)
    usmart_get_runtime                       0x0800e821   Thumb Code    60  usmart.o(.text)
    TIM4_IRQHandler                          0x0800e85d   Thumb Code    46  usmart.o(.text)
    Timer4_Init                              0x0800e88b   Thumb Code    88  usmart.o(.text)
    usmart_init                              0x0800e8e3   Thumb Code    36  usmart.o(.text)
    usmart_cmd_rec                           0x0800e907   Thumb Code   170  usmart.o(.text)
    usmart_exe                               0x0800e9b1   Thumb Code   870  usmart.o(.text)
    usmart_scan                              0x0800ed17   Thumb Code   120  usmart.o(.text)
    read_addr                                0x0800ed8f   Thumb Code     6  usmart.o(.text)
    write_addr                               0x0800ed95   Thumb Code     4  usmart.o(.text)
    usmart_strcmp                            0x0800ee21   Thumb Code    34  usmart_str.o(.text)
    usmart_strcopy                           0x0800ee43   Thumb Code    22  usmart_str.o(.text)
    usmart_strlen                            0x0800ee59   Thumb Code    24  usmart_str.o(.text)
    usmart_pow                               0x0800ee71   Thumb Code    22  usmart_str.o(.text)
    usmart_str2num                           0x0800ee87   Thumb Code   202  usmart_str.o(.text)
    usmart_get_cmdname                       0x0800ef51   Thumb Code    54  usmart_str.o(.text)
    usmart_search_nextc                      0x0800ef87   Thumb Code    22  usmart_str.o(.text)
    usmart_get_fname                         0x0800ef9d   Thumb Code   440  usmart_str.o(.text)
    usmart_get_aparm                         0x0800f155   Thumb Code   200  usmart_str.o(.text)
    usmart_get_parmpos                       0x0800f21d   Thumb Code    26  usmart_str.o(.text)
    usmart_get_fparam                        0x0800f237   Thumb Code   262  usmart_str.o(.text)
    __use_no_semihosting                     0x0800f349   Thumb Code     2  use_no_semi_2.o(.text)
    __c89vsprintf                            0x0800f34d   Thumb Code    32  c89vsprintf.o(.text)
    __2printf                                0x0800f371   Thumb Code    20  __2printf.o(.text)
    __2sprintf                               0x0800f389   Thumb Code    38  __2sprintf.o(.text)
    _printf_pre_padding                      0x0800f3b5   Thumb Code    44  _printf_pad.o(.text)
    _printf_post_padding                     0x0800f3e1   Thumb Code    34  _printf_pad.o(.text)
    _printf_str                              0x0800f403   Thumb Code    82  _printf_str.o(.text)
    _printf_int_dec                          0x0800f455   Thumb Code   104  _printf_dec.o(.text)
    _printf_longlong_hex                     0x0800f4cd   Thumb Code    86  _printf_hex_int_ll_ptr.o(.text)
    _printf_int_hex                          0x0800f523   Thumb Code    28  _printf_hex_int_ll_ptr.o(.text)
    _printf_ll_hex                           0x0800f53f   Thumb Code    12  _printf_hex_int_ll_ptr.o(.text)
    _printf_hex_ptr                          0x0800f54b   Thumb Code    18  _printf_hex_int_ll_ptr.o(.text)
    __printf                                 0x0800f561   Thumb Code   388  __printf_flags_ss_wp.o(.text)
    __0sscanf                                0x0800f6e9   Thumb Code    52  __0sscanf.o(.text)
    _scanf_int                               0x0800f725   Thumb Code   332  _scanf_int.o(.text)
    strstr                                   0x0800f871   Thumb Code    36  strstr.o(.text)
    strlen                                   0x0800f895   Thumb Code    62  strlen.o(.text)
    __use_two_region_memory                  0x0800f8d3   Thumb Code     2  heapauxi.o(.text)
    __rt_heap_escrow$2region                 0x0800f8d5   Thumb Code     2  heapauxi.o(.text)
    __rt_heap_expand$2region                 0x0800f8d7   Thumb Code     2  heapauxi.o(.text)
    __I$use$semihosting                      0x0800f8d9   Thumb Code     0  use_no_semi.o(.text)
    __use_no_semihosting_swi                 0x0800f8d9   Thumb Code     2  use_no_semi.o(.text)
    _printf_truncate_signed                  0x0800f8db   Thumb Code    18  _printf_truncate.o(.text)
    _printf_truncate_unsigned                0x0800f8ed   Thumb Code    18  _printf_truncate.o(.text)
    _printf_int_common                       0x0800f8ff   Thumb Code   178  _printf_intcommon.o(.text)
    _printf_charcount                        0x0800f9b1   Thumb Code    40  _printf_charcount.o(.text)
    _printf_char_common                      0x0800f9e3   Thumb Code    32  _printf_char_common.o(.text)
    _sputc                                   0x0800fa09   Thumb Code    10  _sputc.o(.text)
    _printf_cs_common                        0x0800fa13   Thumb Code    20  _printf_char.o(.text)
    _printf_char                             0x0800fa27   Thumb Code    16  _printf_char.o(.text)
    _printf_string                           0x0800fa37   Thumb Code     8  _printf_char.o(.text)
    _printf_char_file                        0x0800fa41   Thumb Code    32  _printf_char_file.o(.text)
    _printf_wctomb                           0x0800fa65   Thumb Code   182  _printf_wctomb.o(.text)
    _printf_longlong_dec                     0x0800fb21   Thumb Code   108  _printf_longlong_dec.o(.text)
    _printf_longlong_oct                     0x0800fb9d   Thumb Code    66  _printf_oct_int_ll.o(.text)
    _printf_int_oct                          0x0800fbdf   Thumb Code    24  _printf_oct_int_ll.o(.text)
    _printf_ll_oct                           0x0800fbf7   Thumb Code    12  _printf_oct_int_ll.o(.text)
    _chval                                   0x0800fc0d   Thumb Code    28  _chval.o(.text)
    __vfscanf_char                           0x0800fc35   Thumb Code    24  scanf_char.o(.text)
    _sgetc                                   0x0800fc55   Thumb Code    30  _sgetc.o(.text)
    _sbackspace                              0x0800fc73   Thumb Code    34  _sgetc.o(.text)
    _ll_udiv10                               0x0800fc95   Thumb Code   138  lludiv10.o(.text)
    isspace                                  0x0800fd1f   Thumb Code    18  isspace.o(.text)
    __lib_sel_fp_printf                      0x0800fd31   Thumb Code     2  _printf_fp_dec.o(.text)
    _printf_fp_dec_real                      0x0800fee3   Thumb Code   620  _printf_fp_dec.o(.text)
    _printf_lcs_common                       0x0801014f   Thumb Code    20  _printf_wchar.o(.text)
    _printf_wchar                            0x08010163   Thumb Code    16  _printf_wchar.o(.text)
    _printf_wstring                          0x08010173   Thumb Code     8  _printf_wchar.o(.text)
    __vfscanf                                0x0801017d   Thumb Code   878  _scanf.o(.text)
    ferror                                   0x080104f1   Thumb Code     8  ferror.o(.text)
    _wcrtomb                                 0x080104f9   Thumb Code    64  _wcrtomb.o(.text)
    __user_setup_stackheap                   0x08010539   Thumb Code    74  sys_stackheap_outer.o(.text)
    __rt_ctype_table                         0x08010585   Thumb Code    16  rt_ctype_table.o(.text)
    __rt_locale                              0x08010595   Thumb Code     8  rt_locale_intlibspace.o(.text)
    _printf_fp_infnan                        0x0801059d   Thumb Code   112  _printf_fp_infnan.o(.text)
    _btod_etento                             0x0801061d   Thumb Code   224  bigflt0.o(.text)
    exit                                     0x08010701   Thumb Code    18  exit.o(.text)
    __user_libspace                          0x08010715   Thumb Code     8  libspace.o(.text)
    __user_perproc_libspace                  0x08010715   Thumb Code     0  libspace.o(.text)
    __user_perthread_libspace                0x08010715   Thumb Code     0  libspace.o(.text)
    strcmp                                   0x0801071d   Thumb Code   128  strcmpv7m.o(.text)
    _btod_d2e                                0x0801079d   Thumb Code    62  btod.o(CL$$btod_d2e)
    _d2e_denorm_low                          0x080107db   Thumb Code    70  btod.o(CL$$btod_d2e_denorm_low)
    _d2e_norm_op1                            0x08010821   Thumb Code    96  btod.o(CL$$btod_d2e_norm_op1)
    __btod_div_common                        0x08010881   Thumb Code   696  btod.o(CL$$btod_div_common)
    _e2e                                     0x08010bb9   Thumb Code   220  btod.o(CL$$btod_e2e)
    _btod_ediv                               0x08010c95   Thumb Code    42  btod.o(CL$$btod_ediv)
    _btod_emul                               0x08010cbf   Thumb Code    42  btod.o(CL$$btod_emul)
    __btod_mult_common                       0x08010ce9   Thumb Code   580  btod.o(CL$$btod_mult_common)
    CRC32Software                            0x08010f2d   Thumb Code    40  f_crc32.o(i.CRC32Software)
    CRC32Software_                           0x08010f59   Thumb Code    40  f_crc32.o(i.CRC32Software_)
    __ARM_fpclassify                         0x08010f85   Thumb Code    40  fpclassify.o(i.__ARM_fpclassify)
    _is_digit                                0x08010fad   Thumb Code    14  __printf_wp.o(i._is_digit)
    _get_lc_numeric                          0x08010fbd   Thumb Code    44  lc_numeric_c.o(locale$$code)
    _get_lc_ctype                            0x08010fe9   Thumb Code    44  lc_ctype_c.o(locale$$code)
    __aeabi_d2uiz                            0x08011015   Thumb Code     0  dfixu.o(x$fpl$dfixu)
    _dfixu                                   0x08011015   Thumb Code    90  dfixu.o(x$fpl$dfixu)
    __aeabi_ui2d                             0x0801106f   Thumb Code     0  dflt_clz.o(x$fpl$dfltu)
    _dfltu                                   0x0801106f   Thumb Code    38  dflt_clz.o(x$fpl$dfltu)
    __aeabi_dmul                             0x08011095   Thumb Code     0  dmul.o(x$fpl$dmul)
    _dmul                                    0x08011095   Thumb Code   332  dmul.o(x$fpl$dmul)
    __fpl_dnaninf                            0x080111e9   Thumb Code   156  dnaninf.o(x$fpl$dnaninf)
    __fpl_dretinf                            0x08011285   Thumb Code    12  dretinf.o(x$fpl$dretinf)
    _printf_fp_dec                           0x08011291   Thumb Code     4  printf1.o(x$fpl$printf1)
    __I$use$fp                               0x08011294   Number         0  usenofp.o(x$fpl$usenofp)
    asc2_1206                                0x0801129b   Data        1140  lcd.o(.constdata)
    asc2_1608                                0x0801170f   Data        1520  lcd.o(.constdata)
    asc2_2412                                0x08011cff   Data        3420  lcd.o(.constdata)
    table_week                               0x08012a5b   Data          12  rtc.o(.constdata)
    mon_table                                0x08012a67   Data          12  rtc.o(.constdata)
    memtblsize                               0x08012a74   Data           8  malloc.o(.constdata)
    memblksize                               0x08012a7c   Data           8  malloc.o(.constdata)
    memsize                                  0x08012a84   Data           8  malloc.o(.constdata)
    Crc32Table                               0x08012a8c   Data        1024  f_crc32.o(.constdata)
    Region$$Table$$Base                      0x08013084   Number         0  anon$$obj.o(Region$$Table)
    Region$$Table$$Limit                     0x080130a4   Number         0  anon$$obj.o(Region$$Table)
    __ctype                                  0x080130cd   Data           0  lc_ctype_c.o(locale$$data)
    SystemCoreClock                          0x20000000   Data           4  system_stm32f10x.o(.data)
    AHBPrescTable                            0x20000004   Data          16  system_stm32f10x.o(.data)
    Crc_file                                 0x20000014   Data           4  upgrade_1.o(.data)
    Upgrade_Flag                             0x20000018   Data           1  upgrade_1.o(.data)
    wifista_ssid                             0x2000001c   Data           4  wifista.o(.data)
    wifista_encryption                       0x20000020   Data           4  wifista.o(.data)
    wifista_password                         0x20000024   Data           4  wifista.o(.data)
    ATK_ESP8266_ECN_TBL                      0x20000028   Data          20  wifista.o(.data)
    POINT_COLOR                              0x2000003c   Data           2  lcd.o(.data)
    BACK_COLOR                               0x2000003e   Data           2  lcd.o(.data)
    up_flag                                  0x20000042   Data           1  timer.o(.data)
    USART3_RX_STA                            0x20000046   Data           2  usart3.o(.data)
    W25QXX_TYPE                              0x20000048   Data           2  w25qxx.o(.data)
    __stdout                                 0x20000050   Data           4  usart.o(.data)
    USART_RX_STA                             0x20000054   Data           2  usart.o(.data)
    mallco_dev                               0x20000058   Data          28  malloc.o(.data)
    sys_cmd_tab                              0x20000088   Data          28  usmart.o(.data)
    usmart_nametab                           0x200000a4   Data          40  usmart_config.o(.data)
    usmart_dev                               0x200000cc   Data         244  usmart_config.o(.data)
    lcddev                                   0x200001c0   Data          14  lcd.o(.bss)
    calendar                                 0x200001ce   Data          10  rtc.o(.bss)
    USART3_RX_BUF                            0x200001d8   Data        5200  usart3.o(.bss)
    USART3_RX_BUF1                           0x20001628   Data        5200  usart3.o(.bss)
    USART3_TX_BUF                            0x20002a78   Data         600  usart3.o(.bss)
    W25QXX_BUFFER                            0x20002cd0   Data        4096  w25qxx.o(.bss)
    USART_RX_BUF                             0x20003cd0   Data         200  usart.o(.bss)
    mem1base                                 0x20003da0   Data       15360  malloc.o(.bss)
    mem1mapbase                              0x200079a0   Data         960  malloc.o(.bss)
    __libspace_start                         0x20007d60   Data          96  libspace.o(.bss)
    __temporary_stack_top$libspace           0x20007dc0   Data           0  libspace.o(.bss)
    mem2base                                 0x68000000   Data          32  malloc.o(.ARM.__AT_0x68000000)
    mem2mapbase                              0x68000020   Data           2  malloc.o(.ARM.__AT_0x68000020)



==============================================================================

Memory Map of the image

  Image Entry point : 0x08005131

  Load Region LR_IROM1 (Base: 0x08005000, Size: 0x0000e390, Max: 0x0006b000, ABSOLUTE, COMPRESSED[0x0000e268])

    Execution Region ER_IROM1 (Exec base: 0x08005000, Load base: 0x08005000, Size: 0x0000e1d0, Max: 0x0006b000, ABSOLUTE)

    Exec Addr    Load Addr    Size         Type   Attr      Idx    E Section Name        Object

    0x08005000   0x08005000   0x00000130   Data   RO          532    RESET               startup_stm32f10x_hd.o
    0x08005130   0x08005130   0x00000008   Code   RO          812  * !!!main             c_w.l(__main.o)
    0x08005138   0x08005138   0x00000034   Code   RO         1101    !!!scatter          c_w.l(__scatter.o)
    0x0800516c   0x0800516c   0x0000005a   Code   RO         1099    !!dczerorl2         c_w.l(__dczerorl2.o)
    0x080051c6   0x080051c6   0x00000002   PAD
    0x080051c8   0x080051c8   0x0000001c   Code   RO         1103    !!handler_zi        c_w.l(__scatter_zi.o)
    0x080051e4   0x080051e4   0x00000000   Code   RO          801    .ARM.Collect$$_printf_percent$$00000000  c_w.l(_printf_percent.o)
    0x080051e4   0x080051e4   0x00000006   Code   RO          854    .ARM.Collect$$_printf_percent$$00000001  c_w.l(_printf_n.o)
    0x080051ea   0x080051ea   0x00000006   Code   RO          855    .ARM.Collect$$_printf_percent$$00000002  c_w.l(_printf_p.o)
    0x080051f0   0x080051f0   0x00000006   Code   RO          858    .ARM.Collect$$_printf_percent$$00000003  c_w.l(_printf_f.o)
    0x080051f6   0x080051f6   0x00000006   Code   RO          859    .ARM.Collect$$_printf_percent$$00000004  c_w.l(_printf_e.o)
    0x080051fc   0x080051fc   0x00000006   Code   RO          860    .ARM.Collect$$_printf_percent$$00000005  c_w.l(_printf_g.o)
    0x08005202   0x08005202   0x00000006   Code   RO          861    .ARM.Collect$$_printf_percent$$00000006  c_w.l(_printf_a.o)
    0x08005208   0x08005208   0x0000000a   Code   RO          866    .ARM.Collect$$_printf_percent$$00000007  c_w.l(_printf_ll.o)
    0x08005212   0x08005212   0x00000006   Code   RO          857    .ARM.Collect$$_printf_percent$$00000008  c_w.l(_printf_i.o)
    0x08005218   0x08005218   0x00000006   Code   RO          799    .ARM.Collect$$_printf_percent$$00000009  c_w.l(_printf_d.o)
    0x0800521e   0x0800521e   0x00000006   Code   RO          800    .ARM.Collect$$_printf_percent$$0000000A  c_w.l(_printf_u.o)
    0x08005224   0x08005224   0x00000006   Code   RO          856    .ARM.Collect$$_printf_percent$$0000000B  c_w.l(_printf_o.o)
    0x0800522a   0x0800522a   0x00000006   Code   RO          798    .ARM.Collect$$_printf_percent$$0000000C  c_w.l(_printf_x.o)
    0x08005230   0x08005230   0x00000006   Code   RO          863    .ARM.Collect$$_printf_percent$$0000000D  c_w.l(_printf_lli.o)
    0x08005236   0x08005236   0x00000006   Code   RO          864    .ARM.Collect$$_printf_percent$$0000000E  c_w.l(_printf_lld.o)
    0x0800523c   0x0800523c   0x00000006   Code   RO          865    .ARM.Collect$$_printf_percent$$0000000F  c_w.l(_printf_llu.o)
    0x08005242   0x08005242   0x00000006   Code   RO          870    .ARM.Collect$$_printf_percent$$00000010  c_w.l(_printf_llo.o)
    0x08005248   0x08005248   0x00000006   Code   RO          871    .ARM.Collect$$_printf_percent$$00000011  c_w.l(_printf_llx.o)
    0x0800524e   0x0800524e   0x0000000a   Code   RO          867    .ARM.Collect$$_printf_percent$$00000012  c_w.l(_printf_l.o)
    0x08005258   0x08005258   0x00000006   Code   RO          796    .ARM.Collect$$_printf_percent$$00000013  c_w.l(_printf_c.o)
    0x0800525e   0x0800525e   0x00000006   Code   RO          797    .ARM.Collect$$_printf_percent$$00000014  c_w.l(_printf_s.o)
    0x08005264   0x08005264   0x00000006   Code   RO          868    .ARM.Collect$$_printf_percent$$00000015  c_w.l(_printf_lc.o)
    0x0800526a   0x0800526a   0x00000006   Code   RO          869    .ARM.Collect$$_printf_percent$$00000016  c_w.l(_printf_ls.o)
    0x08005270   0x08005270   0x00000004   Code   RO          862    .ARM.Collect$$_printf_percent$$00000017  c_w.l(_printf_percent_end.o)
    0x08005274   0x08005274   0x00000002   Code   RO          964    .ARM.Collect$$libinit$$00000000  c_w.l(libinit.o)
    0x08005276   0x08005276   0x00000000   Code   RO          980    .ARM.Collect$$libinit$$00000002  c_w.l(libinit2.o)
    0x08005276   0x08005276   0x00000000   Code   RO          982    .ARM.Collect$$libinit$$00000004  c_w.l(libinit2.o)
    0x08005276   0x08005276   0x00000000   Code   RO          985    .ARM.Collect$$libinit$$0000000A  c_w.l(libinit2.o)
    0x08005276   0x08005276   0x00000000   Code   RO          987    .ARM.Collect$$libinit$$0000000C  c_w.l(libinit2.o)
    0x08005276   0x08005276   0x00000000   Code   RO          989    .ARM.Collect$$libinit$$0000000E  c_w.l(libinit2.o)
    0x08005276   0x08005276   0x00000006   Code   RO          990    .ARM.Collect$$libinit$$0000000F  c_w.l(libinit2.o)
    0x0800527c   0x0800527c   0x00000000   Code   RO          992    .ARM.Collect$$libinit$$00000011  c_w.l(libinit2.o)
    0x0800527c   0x0800527c   0x0000000c   Code   RO          993    .ARM.Collect$$libinit$$00000012  c_w.l(libinit2.o)
    0x08005288   0x08005288   0x00000000   Code   RO          994    .ARM.Collect$$libinit$$00000013  c_w.l(libinit2.o)
    0x08005288   0x08005288   0x00000000   Code   RO          996    .ARM.Collect$$libinit$$00000015  c_w.l(libinit2.o)
    0x08005288   0x08005288   0x0000000a   Code   RO          997    .ARM.Collect$$libinit$$00000016  c_w.l(libinit2.o)
    0x08005292   0x08005292   0x00000000   Code   RO          998    .ARM.Collect$$libinit$$00000017  c_w.l(libinit2.o)
    0x08005292   0x08005292   0x00000000   Code   RO         1000    .ARM.Collect$$libinit$$00000019  c_w.l(libinit2.o)
    0x08005292   0x08005292   0x00000000   Code   RO         1002    .ARM.Collect$$libinit$$0000001B  c_w.l(libinit2.o)
    0x08005292   0x08005292   0x00000000   Code   RO         1004    .ARM.Collect$$libinit$$0000001D  c_w.l(libinit2.o)
    0x08005292   0x08005292   0x00000000   Code   RO         1006    .ARM.Collect$$libinit$$0000001F  c_w.l(libinit2.o)
    0x08005292   0x08005292   0x00000000   Code   RO         1008    .ARM.Collect$$libinit$$00000021  c_w.l(libinit2.o)
    0x08005292   0x08005292   0x00000000   Code   RO         1010    .ARM.Collect$$libinit$$00000023  c_w.l(libinit2.o)
    0x08005292   0x08005292   0x00000000   Code   RO         1012    .ARM.Collect$$libinit$$00000025  c_w.l(libinit2.o)
    0x08005292   0x08005292   0x00000000   Code   RO         1016    .ARM.Collect$$libinit$$0000002C  c_w.l(libinit2.o)
    0x08005292   0x08005292   0x00000000   Code   RO         1018    .ARM.Collect$$libinit$$0000002E  c_w.l(libinit2.o)
    0x08005292   0x08005292   0x00000000   Code   RO         1020    .ARM.Collect$$libinit$$00000030  c_w.l(libinit2.o)
    0x08005292   0x08005292   0x00000000   Code   RO         1022    .ARM.Collect$$libinit$$00000032  c_w.l(libinit2.o)
    0x08005292   0x08005292   0x00000002   Code   RO         1023    .ARM.Collect$$libinit$$00000033  c_w.l(libinit2.o)
    0x08005294   0x08005294   0x00000002   Code   RO         1041    .ARM.Collect$$libshutdown$$00000000  c_w.l(libshutdown.o)
    0x08005296   0x08005296   0x00000000   Code   RO         1051    .ARM.Collect$$libshutdown$$00000002  c_w.l(libshutdown2.o)
    0x08005296   0x08005296   0x00000000   Code   RO         1053    .ARM.Collect$$libshutdown$$00000004  c_w.l(libshutdown2.o)
    0x08005296   0x08005296   0x00000000   Code   RO         1056    .ARM.Collect$$libshutdown$$00000007  c_w.l(libshutdown2.o)
    0x08005296   0x08005296   0x00000000   Code   RO         1059    .ARM.Collect$$libshutdown$$0000000A  c_w.l(libshutdown2.o)
    0x08005296   0x08005296   0x00000000   Code   RO         1061    .ARM.Collect$$libshutdown$$0000000C  c_w.l(libshutdown2.o)
    0x08005296   0x08005296   0x00000000   Code   RO         1064    .ARM.Collect$$libshutdown$$0000000F  c_w.l(libshutdown2.o)
    0x08005296   0x08005296   0x00000002   Code   RO         1065    .ARM.Collect$$libshutdown$$00000010  c_w.l(libshutdown2.o)
    0x08005298   0x08005298   0x00000000   Code   RO          828    .ARM.Collect$$rtentry$$00000000  c_w.l(__rtentry.o)
    0x08005298   0x08005298   0x00000000   Code   RO          886    .ARM.Collect$$rtentry$$00000002  c_w.l(__rtentry2.o)
    0x08005298   0x08005298   0x00000006   Code   RO          898    .ARM.Collect$$rtentry$$00000004  c_w.l(__rtentry4.o)
    0x0800529e   0x0800529e   0x00000000   Code   RO          888    .ARM.Collect$$rtentry$$00000009  c_w.l(__rtentry2.o)
    0x0800529e   0x0800529e   0x00000004   Code   RO          889    .ARM.Collect$$rtentry$$0000000A  c_w.l(__rtentry2.o)
    0x080052a2   0x080052a2   0x00000000   Code   RO          891    .ARM.Collect$$rtentry$$0000000C  c_w.l(__rtentry2.o)
    0x080052a2   0x080052a2   0x00000008   Code   RO          892    .ARM.Collect$$rtentry$$0000000D  c_w.l(__rtentry2.o)
    0x080052aa   0x080052aa   0x00000002   Code   RO          972    .ARM.Collect$$rtexit$$00000000  c_w.l(rtexit.o)
    0x080052ac   0x080052ac   0x00000000   Code   RO         1025    .ARM.Collect$$rtexit$$00000002  c_w.l(rtexit2.o)
    0x080052ac   0x080052ac   0x00000004   Code   RO         1026    .ARM.Collect$$rtexit$$00000003  c_w.l(rtexit2.o)
    0x080052b0   0x080052b0   0x00000006   Code   RO         1027    .ARM.Collect$$rtexit$$00000004  c_w.l(rtexit2.o)
    0x080052b6   0x080052b6   0x00000002   PAD
    0x080052b8   0x080052b8   0x0000031c   Code   RO            1    .text               main.o
    0x080055d4   0x080055d4   0x0000001a   Code   RO          169    .text               stm32f10x_it.o
    0x080055ee   0x080055ee   0x00000002   PAD
    0x080055f0   0x080055f0   0x000001e0   Code   RO          210    .text               system_stm32f10x.o
    0x080057d0   0x080057d0   0x000005dc   Code   RO          228    .text               upgrade_1.o
    0x08005dac   0x08005dac   0x00000350   Code   RO          267    .text               wifista.o
    0x080060fc   0x080060fc   0x0000004c   Code   RO          286    .text               led.o
    0x08006148   0x08006148   0x00004a56   Code   RO          311    .text               lcd.o
    0x0800ab9e   0x0800ab9e   0x00000002   PAD
    0x0800aba0   0x0800aba0   0x0000038c   Code   RO          334    .text               rtc.o
    0x0800af2c   0x0800af2c   0x0000006e   Code   RO          354    .text               crc32.o
    0x0800af9a   0x0800af9a   0x00000002   PAD
    0x0800af9c   0x0800af9c   0x00000108   Code   RO          366    .text               spi.o
    0x0800b0a4   0x0800b0a4   0x0000017c   Code   RO          381    .text               timer.o
    0x0800b220   0x0800b220   0x000001b4   Code   RO          399    .text               usart3.o
    0x0800b3d4   0x0800b3d4   0x00000368   Code   RO          425    .text               w25qxx.o
    0x0800b73c   0x0800b73c   0x000000d4   Code   RO          444    .text               delay.o
    0x0800b810   0x0800b810   0x00000140   Code   RO          475    .text               usart.o
    0x0800b950   0x0800b950   0x00000268   Code   RO          498    .text               malloc.o
    0x0800bbb8   0x0800bbb8   0x00000040   Code   RO          533    .text               startup_stm32f10x_hd.o
    0x0800bbf8   0x0800bbf8   0x000000dc   Code   RO          537    .text               misc.o
    0x0800bcd4   0x0800bcd4   0x000000c4   Code   RO          549    .text               stm32f10x_bkp.o
    0x0800bd98   0x0800bd98   0x0000060c   Code   RO          561    .text               stm32f10x_fsmc.o
    0x0800c3a4   0x0800c3a4   0x0000035c   Code   RO          573    .text               stm32f10x_gpio.o
    0x0800c700   0x0800c700   0x000000cc   Code   RO          585    .text               stm32f10x_pwr.o
    0x0800c7cc   0x0800c7cc   0x000003a4   Code   RO          597    .text               stm32f10x_rcc.o
    0x0800cb70   0x0800cb70   0x00000408   Code   RO          611    .text               stm32f10x_usart.o
    0x0800cf78   0x0800cf78   0x00000148   Code   RO          623    .text               stm32f10x_rtc.o
    0x0800d0c0   0x0800d0c0   0x00000e1a   Code   RO          635    .text               stm32f10x_tim.o
    0x0800deda   0x0800deda   0x00000002   PAD
    0x0800dedc   0x0800dedc   0x0000030c   Code   RO          647    .text               stm32f10x_spi.o
    0x0800e1e8   0x0800e1e8   0x00000c38   Code   RO          659    .text               usmart.o
    0x0800ee20   0x0800ee20   0x00000528   Code   RO          688    .text               usmart_str.o
    0x0800f348   0x0800f348   0x00000002   Code   RO          735    .text               c_w.l(use_no_semi_2.o)
    0x0800f34a   0x0800f34a   0x00000002   PAD
    0x0800f34c   0x0800f34c   0x00000024   Code   RO          737    .text               c_w.l(c89vsprintf.o)
    0x0800f370   0x0800f370   0x00000018   Code   RO          739    .text               c_w.l(__2printf.o)
    0x0800f388   0x0800f388   0x0000002c   Code   RO          741    .text               c_w.l(__2sprintf.o)
    0x0800f3b4   0x0800f3b4   0x0000004e   Code   RO          749    .text               c_w.l(_printf_pad.o)
    0x0800f402   0x0800f402   0x00000052   Code   RO          751    .text               c_w.l(_printf_str.o)
    0x0800f454   0x0800f454   0x00000078   Code   RO          753    .text               c_w.l(_printf_dec.o)
    0x0800f4cc   0x0800f4cc   0x00000094   Code   RO          773    .text               c_w.l(_printf_hex_int_ll_ptr.o)
    0x0800f560   0x0800f560   0x00000188   Code   RO          793    .text               c_w.l(__printf_flags_ss_wp.o)
    0x0800f6e8   0x0800f6e8   0x0000003c   Code   RO          802    .text               c_w.l(__0sscanf.o)
    0x0800f724   0x0800f724   0x0000014c   Code   RO          804    .text               c_w.l(_scanf_int.o)
    0x0800f870   0x0800f870   0x00000024   Code   RO          806    .text               c_w.l(strstr.o)
    0x0800f894   0x0800f894   0x0000003e   Code   RO          808    .text               c_w.l(strlen.o)
    0x0800f8d2   0x0800f8d2   0x00000006   Code   RO          810    .text               c_w.l(heapauxi.o)
    0x0800f8d8   0x0800f8d8   0x00000002   Code   RO          826    .text               c_w.l(use_no_semi.o)
    0x0800f8da   0x0800f8da   0x00000024   Code   RO          829    .text               c_w.l(_printf_truncate.o)
    0x0800f8fe   0x0800f8fe   0x000000b2   Code   RO          831    .text               c_w.l(_printf_intcommon.o)
    0x0800f9b0   0x0800f9b0   0x00000028   Code   RO          833    .text               c_w.l(_printf_charcount.o)
    0x0800f9d8   0x0800f9d8   0x00000030   Code   RO          835    .text               c_w.l(_printf_char_common.o)
    0x0800fa08   0x0800fa08   0x0000000a   Code   RO          837    .text               c_w.l(_sputc.o)
    0x0800fa12   0x0800fa12   0x0000002c   Code   RO          839    .text               c_w.l(_printf_char.o)
    0x0800fa3e   0x0800fa3e   0x00000002   PAD
    0x0800fa40   0x0800fa40   0x00000024   Code   RO          841    .text               c_w.l(_printf_char_file.o)
    0x0800fa64   0x0800fa64   0x000000bc   Code   RO          843    .text               c_w.l(_printf_wctomb.o)
    0x0800fb20   0x0800fb20   0x0000007c   Code   RO          846    .text               c_w.l(_printf_longlong_dec.o)
    0x0800fb9c   0x0800fb9c   0x00000070   Code   RO          852    .text               c_w.l(_printf_oct_int_ll.o)
    0x0800fc0c   0x0800fc0c   0x0000001c   Code   RO          872    .text               c_w.l(_chval.o)
    0x0800fc28   0x0800fc28   0x0000002c   Code   RO          874    .text               c_w.l(scanf_char.o)
    0x0800fc54   0x0800fc54   0x00000040   Code   RO          876    .text               c_w.l(_sgetc.o)
    0x0800fc94   0x0800fc94   0x0000008a   Code   RO          900    .text               c_w.l(lludiv10.o)
    0x0800fd1e   0x0800fd1e   0x00000012   Code   RO          902    .text               c_w.l(isspace.o)
    0x0800fd30   0x0800fd30   0x0000041e   Code   RO          904    .text               c_w.l(_printf_fp_dec.o)
    0x0801014e   0x0801014e   0x0000002c   Code   RO          908    .text               c_w.l(_printf_wchar.o)
    0x0801017a   0x0801017a   0x00000002   PAD
    0x0801017c   0x0801017c   0x00000374   Code   RO          910    .text               c_w.l(_scanf.o)
    0x080104f0   0x080104f0   0x00000008   Code   RO          912    .text               c_w.l(ferror.o)
    0x080104f8   0x080104f8   0x00000040   Code   RO          916    .text               c_w.l(_wcrtomb.o)
    0x08010538   0x08010538   0x0000004a   Code   RO          918    .text               c_w.l(sys_stackheap_outer.o)
    0x08010582   0x08010582   0x00000002   PAD
    0x08010584   0x08010584   0x00000010   Code   RO          920    .text               c_w.l(rt_ctype_table.o)
    0x08010594   0x08010594   0x00000008   Code   RO          925    .text               c_w.l(rt_locale_intlibspace.o)
    0x0801059c   0x0801059c   0x00000080   Code   RO          927    .text               c_w.l(_printf_fp_infnan.o)
    0x0801061c   0x0801061c   0x000000e4   Code   RO          929    .text               c_w.l(bigflt0.o)
    0x08010700   0x08010700   0x00000012   Code   RO          957    .text               c_w.l(exit.o)
    0x08010712   0x08010712   0x00000002   PAD
    0x08010714   0x08010714   0x00000008   Code   RO          969    .text               c_w.l(libspace.o)
    0x0801071c   0x0801071c   0x00000080   Code   RO          977    .text               c_w.l(strcmpv7m.o)
    0x0801079c   0x0801079c   0x0000003e   Code   RO          932    CL$$btod_d2e        c_w.l(btod.o)
    0x080107da   0x080107da   0x00000046   Code   RO          934    CL$$btod_d2e_denorm_low  c_w.l(btod.o)
    0x08010820   0x08010820   0x00000060   Code   RO          933    CL$$btod_d2e_norm_op1  c_w.l(btod.o)
    0x08010880   0x08010880   0x00000338   Code   RO          942    CL$$btod_div_common  c_w.l(btod.o)
    0x08010bb8   0x08010bb8   0x000000dc   Code   RO          939    CL$$btod_e2e        c_w.l(btod.o)
    0x08010c94   0x08010c94   0x0000002a   Code   RO          936    CL$$btod_ediv       c_w.l(btod.o)
    0x08010cbe   0x08010cbe   0x0000002a   Code   RO          935    CL$$btod_emul       c_w.l(btod.o)
    0x08010ce8   0x08010ce8   0x00000244   Code   RO          941    CL$$btod_mult_common  c_w.l(btod.o)
    0x08010f2c   0x08010f2c   0x0000002c   Code   RO          700    i.CRC32Software     F_CRC_Lib.lib(f_crc32.o)
    0x08010f58   0x08010f58   0x0000002c   Code   RO          702    i.CRC32Software_    F_CRC_Lib.lib(f_crc32.o)
    0x08010f84   0x08010f84   0x00000028   Code   RO          967    i.__ARM_fpclassify  m_ws.l(fpclassify.o)
    0x08010fac   0x08010fac   0x0000000e   Code   RO          786    i._is_digit         c_w.l(__printf_wp.o)
    0x08010fba   0x08010fba   0x00000002   PAD
    0x08010fbc   0x08010fbc   0x0000002c   Code   RO          955    locale$$code        c_w.l(lc_numeric_c.o)
    0x08010fe8   0x08010fe8   0x0000002c   Code   RO          975    locale$$code        c_w.l(lc_ctype_c.o)
    0x08011014   0x08011014   0x0000005a   Code   RO          814    x$fpl$dfixu         fz_ws.l(dfixu.o)
    0x0801106e   0x0801106e   0x00000026   Code   RO          818    x$fpl$dfltu         fz_ws.l(dflt_clz.o)
    0x08011094   0x08011094   0x00000154   Code   RO          824    x$fpl$dmul          fz_ws.l(dmul.o)
    0x080111e8   0x080111e8   0x0000009c   Code   RO          878    x$fpl$dnaninf       fz_ws.l(dnaninf.o)
    0x08011284   0x08011284   0x0000000c   Code   RO          880    x$fpl$dretinf       fz_ws.l(dretinf.o)
    0x08011290   0x08011290   0x00000004   Code   RO          882    x$fpl$printf1       fz_ws.l(printf1.o)
    0x08011294   0x08011294   0x00000000   Code   RO          884    x$fpl$usenofp       fz_ws.l(usenofp.o)
    0x08011294   0x08011294   0x00000007   Data   RO          229    .constdata          upgrade_1.o
    0x0801129b   0x0801129b   0x000017c0   Data   RO          313    .constdata          lcd.o
    0x08012a5b   0x08012a5b   0x00000018   Data   RO          336    .constdata          rtc.o
    0x08012a73   0x08012a73   0x00000001   PAD
    0x08012a74   0x08012a74   0x00000018   Data   RO          502    .constdata          malloc.o
    0x08012a8c   0x08012a8c   0x00000400   Data   RO          703    .constdata          F_CRC_Lib.lib(f_crc32.o)
    0x08012e8c   0x08012e8c   0x00000028   Data   RO          774    .constdata          c_w.l(_printf_hex_int_ll_ptr.o)
    0x08012eb4   0x08012eb4   0x00000011   Data   RO          794    .constdata          c_w.l(__printf_flags_ss_wp.o)
    0x08012ec5   0x08012ec5   0x00000003   PAD
    0x08012ec8   0x08012ec8   0x00000008   Data   RO          844    .constdata          c_w.l(_printf_wctomb.o)
    0x08012ed0   0x08012ed0   0x00000094   Data   RO          930    .constdata          c_w.l(bigflt0.o)
    0x08012f64   0x08012f64   0x0000004d   Data   RO          268    .conststring        wifista.o
    0x08012fb1   0x08012fb1   0x00000003   PAD
    0x08012fb4   0x08012fb4   0x00000028   Data   RO          660    .conststring        usmart.o
    0x08012fdc   0x08012fdc   0x000000a7   Data   RO          675    .conststring        usmart_config.o
    0x08013083   0x08013083   0x00000001   PAD
    0x08013084   0x08013084   0x00000020   Data   RO         1097    Region$$Table       anon$$obj.o
    0x080130a4   0x080130a4   0x0000001c   Data   RO          954    locale$$data        c_w.l(lc_numeric_c.o)
    0x080130c0   0x080130c0   0x00000110   Data   RO          974    locale$$data        c_w.l(lc_ctype_c.o)


    Execution Region RW_IRAM1 (Exec base: 0x20000000, Load base: 0x080131d0, Size: 0x000083c0, Max: 0x00010000, ABSOLUTE, COMPRESSED[0x00000098])

    Exec Addr    Load Addr    Size         Type   Attr      Idx    E Section Name        Object

    0x20000000   COMPRESSED   0x00000014   Data   RW          211    .data               system_stm32f10x.o
    0x20000014   COMPRESSED   0x00000005   Data   RW          230    .data               upgrade_1.o
    0x20000019   COMPRESSED   0x00000003   PAD
    0x2000001c   COMPRESSED   0x00000020   Data   RW          269    .data               wifista.o
    0x2000003c   COMPRESSED   0x00000004   Data   RW          314    .data               lcd.o
    0x20000040   COMPRESSED   0x00000002   Data   RW          337    .data               rtc.o
    0x20000042   COMPRESSED   0x00000004   Data   RW          382    .data               timer.o
    0x20000046   COMPRESSED   0x00000002   Data   RW          401    .data               usart3.o
    0x20000048   COMPRESSED   0x00000002   Data   RW          427    .data               w25qxx.o
    0x2000004a   COMPRESSED   0x00000004   Data   RW          445    .data               delay.o
    0x2000004e   COMPRESSED   0x00000002   PAD
    0x20000050   COMPRESSED   0x00000006   Data   RW          477    .data               usart.o
    0x20000056   COMPRESSED   0x00000002   PAD
    0x20000058   COMPRESSED   0x0000001c   Data   RW          503    .data               malloc.o
    0x20000074   COMPRESSED   0x00000014   Data   RW          598    .data               stm32f10x_rcc.o
    0x20000088   COMPRESSED   0x0000001c   Data   RW          661    .data               usmart.o
    0x200000a4   COMPRESSED   0x0000011c   Data   RW          676    .data               usmart_config.o
    0x200001c0        -       0x0000000e   Zero   RW          312    .bss                lcd.o
    0x200001ce        -       0x0000000a   Zero   RW          335    .bss                rtc.o
    0x200001d8        -       0x00002af8   Zero   RW          400    .bss                usart3.o
    0x20002cd0        -       0x00001000   Zero   RW          426    .bss                w25qxx.o
    0x20003cd0        -       0x000000c8   Zero   RW          476    .bss                usart.o
    0x20003d98   COMPRESSED   0x00000008   PAD
    0x20003da0        -       0x00003fc0   Zero   RW          501    .bss                malloc.o
    0x20007d60        -       0x00000060   Zero   RW          970    .bss                c_w.l(libspace.o)
    0x20007dc0        -       0x00000200   Zero   RW          531    HEAP                startup_stm32f10x_hd.o
    0x20007fc0        -       0x00000400   Zero   RW          530    STACK               startup_stm32f10x_hd.o



  Load Region LR$$.ARM.__AT_0x68000000 (Base: 0x68000000, Size: 0x00000000, Max: 0x00000020, ABSOLUTE)

    Execution Region ER$$.ARM.__AT_0x68000000 (Exec base: 0x68000000, Load base: 0x68000000, Size: 0x00000020, Max: 0x00000020, ABSOLUTE, UNINIT)

    Exec Addr    Load Addr    Size         Type   Attr      Idx    E Section Name        Object

    0x68000000        -       0x00000020   Zero   RW          499    .ARM.__AT_0x68000000  malloc.o



  Load Region LR$$.ARM.__AT_0x68000020 (Base: 0x68000020, Size: 0x00000000, Max: 0x00000004, ABSOLUTE)

    Execution Region ER$$.ARM.__AT_0x68000020 (Exec base: 0x68000020, Load base: 0x68000020, Size: 0x00000004, Max: 0x00000004, ABSOLUTE, UNINIT)

    Exec Addr    Load Addr    Size         Type   Attr      Idx    E Section Name        Object

    0x68000020        -       0x00000002   Zero   RW          500    .ARM.__AT_0x68000020  malloc.o


==============================================================================

Image component sizes


      Code (inc. data)   RO Data    RW Data    ZI Data      Debug   Object Name

       110          0          0          0          0       1343   crc32.o
       212         18          0          4          0       1035   delay.o
     19030        162       6080          4         14      22310   lcd.o
        76          8          0          0          0        495   led.o
       796        222          0          0          0     268251   main.o
       616         18         24         28      16354       5130   malloc.o
       220         22          0          0          0       1793   misc.o
       908         30         24          2         10       3712   rtc.o
       264         10          0          0          0       1117   spi.o
        64         26        304          0       1536        796   startup_stm32f10x_hd.o
       196          8          0          0          0       3492   stm32f10x_bkp.o
      1548         18          0          0          0       5371   stm32f10x_fsmc.o
       860         38          0          0          0       5725   stm32f10x_gpio.o
        26          0          0          0          0       1178   stm32f10x_it.o
       204         14          0          0          0       1951   stm32f10x_pwr.o
       932         36          0         20          0       8900   stm32f10x_rcc.o
       328          4          0          0          0       2722   stm32f10x_rtc.o
       780         14          0          0          0       6606   stm32f10x_spi.o
      3610         88          0          0          0      22832   stm32f10x_tim.o
      1032         22          0          0          0       8452   stm32f10x_usart.o
         0          0          0          0          0         32   sys.o
       480         38          0         20          0       1731   system_stm32f10x.o
       380         28          0          4          0       1592   timer.o
      1500        388          7          5          0      18975   upgrade_1.o
       320         16          0          6        200       3162   usart.o
       436         26          0          2      11000       3010   usart3.o
      3128       1288         40         28          0       4362   usmart.o
         0          0        167        284          0       1616   usmart_config.o
      1320         12          0          0          0       5221   usmart_str.o
       872         30          0          2       4096       4465   w25qxx.o
       848        194         77         32          0       3483   wifista.o

    ----------------------------------------------------------------------
     41104       2778       6760        448      33220     420860   Object Totals
         0          0         32          0          0          0   (incl. Generated)
         8          0          5          7         10          0   (incl. Padding)

    ----------------------------------------------------------------------

      Code (inc. data)   RO Data    RW Data    ZI Data      Debug   Library Member Name

        88          8       1024          0          0       4698   f_crc32.o
        60          8          0          0          0         84   __0sscanf.o
        24          4          0          0          0         84   __2printf.o
        44          6          0          0          0         84   __2sprintf.o
        90          0          0          0          0          0   __dczerorl2.o
         8          0          0          0          0         68   __main.o
       392          4         17          0          0         92   __printf_flags_ss_wp.o
        14          0          0          0          0         68   __printf_wp.o
         0          0          0          0          0          0   __rtentry.o
        12          0          0          0          0          0   __rtentry2.o
         6          0          0          0          0          0   __rtentry4.o
        52          8          0          0          0          0   __scatter.o
        28          0          0          0          0          0   __scatter_zi.o
        28          0          0          0          0         68   _chval.o
         6          0          0          0          0          0   _printf_a.o
         6          0          0          0          0          0   _printf_c.o
        44          0          0          0          0        108   _printf_char.o
        48          6          0          0          0         96   _printf_char_common.o
        36          4          0          0          0         80   _printf_char_file.o
        40          0          0          0          0         68   _printf_charcount.o
         6          0          0          0          0          0   _printf_d.o
       120         16          0          0          0         92   _printf_dec.o
         6          0          0          0          0          0   _printf_e.o
         6          0          0          0          0          0   _printf_f.o
      1054          0          0          0          0        216   _printf_fp_dec.o
       128         16          0          0          0         84   _printf_fp_infnan.o
         6          0          0          0          0          0   _printf_g.o
       148          4         40          0          0        160   _printf_hex_int_ll_ptr.o
         6          0          0          0          0          0   _printf_i.o
       178          0          0          0          0         88   _printf_intcommon.o
        10          0          0          0          0          0   _printf_l.o
         6          0          0          0          0          0   _printf_lc.o
        10          0          0          0          0          0   _printf_ll.o
         6          0          0          0          0          0   _printf_lld.o
         6          0          0          0          0          0   _printf_lli.o
         6          0          0          0          0          0   _printf_llo.o
         6          0          0          0          0          0   _printf_llu.o
         6          0          0          0          0          0   _printf_llx.o
       124         16          0          0          0         92   _printf_longlong_dec.o
         6          0          0          0          0          0   _printf_ls.o
         6          0          0          0          0          0   _printf_n.o
         6          0          0          0          0          0   _printf_o.o
       112         10          0          0          0        124   _printf_oct_int_ll.o
         6          0          0          0          0          0   _printf_p.o
        78          0          0          0          0        108   _printf_pad.o
         0          0          0          0          0          0   _printf_percent.o
         4          0          0          0          0          0   _printf_percent_end.o
         6          0          0          0          0          0   _printf_s.o
        82          0          0          0          0         80   _printf_str.o
        36          0          0          0          0         84   _printf_truncate.o
         6          0          0          0          0          0   _printf_u.o
        44          0          0          0          0        108   _printf_wchar.o
       188          6          8          0          0         92   _printf_wctomb.o
         6          0          0          0          0          0   _printf_x.o
       884          6          0          0          0        100   _scanf.o
       332          0          0          0          0         96   _scanf_int.o
        64          0          0          0          0         84   _sgetc.o
        10          0          0          0          0         68   _sputc.o
        64          0          0          0          0         92   _wcrtomb.o
       228          4        148          0          0         96   bigflt0.o
      1936        128          0          0          0        672   btod.o
        36          4          0          0          0         76   c89vsprintf.o
        18          0          0          0          0         80   exit.o
         8          0          0          0          0         68   ferror.o
         6          0          0          0          0        152   heapauxi.o
        18          0          0          0          0         76   isspace.o
        44         10        272          0          0         76   lc_ctype_c.o
        44         10         28          0          0         76   lc_numeric_c.o
         2          0          0          0          0          0   libinit.o
        30          0          0          0          0          0   libinit2.o
         2          0          0          0          0          0   libshutdown.o
         2          0          0          0          0          0   libshutdown2.o
         8          4          0          0         96         68   libspace.o
       138          0          0          0          0         80   lludiv10.o
        16          4          0          0          0         76   rt_ctype_table.o
         8          4          0          0          0         68   rt_locale_intlibspace.o
         2          0          0          0          0          0   rtexit.o
        10          0          0          0          0          0   rtexit2.o
        44          8          0          0          0         84   scanf_char.o
       128          0          0          0          0         68   strcmpv7m.o
        62          0          0          0          0         76   strlen.o
        36          0          0          0          0         80   strstr.o
        74          0          0          0          0         80   sys_stackheap_outer.o
         2          0          0          0          0         68   use_no_semi.o
         2          0          0          0          0         68   use_no_semi_2.o
        90          4          0          0          0         92   dfixu.o
        38          0          0          0          0         68   dflt_clz.o
       340         12          0          0          0        104   dmul.o
       156          4          0          0          0         92   dnaninf.o
        12          0          0          0          0         68   dretinf.o
         4          0          0          0          0         68   printf1.o
         0          0          0          0          0          0   usenofp.o
        40          0          0          0          0         68   fpclassify.o

    ----------------------------------------------------------------------
      8404        318       1540          0         96      10114   Library Totals
        16          0          3          0          0          0   (incl. Padding)

    ----------------------------------------------------------------------

      Code (inc. data)   RO Data    RW Data    ZI Data      Debug   Library Name

        88          8       1024          0          0       4698   F_CRC_Lib.lib
      7620        290        513          0         96       4856   c_w.l
       640         20          0          0          0        492   fz_ws.l
        40          0          0          0          0         68   m_ws.l

    ----------------------------------------------------------------------
      8404        318       1540          0         96      10114   Library Totals

    ----------------------------------------------------------------------

==============================================================================


      Code (inc. data)   RO Data    RW Data    ZI Data      Debug   

     49508       3096       8300        448      33316     425042   Grand Totals
     49508       3096       8300        152      33316     425042   ELF Image Totals (compressed)
     49508       3096       8300        152          0          0   ROM Totals

==============================================================================

    Total RO  Size (Code + RO Data)                57808 (  56.45kB)
    Total RW  Size (RW Data + ZI Data)             33764 (  32.97kB)
    Total ROM Size (Code + RO Data + RW Data)      57960 (  56.60kB)

==============================================================================

