Component: ARM Compiler 5.06 update 5 (build 528) Tool: armlink [4d35e2]

==============================================================================

Section Cross References

    main.o(.text) refers to delay.o(.text) for delay_init
    main.o(.text) refers to misc.o(.text) for NVIC_PriorityGroupConfig
    main.o(.text) refers to usart.o(.text) for uart_init
    main.o(.text) refers to led.o(.text) for LED_Init
    main.o(.text) refers to lcd.o(.text) for LCD_Init
    main.o(.text) refers to rtc.o(.text) for RTC_Init
    main.o(.text) refers to w25qxx.o(.text) for W25QXX_Init
    main.o(.text) refers to usart3.o(.text) for usart3_init
    main.o(.text) refers to malloc.o(.text) for my_mem_init
    main.o(.text) refers to timer.o(.text) for TIM3_Int_Init
    main.o(.text) refers to wifista.o(.text) for atk_8266_wifista_config
    main.o(.text) refers to __2printf.o(.text) for __2printf
    main.o(.text) refers to upgrade_1.o(.text) for connect_server
    main.o(.text) refers to stm32f10x_tim.o(.text) for TIM_Cmd
    main.o(.text) refers to lcd.o(.data) for POINT_COLOR
    main.o(.text) refers to rtc.o(.bss) for calendar
    main.o(.text) refers to timer.o(.data) for up_flag
    system_stm32f10x.o(.text) refers to system_stm32f10x.o(.data) for SystemCoreClock
    upgrade_1.o(.text) refers to _printf_percent.o(.ARM.Collect$$_printf_percent$$00000000) for _printf_percent
    upgrade_1.o(.text) refers to _printf_s.o(.ARM.Collect$$_printf_percent$$00000014) for _printf_s
    upgrade_1.o(.text) refers to _printf_str.o(.text) for _printf_str
    upgrade_1.o(.text) refers to _printf_d.o(.ARM.Collect$$_printf_percent$$00000009) for _printf_d
    upgrade_1.o(.text) refers to _printf_dec.o(.text) for _printf_int_dec
    upgrade_1.o(.text) refers to _scanf_int.o(.text) for _scanf_int
    upgrade_1.o(.text) refers to _printf_x.o(.ARM.Collect$$_printf_percent$$0000000C) for _printf_x
    upgrade_1.o(.text) refers to _printf_hex_int_ll_ptr.o(.text) for _printf_longlong_hex
    upgrade_1.o(.text) refers to malloc.o(.text) for mymalloc
    upgrade_1.o(.text) refers to __2sprintf.o(.text) for __2sprintf
    upgrade_1.o(.text) refers to wifista.o(.text) for atk_8266_send_cmd
    upgrade_1.o(.text) refers to __2printf.o(.text) for __2printf
    upgrade_1.o(.text) refers to delay.o(.text) for delay_ms
    upgrade_1.o(.text) refers to usart3.o(.text) for Usart_SendString
    upgrade_1.o(.text) refers to crc32.o(.text) for crc32_send
    upgrade_1.o(.text) refers to __0sscanf.o(.text) for __0sscanf
    upgrade_1.o(.text) refers to w25qxx.o(.text) for W25QXX_Write
    upgrade_1.o(.text) refers to f_crc32.o(i.CRC32Software) for CRC32Software
    upgrade_1.o(.text) refers to usart3.o(.data) for USART3_RX_STA
    upgrade_1.o(.text) refers to upgrade_1.o(.constdata) for .constdata
    upgrade_1.o(.text) refers to usart3.o(.bss) for USART3_RX_BUF1
    upgrade_1.o(.text) refers to upgrade_1.o(.data) for Crc_file
    upgrade_1.o(.text) refers to f_crc32.o(i.CRC32Software_) for CRC32Software_
    wifista.o(.text) refers to _printf_percent.o(.ARM.Collect$$_printf_percent$$00000000) for _printf_percent
    wifista.o(.text) refers to _printf_s.o(.ARM.Collect$$_printf_percent$$00000014) for _printf_s
    wifista.o(.text) refers to _printf_str.o(.text) for _printf_str
    wifista.o(.text) refers to __2printf.o(.text) for __2printf
    wifista.o(.text) refers to strstr.o(.text) for strstr
    wifista.o(.text) refers to usart3.o(.text) for u3_printf
    wifista.o(.text) refers to delay.o(.text) for delay_ms
    wifista.o(.text) refers to __2sprintf.o(.text) for __2sprintf
    wifista.o(.text) refers to malloc.o(.text) for mymalloc
    wifista.o(.text) refers to lcd.o(.text) for LCD_Fill
    wifista.o(.text) refers to usart3.o(.data) for USART3_RX_STA
    wifista.o(.text) refers to usart3.o(.bss) for USART3_RX_BUF
    wifista.o(.text) refers to lcd.o(.data) for POINT_COLOR
    wifista.o(.text) refers to wifista.o(.data) for wifista_password
    wifista.o(.data) refers to wifista.o(.conststring) for .conststring
    led.o(.text) refers to stm32f10x_rcc.o(.text) for RCC_APB2PeriphClockCmd
    led.o(.text) refers to stm32f10x_gpio.o(.text) for GPIO_Init
    key.o(.text) refers to stm32f10x_rcc.o(.text) for RCC_APB2PeriphClockCmd
    key.o(.text) refers to stm32f10x_gpio.o(.text) for GPIO_Init
    key.o(.text) refers to delay.o(.text) for delay_ms
    key.o(.text) refers to key.o(.data) for key_up
    lcd.o(.text) refers to _printf_percent.o(.ARM.Collect$$_printf_percent$$00000000) for _printf_percent
    lcd.o(.text) refers to _printf_x.o(.ARM.Collect$$_printf_percent$$0000000C) for _printf_x
    lcd.o(.text) refers to _printf_hex_int_ll_ptr.o(.text) for _printf_longlong_hex
    lcd.o(.text) refers to delay.o(.text) for delay_us
    lcd.o(.text) refers to lcd.o(.bss) for lcddev
    lcd.o(.text) refers to lcd.o(.data) for POINT_COLOR
[...]
    __rt_entry_postsh_1                      0x0807029f   Thumb Code     0  __rtentry2.o(.ARM.Collect$$rtentry$$00000009)
    __rt_entry_main                          0x080702a3   Thumb Code     0  __rtentry2.o(.ARM.Collect$$rtentry$$0000000D)
    __rt_entry_postli_1                      0x080702a3   Thumb Code     0  __rtentry2.o(.ARM.Collect$$rtentry$$0000000C)
    __rt_exit                                0x080702ab   Thumb Code     0  rtexit.o(.ARM.Collect$$rtexit$$00000000)
    __rt_exit_ls                             0x080702ad   Thumb Code     0  rtexit2.o(.ARM.Collect$$rtexit$$00000003)
    __rt_exit_prels_1                        0x080702ad   Thumb Code     0  rtexit2.o(.ARM.Collect$$rtexit$$00000002)
    __rt_exit_exit                           0x080702b1   Thumb Code     0  rtexit2.o(.ARM.Collect$$rtexit$$00000004)
    main                                     0x080702b9   Thumb Code   572  main.o(.text)
    NMI_Handler                              0x080705c1   Thumb Code     2  stm32f10x_it.o(.text)
    HardFault_Handler                        0x080705c3   Thumb Code     4  stm32f10x_it.o(.text)
    MemManage_Handler                        0x080705c7   Thumb Code     4  stm32f10x_it.o(.text)
    BusFault_Handler                         0x080705cb   Thumb Code     4  stm32f10x_it.o(.text)
    UsageFault_Handler                       0x080705cf   Thumb Code     4  stm32f10x_it.o(.text)
    SVC_Handler                              0x080705d3   Thumb Code     2  stm32f10x_it.o(.text)
    DebugMon_Handler                         0x080705d5   Thumb Code     2  stm32f10x_it.o(.text)
    PendSV_Handler                           0x080705d7   Thumb Code     2  stm32f10x_it.o(.text)
    SysTick_Handler                          0x080705d9   Thumb Code     2  stm32f10x_it.o(.text)
    SystemInit                               0x080706bb   Thumb Code    78  system_stm32f10x.o(.text)
    SystemCoreClockUpdate                    0x08070709   Thumb Code   142  system_stm32f10x.o(.text)
    connect_server                           0x080707bd   Thumb Code    78  upgrade_1.o(.text)
    send_server                              0x0807080b   Thumb Code   126  upgrade_1.o(.text)
    Get_Upgrade_size                         0x08070889   Thumb Code   146  upgrade_1.o(.text)
    Get_Upgrade_package                      0x0807091b   Thumb Code   154  upgrade_1.o(.text)
    SoftReset                                0x080709b5   Thumb Code    38  upgrade_1.o(.text)
    Upgrade                                  0x080709db   Thumb Code   904  upgrade_1.o(.text)
    atk_8266_at_response                     0x08070d95   Thumb Code    46  wifista.o(.text)
    atk_8266_check_cmd                       0x08070dc3   Thumb Code    44  wifista.o(.text)
    atk_8266_send_cmd                        0x08070def   Thumb Code    94  wifista.o(.text)
    atk_8266_send_data                       0x08070e4d   Thumb Code    86  wifista.o(.text)
    atk_8266_quit_trans                      0x08070ea3   Thumb Code   100  wifista.o(.text)
    atk_8266_consta_check                    0x08070f07   Thumb Code    36  wifista.o(.text)
    atk_8266_get_wanip                       0x08070f2b   Thumb Code    58  wifista.o(.text)
    atk_8266_wifista_config                  0x08070f65   Thumb Code   190  wifista.o(.text)
    LED_Init                                 0x080710e5   Thumb Code    68  led.o(.text)
    LCD_WR_REG                               0x08071131   Thumb Code     6  lcd.o(.text)
    LCD_WR_DATA                              0x08071137   Thumb Code     8  lcd.o(.text)
    LCD_RD_DATA                              0x0807113f   Thumb Code    16  lcd.o(.text)
    LCD_WriteReg                             0x0807114f   Thumb Code    10  lcd.o(.text)
    LCD_ReadReg                              0x08071159   Thumb Code    22  lcd.o(.text)
    LCD_WriteRAM_Prepare                     0x0807116f   Thumb Code    10  lcd.o(.text)
    LCD_WriteRAM                             0x08071179   Thumb Code     8  lcd.o(.text)
    LCD_BGR2RGB                              0x08071181   Thumb Code    26  lcd.o(.text)
    opt_delay                                0x0807119b   Thumb Code    14  lcd.o(.text)
    LCD_SetCursor                            0x080711a9   Thumb Code   418  lcd.o(.text)
    LCD_ReadPoint                            0x0807134b   Thumb Code   360  lcd.o(.text)
    LCD_DisplayOn                            0x080714b3   Thumb Code   102  lcd.o(.text)
    LCD_DisplayOff                           0x08071519   Thumb Code    90  lcd.o(.text)
    LCD_Scan_Dir                             0x08071573   Thumb Code   744  lcd.o(.text)
    LCD_DrawPoint                            0x0807185b   Thumb Code    28  lcd.o(.text)
    LCD_Fast_DrawPoint                       0x08071877   Thumb Code   384  lcd.o(.text)
    LCD_SSD_BackLightSet                     0x080719f7   Thumb Code    80  lcd.o(.text)
    LCD_Display_Dir                          0x08071a47   Thumb Code   444  lcd.o(.text)
    LCD_Set_Window                           0x08071c03   Thumb Code   540  lcd.o(.text)
    LCD_Clear                                0x08071e1f   Thumb Code   100  lcd.o(.text)
    LCD_Init                                 0x08071e83   Thumb Code 14184  lcd.o(.text)
    LCD_Fill                                 0x080755eb   Thumb Code   178  lcd.o(.text)
    LCD_Color_Fill                           0x0807569d   Thumb Code   106  lcd.o(.text)
    LCD_DrawLine                             0x08075707   Thumb Code   176  lcd.o(.text)
    LCD_DrawRectangle                        0x080757b7   Thumb Code    60  lcd.o(.text)
    LCD_Draw_Circle                          0x080757f3   Thumb Code   152  lcd.o(.text)
    LCD_ShowChar                             0x0807588b   Thumb Code   272  lcd.o(.text)
    LCD_Pow                                  0x0807599b   Thumb Code    22  lcd.o(.text)
    LCD_ShowNum                              0x080759b1   Thumb Code   148  lcd.o(.text)
    LCD_ShowxNum                             0x08075a45   Thumb Code   220  lcd.o(.text)
    LCD_ShowString                           0x08075b21   Thumb Code   102  lcd.o(.text)
    RTC_Get_Week                             0x08075ba9   Thumb Code   116  rtc.o(.text)
    Is_Leap_Year                             0x08075c1d   Thumb Code    58  rtc.o(.text)
    RTC_Get                                  0x08075c57   Thumb Code   240  rtc.o(.text)
    RTC_Set                                  0x08075d47   Thumb Code   184  rtc.o(.text)
    RTC_Init                                 0x08075dff   Thumb Code   208  rtc.o(.text)
    RTC_IRQHandler                           0x08075ecf   Thumb Code    40  rtc.o(.text)
    crc32_rev                                0x08075f15   Thumb Code    60  crc32.o(.text)
    crc32_send                               0x08075f51   Thumb Code    50  crc32.o(.text)
    SPI2_ReadWriteByte                       0x08075f85   Thumb Code    78  spi.o(.text)
    SPI2_Init                                0x08075fd3   Thumb Code   140  spi.o(.text)
    SPI2_SetSpeed                            0x0807605f   Thumb Code    36  spi.o(.text)
    TIM7_IRQHandler                          0x0807608d   Thumb Code   112  timer.o(.text)
    TIM7_Int_Init                            0x080760fd   Thumb Code    90  timer.o(.text)
    TIM3_Int_Init                            0x08076157   Thumb Code    90  timer.o(.text)
    TIM3_IRQHandler                          0x080761b1   Thumb Code    48  timer.o(.text)
    USART3_IRQHandler                        0x080761f9   Thumb Code    96  usart3.o(.text)
    usart3_init                              0x08076259   Thumb Code   192  usart3.o(.text)
    u3_printf                                0x08076319   Thumb Code    72  usart3.o(.text)
    Usart_SendString                         0x08076361   Thumb Code    50  usart3.o(.text)
    W25QXX_ReadID                            0x080763ad   Thumb Code    64  w25qxx.o(.text)
    W25QXX_Init                              0x080763ed   Thumb Code    74  w25qxx.o(.text)
    W25QXX_ReadSR                            0x08076437   Thumb Code    36  w25qxx.o(.text)
    W25QXX_Write_SR                          0x0807645b   Thumb Code    32  w25qxx.o(.text)
    W25QXX_Write_Enable                      0x0807647b   Thumb Code    24  w25qxx.o(.text)
    W25QXX_Write_Disable                     0x08076493   Thumb Code    24  w25qxx.o(.text)
    W25QXX_Read                              0x080764ab   Thumb Code    74  w25qxx.o(.text)
    W25QXX_Wait_Busy                         0x080764f5   Thumb Code    18  w25qxx.o(.text)
    W25QXX_Write_Page                        0x08076507   Thumb Code    80  w25qxx.o(.text)
    W25QXX_Write_NoCheck                     0x08076557   Thumb Code    70  w25qxx.o(.text)
    W25QXX_Erase_Sector                      0x0807659d   Thumb Code    70  w25qxx.o(.text)
    W25QXX_Write                             0x080765e3   Thumb Code   180  w25qxx.o(.text)
    W25QXX_Erase_Chip                        0x08076697   Thumb Code    36  w25qxx.o(.text)
    W25QXX_PowerDown                         0x080766bb   Thumb Code    30  w25qxx.o(.text)
    W25QXX_WAKEUP                            0x080766d9   Thumb Code    30  w25qxx.o(.text)
    delay_init                               0x08076715   Thumb Code    50  delay.o(.text)
    delay_us                                 0x08076747   Thumb Code    72  delay.o(.text)
    delay_ms                                 0x0807678f   Thumb Code    72  delay.o(.text)
    _sys_exit                                0x080767e9   Thumb Code     6  usart.o(.text)
    fputc                                    0x080767ef   Thumb Code    24  usart.o(.text)
    uart_init                                0x08076807   Thumb Code   152  usart.o(.text)
    USART1_IRQHandler                        0x0807689f   Thumb Code   122  usart.o(.text)
    mymemcpy                                 0x08076929   Thumb Code    26  malloc.o(.text)
    mymemset                                 0x08076943   Thumb Code    20  malloc.o(.text)
    my_mem_init                              0x08076957   Thumb Code    54  malloc.o(.text)
    my_mem_perused                           0x0807698d   Thumb Code    54  malloc.o(.text)
    my_mem_malloc                            0x080769c3   Thumb Code   154  malloc.o(.text)
    my_mem_free                              0x08076a5d   Thumb Code    94  malloc.o(.text)
    myfree                                   0x08076abb   Thumb Code    32  malloc.o(.text)
    mymalloc                                 0x08076adb   Thumb Code    36  malloc.o(.text)
    myrealloc                                0x08076aff   Thumb Code    68  malloc.o(.text)
    my_malloc                                0x08076b43   Thumb Code    32  malloc.o(.text)
    my_free                                  0x08076b63   Thumb Code    28  malloc.o(.text)
    Reset_Handler                            0x08076b91   Thumb Code     8  startup_stm32f10x_hd.o(.text)
    ADC1_2_IRQHandler                        0x08076bab   Thumb Code     0  startup_stm32f10x_hd.o(.text)
    ADC3_IRQHandler                          0x08076bab   Thumb Code     0  startup_stm32f10x_hd.o(.text)
    CAN1_RX1_IRQHandler                      0x08076bab   Thumb Code     0  startup_stm32f10x_hd.o(.text)
    CAN1_SCE_IRQHandler                      0x08076bab   Thumb Code     0  startup_stm32f10x_hd.o(.text)
    DMA1_Channel1_IRQHandler                 0x08076bab   Thumb Code     0  startup_stm32f10x_hd.o(.text)
    DMA1_Channel2_IRQHandler                 0x08076bab   Thumb Code     0  startup_stm32f10x_hd.o(.text)
    DMA1_Channel3_IRQHandler                 0x08076bab   Thumb Code     0  startup_stm32f10x_hd.o(.text)
    DMA1_Channel4_IRQHandler                 0x08076bab   Thumb Code     0  startup_stm32f10x_hd.o(.text)
    DMA1_Channel5_IRQHandler                 0x08076bab   Thumb Code     0  startup_stm32f10x_hd.o(.text)
    DMA1_Channel6_IRQHandler                 0x08076bab   Thumb Code     0  startup_stm32f10x_hd.o(.text)
    DMA1_Channel7_IRQHandler                 0x08076bab   Thumb Code     0  startup_stm32f10x_hd.o(.text)
    DMA2_Channel1_IRQHandler                 0x08076bab   Thumb Code     0  startup_stm32f10x_hd.o(.text)
    DMA2_Channel2_IRQHandler                 0x08076bab   Thumb Code     0  startup_stm32f10x_hd.o(.text)
    DMA2_Channel3_IRQHandler                 0x08076bab   Thumb Code     0  startup_stm32f10x_hd.o(.text)
    DMA2_Channel4_5_IRQHandler               0x08076bab   Thumb Code     0  startup_stm32f10x_hd.o(.text)
    EXTI0_IRQHandler                         0x08076bab   Thumb Code     0  startup_stm32f10x_hd.o(.text)
    EXTI15_10_IRQHandler                     0x08076bab   Thumb Code     0  startup_stm32f10x_hd.o(.text)
    EXTI1_IRQHandler                         0x08076bab   Thumb Code     0  startup_stm32f10x_hd.o(.text)
    EXTI2_IRQHandler                         0x08076bab   Thumb Code     0  startup_stm32f10x_hd.o(.text)
    EXTI3_IRQHandler                         0x08076bab   Thumb Code     0  startup_stm32f10x_hd.o(.text)
    EXTI4_IRQHandler                         0x08076bab   Thumb Code     0  startup_stm32f10x_hd.o(.text)
    EXTI9_5_IRQHandler                       0x08076bab   Thumb Code     0  startup_stm32f10x_hd.o(.text)
    FLASH_IRQHandler                         0x08076bab   Thumb Code     0  startup_stm32f10x_hd.o(.text)
    FSMC_IRQHandler                          0x08076bab   Thumb Code     0  startup_stm32f10x_hd.o(.text)
    I2C1_ER_IRQHandler                       0x08076bab   Thumb Code     0  startup_stm32f10x_hd.o(.text)
    I2C1_EV_IRQHandler                       0x08076bab   Thumb Code     0  startup_stm32f10x_hd.o(.text)
    I2C2_ER_IRQHandler                       0x08076bab   Thumb Code     0  startup_stm32f10x_hd.o(.text)
    I2C2_EV_IRQHandler                       0x08076bab   Thumb Code     0  startup_stm32f10x_hd.o(.text)
    PVD_IRQHandler                           0x08076bab   Thumb Code     0  startup_stm32f10x_hd.o(.text)
    RCC_IRQHandler                           0x08076bab   Thumb Code     0  startup_stm32f10x_hd.o(.text)
    RTCAlarm_IRQHandler                      0x08076bab   Thumb Code     0  startup_stm32f10x_hd.o(.text)
    SDIO_IRQHandler                          0x08076bab   Thumb Code     0  startup_stm32f10x_hd.o(.text)
    SPI1_IRQHandler                          0x08076bab   Thumb Code     0  startup_stm32f10x_hd.o(.text)
    SPI2_IRQHandler                          0x08076bab   Thumb Code     0  startup_stm32f10x_hd.o(.text)
    SPI3_IRQHandler                          0x08076bab   Thumb Code     0  startup_stm32f10x_hd.o(.text)
    TAMPER_IRQHandler                        0x08076bab   Thumb Code     0  startup_stm32f10x_hd.o(.text)
    TIM1_BRK_IRQHandler                      0x08076bab   Thumb Code     0  startup_stm32f10x_hd.o(.text)
    TIM1_CC_IRQHandler                       0x08076bab   Thumb Code     0  startup_stm32f10x_hd.o(.text)
    TIM1_TRG_COM_IRQHandler                  0x08076bab   Thumb Code     0  startup_stm32f10x_hd.o(.text)
    TIM1_UP_IRQHandler                       0x08076bab   Thumb Code     0  startup_stm32f10x_hd.o(.text)
    TIM2_IRQHandler                          0x08076bab   Thumb Code     0  startup_stm32f10x_hd.o(.text)
    TIM5_IRQHandler                          0x08076bab   Thumb Code     0  startup_stm32f10x_hd.o(.text)
    TIM6_IRQHandler                          0x08076bab   Thumb Code     0  startup_stm32f10x_hd.o(.text)
    TIM8_BRK_IRQHandler                      0x08076bab   Thumb Code     0  startup_stm32f10x_hd.o(.text)
    TIM8_CC_IRQHandler                       0x08076bab   Thumb Code     0  startup_stm32f10x_hd.o(.text)
    TIM8_TRG_COM_IRQHandler                  0x08076bab   Thumb Code     0  startup_stm32f10x_hd.o(.text)
    TIM8_UP_IRQHandler                       0x08076bab   Thumb Code     0  startup_stm32f10x_hd.o(.text)
    UART4_IRQHandler                         0x08076bab   Thumb Code     0  startup_stm32f10x_hd.o(.text)
    UART5_IRQHandler                         0x08076bab   Thumb Code     0  startup_stm32f10x_hd.o(.text)
    USART2_IRQHandler                        0x08076bab   Thumb Code     0  startup_stm32f10x_hd.o(.text)
    USBWakeUp_IRQHandler                     0x08076bab   Thumb Code     0  startup_stm32f10x_hd.o(.text)
    USB_HP_CAN1_TX_IRQHandler                0x08076bab   Thumb Code     0  startup_stm32f10x_hd.o(.text)
    USB_LP_CAN1_RX0_IRQHandler               0x08076bab   Thumb Code     0  startup_stm32f10x_hd.o(.text)
    WWDG_IRQHandler                          0x08076bab   Thumb Code     0  startup_stm32f10x_hd.o(.text)
    __user_initial_stackheap                 0x08076bad   Thumb Code     0  startup_stm32f10x_hd.o(.text)
    NVIC_PriorityGroupConfig                 0x08076bd1   Thumb Code    10  misc.o(.text)
    NVIC_Init                                0x08076bdb   Thumb Code   100  misc.o(.text)
    NVIC_SetVectorTable                      0x08076c3f   Thumb Code    14  misc.o(.text)
    NVIC_SystemLPConfig                      0x08076c4d   Thumb Code    34  misc.o(.text)
    SysTick_CLKSourceConfig                  0x08076c6f   Thumb Code    40  misc.o(.text)
    BKP_DeInit                               0x08076cad   Thumb Code    16  stm32f10x_bkp.o(.text)
    BKP_TamperPinLevelConfig                 0x08076cbd   Thumb Code     6  stm32f10x_bkp.o(.text)
    BKP_TamperPinCmd                         0x08076cc3   Thumb Code     8  stm32f10x_bkp.o(.text)
    BKP_ITConfig                             0x08076ccb   Thumb Code     8  stm32f10x_bkp.o(.text)
    BKP_RTCOutputConfig                      0x08076cd3   Thumb Code    22  stm32f10x_bkp.o(.text)
    BKP_SetRTCCalibrationValue               0x08076ce9   Thumb Code    22  stm32f10x_bkp.o(.text)
    BKP_WriteBackupRegister                  0x08076cff   Thumb Code    24  stm32f10x_bkp.o(.text)
    BKP_ReadBackupRegister                   0x08076d17   Thumb Code    26  stm32f10x_bkp.o(.text)
    BKP_GetFlagStatus                        0x08076d31   Thumb Code    10  stm32f10x_bkp.o(.text)
    BKP_ClearFlag                            0x08076d3b   Thumb Code    18  stm32f10x_bkp.o(.text)
    BKP_GetITStatus                          0x08076d4d   Thumb Code    10  stm32f10x_bkp.o(.text)
    BKP_ClearITPendingBit                    0x08076d57   Thumb Code    18  stm32f10x_bkp.o(.text)
    FSMC_NORSRAMDeInit                       0x08076d71   Thumb Code    54  stm32f10x_fsmc.o(.text)
    FSMC_NANDDeInit                          0x08076da7   Thumb Code    62  stm32f10x_fsmc.o(.text)
    FSMC_PCCARDDeInit                        0x08076de5   Thumb Code    36  stm32f10x_fsmc.o(.text)
    FSMC_NORSRAMInit                         0x08076e09   Thumb Code   230  stm32f10x_fsmc.o(.text)
    FSMC_NANDInit                            0x08076eef   Thumb Code   132  stm32f10x_fsmc.o(.text)
    FSMC_PCCARDInit                          0x08076f73   Thumb Code   130  stm32f10x_fsmc.o(.text)
    FSMC_NORSRAMStructInit                   0x08076ff5   Thumb Code   114  stm32f10x_fsmc.o(.text)
    FSMC_NANDStructInit                      0x08077067   Thumb Code    54  stm32f10x_fsmc.o(.text)
    FSMC_PCCARDStructInit                    0x0807709d   Thumb Code    60  stm32f10x_fsmc.o(.text)
    FSMC_NORSRAMCmd                          0x080770d9   Thumb Code    46  stm32f10x_fsmc.o(.text)
    FSMC_NANDCmd                             0x08077107   Thumb Code    86  stm32f10x_fsmc.o(.text)
    FSMC_PCCARDCmd                           0x0807715d   Thumb Code    44  stm32f10x_fsmc.o(.text)
    FSMC_NANDECCCmd                          0x08077189   Thumb Code    90  stm32f10x_fsmc.o(.text)
    FSMC_GetECC                              0x080771e3   Thumb Code    24  stm32f10x_fsmc.o(.text)
    FSMC_ITConfig                            0x080771fb   Thumb Code   128  stm32f10x_fsmc.o(.text)
    FSMC_GetFlagStatus                       0x0807727b   Thumb Code    54  stm32f10x_fsmc.o(.text)
    FSMC_ClearFlag                           0x080772b1   Thumb Code    62  stm32f10x_fsmc.o(.text)
    FSMC_GetITStatus                         0x080772ef   Thumb Code    64  stm32f10x_fsmc.o(.text)
    FSMC_ClearITPendingBit                   0x0807732f   Thumb Code    68  stm32f10x_fsmc.o(.text)
    GPIO_DeInit                              0x0807737d   Thumb Code   172  stm32f10x_gpio.o(.text)
    GPIO_AFIODeInit                          0x08077429   Thumb Code    20  stm32f10x_gpio.o(.text)
    GPIO_Init                                0x0807743d   Thumb Code   278  stm32f10x_gpio.o(.text)
    GPIO_StructInit                          0x08077553   Thumb Code    16  stm32f10x_gpio.o(.text)
    GPIO_ReadInputDataBit                    0x08077563   Thumb Code    18  stm32f10x_gpio.o(.text)
    GPIO_ReadInputData                       0x08077575   Thumb Code     8  stm32f10x_gpio.o(.text)
    GPIO_ReadOutputDataBit                   0x0807757d   Thumb Code    18  stm32f10x_gpio.o(.text)
    GPIO_ReadOutputData                      0x0807758f   Thumb Code     8  stm32f10x_gpio.o(.text)
    GPIO_SetBits                             0x08077597   Thumb Code     4  stm32f10x_gpio.o(.text)
    GPIO_ResetBits                           0x0807759b   Thumb Code     4  stm32f10x_gpio.o(.text)
    GPIO_WriteBit                            0x0807759f   Thumb Code    10  stm32f10x_gpio.o(.text)
    GPIO_Write                               0x080775a9   Thumb Code     4  stm32f10x_gpio.o(.text)
    GPIO_PinLockConfig                       0x080775ad   Thumb Code    18  stm32f10x_gpio.o(.text)
    GPIO_EventOutputConfig                   0x080775bf   Thumb Code    26  stm32f10x_gpio.o(.text)
    GPIO_EventOutputCmd                      0x080775d9   Thumb Code     6  stm32f10x_gpio.o(.text)
    GPIO_PinRemapConfig                      0x080775df   Thumb Code   138  stm32f10x_gpio.o(.text)
    GPIO_EXTILineConfig                      0x08077669   Thumb Code    66  stm32f10x_gpio.o(.text)
    GPIO_ETH_MediaInterfaceConfig            0x080776ab   Thumb Code     8  stm32f10x_gpio.o(.text)
    PWR_DeInit                               0x080776d9   Thumb Code    22  stm32f10x_pwr.o(.text)
    PWR_BackupAccessCmd                      0x080776ef   Thumb Code     6  stm32f10x_pwr.o(.text)
    PWR_PVDCmd                               0x080776f5   Thumb Code     6  stm32f10x_pwr.o(.text)
    PWR_PVDLevelConfig                       0x080776fb   Thumb Code    18  stm32f10x_pwr.o(.text)
    PWR_WakeUpPinCmd                         0x0807770d   Thumb Code     8  stm32f10x_pwr.o(.text)
    PWR_EnterSTOPMode                        0x08077715   Thumb Code    54  stm32f10x_pwr.o(.text)
    PWR_EnterSTANDBYMode                     0x0807774b   Thumb Code    42  stm32f10x_pwr.o(.text)
    PWR_GetFlagStatus                        0x08077775   Thumb Code    20  stm32f10x_pwr.o(.text)
    PWR_ClearFlag                            0x08077789   Thumb Code    14  stm32f10x_pwr.o(.text)
    RCC_DeInit                               0x080777a5   Thumb Code    64  stm32f10x_rcc.o(.text)
    RCC_HSEConfig                            0x080777e5   Thumb Code    70  stm32f10x_rcc.o(.text)
    RCC_GetFlagStatus                        0x0807782b   Thumb Code    56  stm32f10x_rcc.o(.text)
    RCC_WaitForHSEStartUp                    0x08077863   Thumb Code    56  stm32f10x_rcc.o(.text)
    RCC_AdjustHSICalibrationValue            0x0807789b   Thumb Code    20  stm32f10x_rcc.o(.text)
    RCC_HSICmd                               0x080778af   Thumb Code     6  stm32f10x_rcc.o(.text)
    RCC_PLLConfig                            0x080778b5   Thumb Code    24  stm32f10x_rcc.o(.text)
    RCC_PLLCmd                               0x080778cd   Thumb Code     6  stm32f10x_rcc.o(.text)
    RCC_SYSCLKConfig                         0x080778d3   Thumb Code    18  stm32f10x_rcc.o(.text)
    RCC_GetSYSCLKSource                      0x080778e5   Thumb Code    10  stm32f10x_rcc.o(.text)
    RCC_HCLKConfig                           0x080778ef   Thumb Code    18  stm32f10x_rcc.o(.text)
    RCC_PCLK1Config                          0x08077901   Thumb Code    18  stm32f10x_rcc.o(.text)
    RCC_PCLK2Config                          0x08077913   Thumb Code    20  stm32f10x_rcc.o(.text)
    RCC_ITConfig                             0x08077927   Thumb Code    26  stm32f10x_rcc.o(.text)
    RCC_USBCLKConfig                         0x08077941   Thumb Code     8  stm32f10x_rcc.o(.text)
    RCC_ADCCLKConfig                         0x08077949   Thumb Code    18  stm32f10x_rcc.o(.text)
    RCC_LSEConfig                            0x0807795b   Thumb Code    50  stm32f10x_rcc.o(.text)
    RCC_LSICmd                               0x0807798d   Thumb Code     6  stm32f10x_rcc.o(.text)
    RCC_RTCCLKConfig                         0x08077993   Thumb Code    12  stm32f10x_rcc.o(.text)
    RCC_RTCCLKCmd                            0x0807799f   Thumb Code     8  stm32f10x_rcc.o(.text)
    RCC_GetClocksFreq                        0x080779a7   Thumb Code   192  stm32f10x_rcc.o(.text)
    RCC_AHBPeriphClockCmd                    0x08077a67   Thumb Code    26  stm32f10x_rcc.o(.text)
    RCC_APB2PeriphClockCmd                   0x08077a81   Thumb Code    26  stm32f10x_rcc.o(.text)
    RCC_APB1PeriphClockCmd                   0x08077a9b   Thumb Code    26  stm32f10x_rcc.o(.text)
    RCC_APB2PeriphResetCmd                   0x08077ab5   Thumb Code    26  stm32f10x_rcc.o(.text)
    RCC_APB1PeriphResetCmd                   0x08077acf   Thumb Code    26  stm32f10x_rcc.o(.text)
    RCC_BackupResetCmd                       0x08077ae9   Thumb Code     8  stm32f10x_rcc.o(.text)
    RCC_ClockSecuritySystemCmd               0x08077af1   Thumb Code     6  stm32f10x_rcc.o(.text)
    RCC_MCOConfig                            0x08077af7   Thumb Code     6  stm32f10x_rcc.o(.text)
    RCC_ClearFlag                            0x08077afd   Thumb Code    14  stm32f10x_rcc.o(.text)
    RCC_GetITStatus                          0x08077b0b   Thumb Code    20  stm32f10x_rcc.o(.text)
    RCC_ClearITPendingBit                    0x08077b1f   Thumb Code     6  stm32f10x_rcc.o(.text)
    USART_DeInit                             0x08077b49   Thumb Code   134  stm32f10x_usart.o(.text)
    USART_Init                               0x08077bcf   Thumb Code   210  stm32f10x_usart.o(.text)
    USART_StructInit                         0x08077ca1   Thumb Code    24  stm32f10x_usart.o(.text)
    USART_ClockInit                          0x08077cb9   Thumb Code    34  stm32f10x_usart.o(.text)
    USART_ClockStructInit                    0x08077cdb   Thumb Code    12  stm32f10x_usart.o(.text)
    USART_Cmd                                0x08077ce7   Thumb Code    24  stm32f10x_usart.o(.text)
    USART_ITConfig                           0x08077cff   Thumb Code    74  stm32f10x_usart.o(.text)
    USART_DMACmd                             0x08077d49   Thumb Code    18  stm32f10x_usart.o(.text)
    USART_SetAddress                         0x08077d5b   Thumb Code    18  stm32f10x_usart.o(.text)
    USART_WakeUpConfig                       0x08077d6d   Thumb Code    18  stm32f10x_usart.o(.text)
    USART_ReceiverWakeUpCmd                  0x08077d7f   Thumb Code    24  stm32f10x_usart.o(.text)
    USART_LINBreakDetectLengthConfig         0x08077d97   Thumb Code    18  stm32f10x_usart.o(.text)
    USART_LINCmd                             0x08077da9   Thumb Code    24  stm32f10x_usart.o(.text)
    USART_SendData                           0x08077dc1   Thumb Code     8  stm32f10x_usart.o(.text)
    USART_ReceiveData                        0x08077dc9   Thumb Code    10  stm32f10x_usart.o(.text)
    USART_SendBreak                          0x08077dd3   Thumb Code    10  stm32f10x_usart.o(.text)
    USART_SetGuardTime                       0x08077ddd   Thumb Code    16  stm32f10x_usart.o(.text)
    USART_SetPrescaler                       0x08077ded   Thumb Code    16  stm32f10x_usart.o(.text)
    USART_SmartCardCmd                       0x08077dfd   Thumb Code    24  stm32f10x_usart.o(.text)
    USART_SmartCardNACKCmd                   0x08077e15   Thumb Code    24  stm32f10x_usart.o(.text)
    USART_HalfDuplexCmd                      0x08077e2d   Thumb Code    24  stm32f10x_usart.o(.text)
    USART_OverSampling8Cmd                   0x08077e45   Thumb Code    22  stm32f10x_usart.o(.text)
    USART_OneBitMethodCmd                    0x08077e5b   Thumb Code    24  stm32f10x_usart.o(.text)
    USART_IrDAConfig                         0x08077e73   Thumb Code    18  stm32f10x_usart.o(.text)
    USART_IrDACmd                            0x08077e85   Thumb Code    24  stm32f10x_usart.o(.text)
    USART_GetFlagStatus                      0x08077e9d   Thumb Code    26  stm32f10x_usart.o(.text)
    USART_ClearFlag                          0x08077eb7   Thumb Code    18  stm32f10x_usart.o(.text)
    USART_GetITStatus                        0x08077ec9   Thumb Code    84  stm32f10x_usart.o(.text)
    USART_ClearITPendingBit                  0x08077f1d   Thumb Code    52  stm32f10x_usart.o(.text)
    RTC_ITConfig                             0x08077f51   Thumb Code    26  stm32f10x_rtc.o(.text)
    RTC_EnterConfigMode                      0x08077f6b   Thumb Code    18  stm32f10x_rtc.o(.text)
    RTC_ExitConfigMode                       0x08077f7d   Thumb Code    20  stm32f10x_rtc.o(.text)
    RTC_GetCounter                           0x08077f91   Thumb Code    18  stm32f10x_rtc.o(.text)
    RTC_SetCounter                           0x08077fa3   Thumb Code    26  stm32f10x_rtc.o(.text)
    RTC_SetPrescaler                         0x08077fbd   Thumb Code    28  stm32f10x_rtc.o(.text)
    RTC_SetAlarm                             0x08077fd9   Thumb Code    26  stm32f10x_rtc.o(.text)
    RTC_GetDivider                           0x08077ff3   Thumb Code    22  stm32f10x_rtc.o(.text)
    RTC_WaitForLastTask                      0x08078009   Thumb Code    18  stm32f10x_rtc.o(.text)
    RTC_WaitForSynchro                       0x0807801b   Thumb Code    36  stm32f10x_rtc.o(.text)
    RTC_GetFlagStatus                        0x0807803f   Thumb Code    22  stm32f10x_rtc.o(.text)
    RTC_ClearFlag                            0x08078055   Thumb Code    16  stm32f10x_rtc.o(.text)
    RTC_GetITStatus                          0x08078065   Thumb Code    32  stm32f10x_rtc.o(.text)
    RTC_ClearITPendingBit                    0x08078085   Thumb Code    16  stm32f10x_rtc.o(.text)
    TIM_DeInit                               0x08078099   Thumb Code   424  stm32f10x_tim.o(.text)
    TIM_TimeBaseInit                         0x08078241   Thumb Code   122  stm32f10x_tim.o(.text)
    TIM_OC1Init                              0x080782bb   Thumb Code   132  stm32f10x_tim.o(.text)
    TIM_OC2Init                              0x0807833f   Thumb Code   154  stm32f10x_tim.o(.text)
    TIM_OC3Init                              0x080783d9   Thumb Code   150  stm32f10x_tim.o(.text)
    TIM_OC4Init                              0x0807846f   Thumb Code   182  stm32f10x_tim.o(.text)
    TIM_SetIC4Prescaler                      0x08078525   Thumb Code    26  stm32f10x_tim.o(.text)
    TIM_SetIC3Prescaler                      0x080785c1   Thumb Code    18  stm32f10x_tim.o(.text)
    TIM_SetIC2Prescaler                      0x0807864d   Thumb Code    26  stm32f10x_tim.o(.text)
    TIM_SetIC1Prescaler                      0x080786e9   Thumb Code    18  stm32f10x_tim.o(.text)
    TIM_ICInit                               0x08078767   Thumb Code   150  stm32f10x_tim.o(.text)
    TIM_PWMIConfig                           0x080787fd   Thumb Code   124  stm32f10x_tim.o(.text)
    TIM_BDTRConfig                           0x08078879   Thumb Code    32  stm32f10x_tim.o(.text)
    TIM_TimeBaseStructInit                   0x08078899   Thumb Code    18  stm32f10x_tim.o(.text)
    TIM_OCStructInit                         0x080788ab   Thumb Code    20  stm32f10x_tim.o(.text)
    TIM_ICStructInit                         0x080788bf   Thumb Code    18  stm32f10x_tim.o(.text)
    TIM_BDTRStructInit                       0x080788d1   Thumb Code    40  stm32f10x_tim.o(.text)
    TIM_Cmd                                  0x080788f9   Thumb Code    24  stm32f10x_tim.o(.text)
    TIM_CtrlPWMOutputs                       0x08078911   Thumb Code    30  stm32f10x_tim.o(.text)
    TIM_ITConfig                             0x0807892f   Thumb Code    18  stm32f10x_tim.o(.text)
    TIM_GenerateEvent                        0x08078941   Thumb Code     4  stm32f10x_tim.o(.text)
    TIM_DMAConfig                            0x08078945   Thumb Code    10  stm32f10x_tim.o(.text)
    TIM_DMACmd                               0x0807894f   Thumb Code    18  stm32f10x_tim.o(.text)
    TIM_InternalClockConfig                  0x08078961   Thumb Code    12  stm32f10x_tim.o(.text)
    TIM_SelectInputTrigger                   0x0807896d   Thumb Code    18  stm32f10x_tim.o(.text)
    TIM_ITRxExternalClockConfig              0x0807897f   Thumb Code    24  stm32f10x_tim.o(.text)
    TIM_TIxExternalClockConfig               0x08078997   Thumb Code    62  stm32f10x_tim.o(.text)
    TIM_ETRConfig                            0x080789d5   Thumb Code    28  stm32f10x_tim.o(.text)
    TIM_ETRClockMode1Config                  0x080789f1   Thumb Code    54  stm32f10x_tim.o(.text)
    TIM_ETRClockMode2Config                  0x08078a27   Thumb Code    32  stm32f10x_tim.o(.text)
    TIM_PrescalerConfig                      0x08078a47   Thumb Code     6  stm32f10x_tim.o(.text)
    TIM_CounterModeConfig                    0x08078a4d   Thumb Code    18  stm32f10x_tim.o(.text)
    TIM_EncoderInterfaceConfig               0x08078a5f   Thumb Code    66  stm32f10x_tim.o(.text)
    TIM_ForcedOC1Config                      0x08078aa1   Thumb Code    18  stm32f10x_tim.o(.text)
    TIM_ForcedOC2Config                      0x08078ab3   Thumb Code    26  stm32f10x_tim.o(.text)
    TIM_ForcedOC3Config                      0x08078acd   Thumb Code    18  stm32f10x_tim.o(.text)
    TIM_ForcedOC4Config                      0x08078adf   Thumb Code    26  stm32f10x_tim.o(.text)
    TIM_ARRPreloadConfig                     0x08078af9   Thumb Code    24  stm32f10x_tim.o(.text)
    TIM_SelectCOM                            0x08078b11   Thumb Code    24  stm32f10x_tim.o(.text)
    TIM_SelectCCDMA                          0x08078b29   Thumb Code    24  stm32f10x_tim.o(.text)
    TIM_CCPreloadControl                     0x08078b41   Thumb Code    24  stm32f10x_tim.o(.text)
    TIM_OC1PreloadConfig                     0x08078b59   Thumb Code    18  stm32f10x_tim.o(.text)
    TIM_OC2PreloadConfig                     0x08078b6b   Thumb Code    26  stm32f10x_tim.o(.text)
    TIM_OC3PreloadConfig                     0x08078b85   Thumb Code    18  stm32f10x_tim.o(.text)
    TIM_OC4PreloadConfig                     0x08078b97   Thumb Code    26  stm32f10x_tim.o(.text)
    TIM_OC1FastConfig                        0x08078bb1   Thumb Code    18  stm32f10x_tim.o(.text)
    TIM_OC2FastConfig                        0x08078bc3   Thumb Code    26  stm32f10x_tim.o(.text)
    TIM_OC3FastConfig                        0x08078bdd   Thumb Code    18  stm32f10x_tim.o(.text)
    TIM_OC4FastConfig                        0x08078bef   Thumb Code    26  stm32f10x_tim.o(.text)
    TIM_ClearOC1Ref                          0x08078c09   Thumb Code    18  stm32f10x_tim.o(.text)
    TIM_ClearOC2Ref                          0x08078c1b   Thumb Code    24  stm32f10x_tim.o(.text)
    TIM_ClearOC3Ref                          0x08078c33   Thumb Code    18  stm32f10x_tim.o(.text)
    TIM_ClearOC4Ref                          0x08078c45   Thumb Code    24  stm32f10x_tim.o(.text)
    TIM_OC1PolarityConfig                    0x08078c5d   Thumb Code    18  stm32f10x_tim.o(.text)
    TIM_OC1NPolarityConfig                   0x08078c6f   Thumb Code    18  stm32f10x_tim.o(.text)
    TIM_OC2PolarityConfig                    0x08078c81   Thumb Code    26  stm32f10x_tim.o(.text)
    TIM_OC2NPolarityConfig                   0x08078c9b   Thumb Code    26  stm32f10x_tim.o(.text)
    TIM_OC3PolarityConfig                    0x08078cb5   Thumb Code    26  stm32f10x_tim.o(.text)
    TIM_OC3NPolarityConfig                   0x08078ccf   Thumb Code    26  stm32f10x_tim.o(.text)
    TIM_OC4PolarityConfig                    0x08078ce9   Thumb Code    26  stm32f10x_tim.o(.text)
    TIM_CCxCmd                               0x08078d03   Thumb Code    30  stm32f10x_tim.o(.text)
    TIM_CCxNCmd                              0x08078d21   Thumb Code    30  stm32f10x_tim.o(.text)
    TIM_SelectOCxM                           0x08078d3f   Thumb Code    82  stm32f10x_tim.o(.text)
    TIM_UpdateDisableConfig                  0x08078d91   Thumb Code    24  stm32f10x_tim.o(.text)
    TIM_UpdateRequestConfig                  0x08078da9   Thumb Code    24  stm32f10x_tim.o(.text)
    TIM_SelectHallSensor                     0x08078dc1   Thumb Code    24  stm32f10x_tim.o(.text)
    TIM_SelectOnePulseMode                   0x08078dd9   Thumb Code    18  stm32f10x_tim.o(.text)
    TIM_SelectOutputTrigger                  0x08078deb   Thumb Code    18  stm32f10x_tim.o(.text)
    TIM_SelectSlaveMode                      0x08078dfd   Thumb Code    18  stm32f10x_tim.o(.text)
    TIM_SelectMasterSlaveMode                0x08078e0f   Thumb Code    18  stm32f10x_tim.o(.text)
    TIM_SetCounter                           0x08078e21   Thumb Code     4  stm32f10x_tim.o(.text)
    TIM_SetAutoreload                        0x08078e25   Thumb Code     4  stm32f10x_tim.o(.text)
    TIM_SetCompare1                          0x08078e29   Thumb Code     4  stm32f10x_tim.o(.text)
    TIM_SetCompare2                          0x08078e2d   Thumb Code     4  stm32f10x_tim.o(.text)
    TIM_SetCompare3                          0x08078e31   Thumb Code     4  stm32f10x_tim.o(.text)
    TIM_SetCompare4                          0x08078e35   Thumb Code     6  stm32f10x_tim.o(.text)
    TIM_SetClockDivision                     0x08078e3b   Thumb Code    18  stm32f10x_tim.o(.text)
    TIM_GetCapture1                          0x08078e4d   Thumb Code     6  stm32f10x_tim.o(.text)
    TIM_GetCapture2                          0x08078e53   Thumb Code     6  stm32f10x_tim.o(.text)
    TIM_GetCapture3                          0x08078e59   Thumb Code     6  stm32f10x_tim.o(.text)
    TIM_GetCapture4                          0x08078e5f   Thumb Code     8  stm32f10x_tim.o(.text)
    TIM_GetCounter                           0x08078e67   Thumb Code     6  stm32f10x_tim.o(.text)
    TIM_GetPrescaler                         0x08078e6d   Thumb Code     6  stm32f10x_tim.o(.text)
    TIM_GetFlagStatus                        0x08078e73   Thumb Code    18  stm32f10x_tim.o(.text)
    TIM_ClearFlag                            0x08078e85   Thumb Code     6  stm32f10x_tim.o(.text)
    TIM_GetITStatus                          0x08078e8b   Thumb Code    34  stm32f10x_tim.o(.text)
    TIM_ClearITPendingBit                    0x08078ead   Thumb Code     6  stm32f10x_tim.o(.text)
    SPI_I2S_DeInit                           0x08078eb5   Thumb Code    76  stm32f10x_spi.o(.text)
    SPI_Init                                 0x08078f01   Thumb Code    60  stm32f10x_spi.o(.text)
    I2S_Init                                 0x08078f3d   Thumb Code   226  stm32f10x_spi.o(.text)
    SPI_StructInit                           0x0807901f   Thumb Code    24  stm32f10x_spi.o(.text)
    I2S_StructInit                           0x08079037   Thumb Code    20  stm32f10x_spi.o(.text)
    SPI_Cmd                                  0x0807904b   Thumb Code    24  stm32f10x_spi.o(.text)
    I2S_Cmd                                  0x08079063   Thumb Code    24  stm32f10x_spi.o(.text)
    SPI_I2S_ITConfig                         0x0807907b   Thumb Code    32  stm32f10x_spi.o(.text)
    SPI_I2S_DMACmd                           0x0807909b   Thumb Code    18  stm32f10x_spi.o(.text)
    SPI_I2S_SendData                         0x080790ad   Thumb Code     4  stm32f10x_spi.o(.text)
    SPI_I2S_ReceiveData                      0x080790b1   Thumb Code     6  stm32f10x_spi.o(.text)
    SPI_NSSInternalSoftwareConfig            0x080790b7   Thumb Code    30  stm32f10x_spi.o(.text)
    SPI_SSOutputCmd                          0x080790d5   Thumb Code    24  stm32f10x_spi.o(.text)
    SPI_DataSizeConfig                       0x080790ed   Thumb Code    18  stm32f10x_spi.o(.text)
    SPI_TransmitCRC                          0x080790ff   Thumb Code    10  stm32f10x_spi.o(.text)
    SPI_CalculateCRC                         0x08079109   Thumb Code    24  stm32f10x_spi.o(.text)
    SPI_GetCRC                               0x08079121   Thumb Code    16  stm32f10x_spi.o(.text)
    SPI_GetCRCPolynomial                     0x08079131   Thumb Code     6  stm32f10x_spi.o(.text)
    SPI_BiDirectionalLineConfig              0x08079137   Thumb Code    28  stm32f10x_spi.o(.text)
    SPI_I2S_GetFlagStatus                    0x08079153   Thumb Code    18  stm32f10x_spi.o(.text)
    SPI_I2S_ClearFlag                        0x08079165   Thumb Code     6  stm32f10x_spi.o(.text)
    SPI_I2S_GetITStatus                      0x0807916b   Thumb Code    52  stm32f10x_spi.o(.text)
    SPI_I2S_ClearITPendingBit                0x0807919f   Thumb Code    20  stm32f10x_spi.o(.text)
    usmart_sys_cmd_exe                       0x080791c1   Thumb Code  1554  usmart.o(.text)
    usmart_reset_runtime                     0x080797d3   Thumb Code    38  usmart.o(.text)
    usmart_get_runtime                       0x080797f9   Thumb Code    60  usmart.o(.text)
    TIM4_IRQHandler                          0x08079835   Thumb Code    46  usmart.o(.text)
    Timer4_Init                              0x08079863   Thumb Code    88  usmart.o(.text)
    usmart_init                              0x080798bb   Thumb Code    36  usmart.o(.text)
    usmart_cmd_rec                           0x080798df   Thumb Code   170  usmart.o(.text)
    usmart_exe                               0x08079989   Thumb Code   870  usmart.o(.text)
    usmart_scan                              0x08079cef   Thumb Code   120  usmart.o(.text)
    read_addr                                0x08079d67   Thumb Code     6  usmart.o(.text)
    write_addr                               0x08079d6d   Thumb Code     4  usmart.o(.text)
    usmart_strcmp                            0x08079df9   Thumb Code    34  usmart_str.o(.text)
    usmart_strcopy                           0x08079e1b   Thumb Code    22  usmart_str.o(.text)
    usmart_strlen                            0x08079e31   Thumb Code    24  usmart_str.o(.text)
    usmart_pow                               0x08079e49   Thumb Code    22  usmart_str.o(.text)
    usmart_str2num                           0x08079e5f   Thumb Code   202  usmart_str.o(.text)
    usmart_get_cmdname                       0x08079f29   Thumb Code    54  usmart_str.o(.text)
    usmart_search_nextc                      0x08079f5f   Thumb Code    22  usmart_str.o(.text)
    usmart_get_fname                         0x08079f75   Thumb Code   440  usmart_str.o(.text)
    usmart_get_aparm                         0x0807a12d   Thumb Code   200  usmart_str.o(.text)
    usmart_get_parmpos                       0x0807a1f5   Thumb Code    26  usmart_str.o(.text)
    usmart_get_fparam                        0x0807a20f   Thumb Code   262  usmart_str.o(.text)
    __use_no_semihosting                     0x0807a321   Thumb Code     2  use_no_semi_2.o(.text)
    __c89vsprintf                            0x0807a325   Thumb Code    32  c89vsprintf.o(.text)
    __2printf                                0x0807a349   Thumb Code    20  __2printf.o(.text)
    __2sprintf                               0x0807a361   Thumb Code    38  __2sprintf.o(.text)
    _printf_pre_padding                      0x0807a38d   Thumb Code    44  _printf_pad.o(.text)
    _printf_post_padding                     0x0807a3b9   Thumb Code    34  _printf_pad.o(.text)
    _printf_str                              0x0807a3db   Thumb Code    82  _printf_str.o(.text)
    _printf_int_dec                          0x0807a42d   Thumb Code   104  _printf_dec.o(.text)
    _printf_longlong_hex                     0x0807a4a5   Thumb Code    86  _printf_hex_int_ll_ptr.o(.text)
    _printf_int_hex                          0x0807a4fb   Thumb Code    28  _printf_hex_int_ll_ptr.o(.text)
    _printf_ll_hex                           0x0807a517   Thumb Code    12  _printf_hex_int_ll_ptr.o(.text)
    _printf_hex_ptr                          0x0807a523   Thumb Code    18  _printf_hex_int_ll_ptr.o(.text)
    __printf                                 0x0807a539   Thumb Code   388  __printf_flags_ss_wp.o(.text)
    __0sscanf                                0x0807a6c1   Thumb Code    52  __0sscanf.o(.text)
    _scanf_int                               0x0807a6fd   Thumb Code   332  _scanf_int.o(.text)
    strstr                                   0x0807a849   Thumb Code    36  strstr.o(.text)
    strlen                                   0x0807a86d   Thumb Code    62  strlen.o(.text)
    __use_two_region_memory                  0x0807a8ab   Thumb Code     2  heapauxi.o(.text)
    __rt_heap_escrow$2region                 0x0807a8ad   Thumb Code     2  heapauxi.o(.text)
    __rt_heap_expand$2region                 0x0807a8af   Thumb Code     2  heapauxi.o(.text)
    __I$use$semihosting                      0x0807a8b1   Thumb Code     0  use_no_semi.o(.text)
    __use_no_semihosting_swi                 0x0807a8b1   Thumb Code     2  use_no_semi.o(.text)
    _printf_truncate_signed                  0x0807a8b3   Thumb Code    18  _printf_truncate.o(.text)
    _printf_truncate_unsigned                0x0807a8c5   Thumb Code    18  _printf_truncate.o(.text)
    _printf_int_common                       0x0807a8d7   Thumb Code   178  _printf_intcommon.o(.text)
    _printf_charcount                        0x0807a989   Thumb Code    40  _printf_charcount.o(.text)
    _printf_char_common                      0x0807a9bb   Thumb Code    32  _printf_char_common.o(.text)
    _sputc                                   0x0807a9e1   Thumb Code    10  _sputc.o(.text)
    _printf_cs_common                        0x0807a9eb   Thumb Code    20  _printf_char.o(.text)
    _printf_char                             0x0807a9ff   Thumb Code    16  _printf_char.o(.text)
    _printf_string                           0x0807aa0f   Thumb Code     8  _printf_char.o(.text)
    _printf_char_file                        0x0807aa19   Thumb Code    32  _printf_char_file.o(.text)
    _printf_wctomb                           0x0807aa3d   Thumb Code   182  _printf_wctomb.o(.text)
    _printf_longlong_dec                     0x0807aaf9   Thumb Code   108  _printf_longlong_dec.o(.text)
    _printf_longlong_oct                     0x0807ab75   Thumb Code    66  _printf_oct_int_ll.o(.text)
    _printf_int_oct                          0x0807abb7   Thumb Code    24  _printf_oct_int_ll.o(.text)
    _printf_ll_oct                           0x0807abcf   Thumb Code    12  _printf_oct_int_ll.o(.text)
    _chval                                   0x0807abe5   Thumb Code    28  _chval.o(.text)
    __vfscanf_char                           0x0807ac0d   Thumb Code    24  scanf_char.o(.text)
    _sgetc                                   0x0807ac2d   Thumb Code    30  _sgetc.o(.text)
    _sbackspace                              0x0807ac4b   Thumb Code    34  _sgetc.o(.text)
    _ll_udiv10                               0x0807ac6d   Thumb Code   138  lludiv10.o(.text)
    isspace                                  0x0807acf7   Thumb Code    18  isspace.o(.text)
    __lib_sel_fp_printf                      0x0807ad09   Thumb Code     2  _printf_fp_dec.o(.text)
    _printf_fp_dec_real                      0x0807aebb   Thumb Code   620  _printf_fp_dec.o(.text)
    _printf_lcs_common                       0x0807b127   Thumb Code    20  _printf_wchar.o(.text)
    _printf_wchar                            0x0807b13b   Thumb Code    16  _printf_wchar.o(.text)
    _printf_wstring                          0x0807b14b   Thumb Code     8  _printf_wchar.o(.text)
    __vfscanf                                0x0807b155   Thumb Code   878  _scanf.o(.text)
    ferror                                   0x0807b4c9   Thumb Code     8  ferror.o(.text)
    _wcrtomb                                 0x0807b4d1   Thumb Code    64  _wcrtomb.o(.text)
    __user_setup_stackheap                   0x0807b511   Thumb Code    74  sys_stackheap_outer.o(.text)
    __rt_ctype_table                         0x0807b55d   Thumb Code    16  rt_ctype_table.o(.text)
    __rt_locale                              0x0807b56d   Thumb Code     8  rt_locale_intlibspace.o(.text)
    _printf_fp_infnan                        0x0807b575   Thumb Code   112  _printf_fp_infnan.o(.text)
    _btod_etento                             0x0807b5f5   Thumb Code   224  bigflt0.o(.text)
    exit                                     0x0807b6d9   Thumb Code    18  exit.o(.text)
    __user_libspace                          0x0807b6ed   Thumb Code     8  libspace.o(.text)
    __user_perproc_libspace                  0x0807b6ed   Thumb Code     0  libspace.o(.text)
    __user_perthread_libspace                0x0807b6ed   Thumb Code     0  libspace.o(.text)
    strcmp                                   0x0807b6f5   Thumb Code   128  strcmpv7m.o(.text)
    _btod_d2e                                0x0807b775   Thumb Code    62  btod.o(CL$$btod_d2e)
    _d2e_denorm_low                          0x0807b7b3   Thumb Code    70  btod.o(CL$$btod_d2e_denorm_low)
    _d2e_norm_op1                            0x0807b7f9   Thumb Code    96  btod.o(CL$$btod_d2e_norm_op1)
    __btod_div_common                        0x0807b859   Thumb Code   696  btod.o(CL$$btod_div_common)
    _e2e                                     0x0807bb91   Thumb Code   220  btod.o(CL$$btod_e2e)
    _btod_ediv                               0x0807bc6d   Thumb Code    42  btod.o(CL$$btod_ediv)
    _btod_emul                               0x0807bc97   Thumb Code    42  btod.o(CL$$btod_emul)
    __btod_mult_common                       0x0807bcc1   Thumb Code   580  btod.o(CL$$btod_mult_common)
    CRC32Software                            0x0807bf05   Thumb Code    40  f_crc32.o(i.CRC32Software)
    CRC32Software_                           0x0807bf31   Thumb Code    40  f_crc32.o(i.CRC32Software_)
    __ARM_fpclassify                         0x0807bf5d   Thumb Code    40  fpclassify.o(i.__ARM_fpclassify)
    _is_digit                                0x0807bf85   Thumb Code    14  __printf_wp.o(i._is_digit)
    _get_lc_numeric                          0x0807bf95   Thumb Code    44  lc_numeric_c.o(locale$$code)
    _get_lc_ctype                            0x0807bfc1   Thumb Code    44  lc_ctype_c.o(locale$$code)
    __aeabi_d2uiz                            0x0807bfed   Thumb Code     0  dfixu.o(x$fpl$dfixu)
    _dfixu                                   0x0807bfed   Thumb Code    90  dfixu.o(x$fpl$dfixu)
    __aeabi_ui2d                             0x0807c047   Thumb Code     0  dflt_clz.o(x$fpl$dfltu)
    _dfltu                                   0x0807c047   Thumb Code    38  dflt_clz.o(x$fpl$dfltu)
    __aeabi_dmul                             0x0807c06d   Thumb Code     0  dmul.o(x$fpl$dmul)
    _dmul                                    0x0807c06d   Thumb Code   332  dmul.o(x$fpl$dmul)
    __fpl_dnaninf                            0x0807c1c1   Thumb Code   156  dnaninf.o(x$fpl$dnaninf)
    __fpl_dretinf                            0x0807c25d   Thumb Code    12  dretinf.o(x$fpl$dretinf)
    _printf_fp_dec                           0x0807c269   Thumb Code     4  printf1.o(x$fpl$printf1)
    __I$use$fp                               0x0807c26c   Number         0  usenofp.o(x$fpl$usenofp)
    asc2_1206                                0x0807c273   Data        1140  lcd.o(.constdata)
    asc2_1608                                0x0807c6e7   Data        1520  lcd.o(.constdata)
    asc2_2412                                0x0807ccd7   Data        3420  lcd.o(.constdata)
    table_week                               0x0807da33   Data          12  rtc.o(.constdata)
    mon_table                                0x0807da3f   Data          12  rtc.o(.constdata)
    memtblsize                               0x0807da4c   Data           8  malloc.o(.constdata)
    memblksize                               0x0807da54   Data           8  malloc.o(.constdata)
    memsize                                  0x0807da5c   Data           8  malloc.o(.constdata)
    Crc32Table                               0x0807da64   Data        1024  f_crc32.o(.constdata)
    Region$$Table$$Base                      0x0807e05c   Number         0  anon$$obj.o(Region$$Table)
    Region$$Table$$Limit                     0x0807e07c   Number         0  anon$$obj.o(Region$$Table)
    __ctype                                  0x0807e0a5   Data           0  lc_ctype_c.o(locale$$data)
    SystemCoreClock                          0x20000000   Data           4  system_stm32f10x.o(.data)
    AHBPrescTable                            0x20000004   Data          16  system_stm32f10x.o(.data)
    Crc_file                                 0x20000014   Data           4  upgrade_1.o(.data)
    Upgrade_Flag                             0x20000018   Data           1  upgrade_1.o(.data)
    wifista_ssid                             0x2000001c   Data           4  wifista.o(.data)
    wifista_encryption                       0x20000020   Data           4  wifista.o(.data)
    wifista_password                         0x20000024   Data           4  wifista.o(.data)
    ATK_ESP8266_ECN_TBL                      0x20000028   Data          20  wifista.o(.data)
    POINT_COLOR                              0x2000003c   Data           2  lcd.o(.data)
    BACK_COLOR                               0x2000003e   Data           2  lcd.o(.data)
    up_flag                                  0x20000042   Data           1  timer.o(.data)
    USART3_RX_STA                            0x20000044   Data           2  usart3.o(.data)
    W25QXX_TYPE                              0x20000046   Data           2  w25qxx.o(.data)
    __stdout                                 0x2000004c   Data           4  usart.o(.data)
    USART_RX_STA                             0x20000050   Data           2  usart.o(.data)
    mallco_dev                               0x20000054   Data          28  malloc.o(.data)
    sys_cmd_tab                              0x20000084   Data          28  usmart.o(.data)
    usmart_nametab                           0x200000a0   Data          40  usmart_config.o(.data)
    usmart_dev                               0x200000c8   Data         244  usmart_config.o(.data)
    lcddev                                   0x200001bc   Data          14  lcd.o(.bss)
    calendar                                 0x200001ca   Data          10  rtc.o(.bss)
    USART3_RX_BUF                            0x200001d4   Data        5200  usart3.o(.bss)
    USART3_RX_BUF1                           0x20001624   Data        5200  usart3.o(.bss)
    USART3_TX_BUF                            0x20002a74   Data         600  usart3.o(.bss)
    W25QXX_BUFFER                            0x20002ccc   Data        4096  w25qxx.o(.bss)
    USART_RX_BUF                             0x20003ccc   Data         200  usart.o(.bss)
    mem1base                                 0x20003da0   Data       15360  malloc.o(.bss)
    mem1mapbase                              0x200079a0   Data         960  malloc.o(.bss)
    __libspace_start                         0x20007d60   Data          96  libspace.o(.bss)
    __temporary_stack_top$libspace           0x20007dc0   Data           0  libspace.o(.bss)
    mem2base                                 0x68000000   Data          32  malloc.o(.ARM.__AT_0x68000000)
    mem2mapbase                              0x68000020   Data           2  malloc.o(.ARM.__AT_0x68000020)



==============================================================================

Memory Map of the image

  Image Entry point : 0x08070131

  Load Region LR_IROM1 (Base: 0x08070000, Size: 0x0000e364, Max: 0x00010000, ABSOLUTE, COMPRESSED[0x0000e244])

    Execution Region ER_IROM1 (Exec base: 0x08070000, Load base: 0x08070000, Size: 0x0000e1a8, Max: 0x00010000, ABSOLUTE)

    Exec Addr    Load Addr    Size         Type   Attr      Idx    E Section Name        Object

    0x08070000   0x08070000   0x00000130   Data   RO          649    RESET               startup_stm32f10x_hd.o
    0x08070130   0x08070130   0x00000008   Code   RO          940  * !!!main             c_w.l(__main.o)
    0x08070138   0x08070138   0x00000034   Code   RO         1229    !!!scatter          c_w.l(__scatter.o)
    0x0807016c   0x0807016c   0x0000005a   Code   RO         1227    !!dczerorl2         c_w.l(__dczerorl2.o)
    0x080701c6   0x080701c6   0x00000002   PAD
    0x080701c8   0x080701c8   0x0000001c   Code   RO         1231    !!handler_zi        c_w.l(__scatter_zi.o)
    0x080701e4   0x080701e4   0x00000000   Code   RO          929    .ARM.Collect$$_printf_percent$$00000000  c_w.l(_printf_percent.o)
    0x080701e4   0x080701e4   0x00000006   Code   RO          982    .ARM.Collect$$_printf_percent$$00000001  c_w.l(_printf_n.o)
    0x080701ea   0x080701ea   0x00000006   Code   RO          983    .ARM.Collect$$_printf_percent$$00000002  c_w.l(_printf_p.o)
    0x080701f0   0x080701f0   0x00000006   Code   RO          986    .ARM.Collect$$_printf_percent$$00000003  c_w.l(_printf_f.o)
    0x080701f6   0x080701f6   0x00000006   Code   RO          987    .ARM.Collect$$_printf_percent$$00000004  c_w.l(_printf_e.o)
    0x080701fc   0x080701fc   0x00000006   Code   RO          988    .ARM.Collect$$_printf_percent$$00000005  c_w.l(_printf_g.o)
    0x08070202   0x08070202   0x00000006   Code   RO          989    .ARM.Collect$$_printf_percent$$00000006  c_w.l(_printf_a.o)
    0x08070208   0x08070208   0x0000000a   Code   RO          994    .ARM.Collect$$_printf_percent$$00000007  c_w.l(_printf_ll.o)
    0x08070212   0x08070212   0x00000006   Code   RO          985    .ARM.Collect$$_printf_percent$$00000008  c_w.l(_printf_i.o)
    0x08070218   0x08070218   0x00000006   Code   RO          927    .ARM.Collect$$_printf_percent$$00000009  c_w.l(_printf_d.o)
    0x0807021e   0x0807021e   0x00000006   Code   RO          928    .ARM.Collect$$_printf_percent$$0000000A  c_w.l(_printf_u.o)
    0x08070224   0x08070224   0x00000006   Code   RO          984    .ARM.Collect$$_printf_percent$$0000000B  c_w.l(_printf_o.o)
    0x0807022a   0x0807022a   0x00000006   Code   RO          926    .ARM.Collect$$_printf_percent$$0000000C  c_w.l(_printf_x.o)
    0x08070230   0x08070230   0x00000006   Code   RO          991    .ARM.Collect$$_printf_percent$$0000000D  c_w.l(_printf_lli.o)
    0x08070236   0x08070236   0x00000006   Code   RO          992    .ARM.Collect$$_printf_percent$$0000000E  c_w.l(_printf_lld.o)
    0x0807023c   0x0807023c   0x00000006   Code   RO          993    .ARM.Collect$$_printf_percent$$0000000F  c_w.l(_printf_llu.o)
    0x08070242   0x08070242   0x00000006   Code   RO          998    .ARM.Collect$$_printf_percent$$00000010  c_w.l(_printf_llo.o)
    0x08070248   0x08070248   0x00000006   Code   RO          999    .ARM.Collect$$_printf_percent$$00000011  c_w.l(_printf_llx.o)
    0x0807024e   0x0807024e   0x0000000a   Code   RO          995    .ARM.Collect$$_printf_percent$$00000012  c_w.l(_printf_l.o)
    0x08070258   0x08070258   0x00000006   Code   RO          924    .ARM.Collect$$_printf_percent$$00000013  c_w.l(_printf_c.o)
    0x0807025e   0x0807025e   0x00000006   Code   RO          925    .ARM.Collect$$_printf_percent$$00000014  c_w.l(_printf_s.o)
    0x08070264   0x08070264   0x00000006   Code   RO          996    .ARM.Collect$$_printf_percent$$00000015  c_w.l(_printf_lc.o)
    0x0807026a   0x0807026a   0x00000006   Code   RO          997    .ARM.Collect$$_printf_percent$$00000016  c_w.l(_printf_ls.o)
    0x08070270   0x08070270   0x00000004   Code   RO          990    .ARM.Collect$$_printf_percent$$00000017  c_w.l(_printf_percent_end.o)
    0x08070274   0x08070274   0x00000002   Code   RO         1092    .ARM.Collect$$libinit$$00000000  c_w.l(libinit.o)
    0x08070276   0x08070276   0x00000000   Code   RO         1108    .ARM.Collect$$libinit$$00000002  c_w.l(libinit2.o)
    0x08070276   0x08070276   0x00000000   Code   RO         1110    .ARM.Collect$$libinit$$00000004  c_w.l(libinit2.o)
    0x08070276   0x08070276   0x00000000   Code   RO         1113    .ARM.Collect$$libinit$$0000000A  c_w.l(libinit2.o)
    0x08070276   0x08070276   0x00000000   Code   RO         1115    .ARM.Collect$$libinit$$0000000C  c_w.l(libinit2.o)
    0x08070276   0x08070276   0x00000000   Code   RO         1117    .ARM.Collect$$libinit$$0000000E  c_w.l(libinit2.o)
    0x08070276   0x08070276   0x00000006   Code   RO         1118    .ARM.Collect$$libinit$$0000000F  c_w.l(libinit2.o)
    0x0807027c   0x0807027c   0x00000000   Code   RO         1120    .ARM.Collect$$libinit$$00000011  c_w.l(libinit2.o)
    0x0807027c   0x0807027c   0x0000000c   Code   RO         1121    .ARM.Collect$$libinit$$00000012  c_w.l(libinit2.o)
    0x08070288   0x08070288   0x00000000   Code   RO         1122    .ARM.Collect$$libinit$$00000013  c_w.l(libinit2.o)
    0x08070288   0x08070288   0x00000000   Code   RO         1124    .ARM.Collect$$libinit$$00000015  c_w.l(libinit2.o)
    0x08070288   0x08070288   0x0000000a   Code   RO         1125    .ARM.Collect$$libinit$$00000016  c_w.l(libinit2.o)
    0x08070292   0x08070292   0x00000000   Code   RO         1126    .ARM.Collect$$libinit$$00000017  c_w.l(libinit2.o)
    0x08070292   0x08070292   0x00000000   Code   RO         1128    .ARM.Collect$$libinit$$00000019  c_w.l(libinit2.o)
    0x08070292   0x08070292   0x00000000   Code   RO         1130    .ARM.Collect$$libinit$$0000001B  c_w.l(libinit2.o)
    0x08070292   0x08070292   0x00000000   Code   RO         1132    .ARM.Collect$$libinit$$0000001D  c_w.l(libinit2.o)
    0x08070292   0x08070292   0x00000000   Code   RO         1134    .ARM.Collect$$libinit$$0000001F  c_w.l(libinit2.o)
    0x08070292   0x08070292   0x00000000   Code   RO         1136    .ARM.Collect$$libinit$$00000021  c_w.l(libinit2.o)
    0x08070292   0x08070292   0x00000000   Code   RO         1138    .ARM.Collect$$libinit$$00000023  c_w.l(libinit2.o)
    0x08070292   0x08070292   0x00000000   Code   RO         1140    .ARM.Collect$$libinit$$00000025  c_w.l(libinit2.o)
    0x08070292   0x08070292   0x00000000   Code   RO         1144    .ARM.Collect$$libinit$$0000002C  c_w.l(libinit2.o)
    0x08070292   0x08070292   0x00000000   Code   RO         1146    .ARM.Collect$$libinit$$0000002E  c_w.l(libinit2.o)
    0x08070292   0x08070292   0x00000000   Code   RO         1148    .ARM.Collect$$libinit$$00000030  c_w.l(libinit2.o)
    0x08070292   0x08070292   0x00000000   Code   RO         1150    .ARM.Collect$$libinit$$00000032  c_w.l(libinit2.o)
    0x08070292   0x08070292   0x00000002   Code   RO         1151    .ARM.Collect$$libinit$$00000033  c_w.l(libinit2.o)
    0x08070294   0x08070294   0x00000002   Code   RO         1169    .ARM.Collect$$libshutdown$$00000000  c_w.l(libshutdown.o)
    0x08070296   0x08070296   0x00000000   Code   RO         1179    .ARM.Collect$$libshutdown$$00000002  c_w.l(libshutdown2.o)
    0x08070296   0x08070296   0x00000000   Code   RO         1181    .ARM.Collect$$libshutdown$$00000004  c_w.l(libshutdown2.o)
    0x08070296   0x08070296   0x00000000   Code   RO         1184    .ARM.Collect$$libshutdown$$00000007  c_w.l(libshutdown2.o)
    0x08070296   0x08070296   0x00000000   Code   RO         1187    .ARM.Collect$$libshutdown$$0000000A  c_w.l(libshutdown2.o)
    0x08070296   0x08070296   0x00000000   Code   RO         1189    .ARM.Collect$$libshutdown$$0000000C  c_w.l(libshutdown2.o)
    0x08070296   0x08070296   0x00000000   Code   RO         1192    .ARM.Collect$$libshutdown$$0000000F  c_w.l(libshutdown2.o)
    0x08070296   0x08070296   0x00000002   Code   RO         1193    .ARM.Collect$$libshutdown$$00000010  c_w.l(libshutdown2.o)
    0x08070298   0x08070298   0x00000000   Code   RO          956    .ARM.Collect$$rtentry$$00000000  c_w.l(__rtentry.o)
    0x08070298   0x08070298   0x00000000   Code   RO         1014    .ARM.Collect$$rtentry$$00000002  c_w.l(__rtentry2.o)
    0x08070298   0x08070298   0x00000006   Code   RO         1026    .ARM.Collect$$rtentry$$00000004  c_w.l(__rtentry4.o)
    0x0807029e   0x0807029e   0x00000000   Code   RO         1016    .ARM.Collect$$rtentry$$00000009  c_w.l(__rtentry2.o)
    0x0807029e   0x0807029e   0x00000004   Code   RO         1017    .ARM.Collect$$rtentry$$0000000A  c_w.l(__rtentry2.o)
    0x080702a2   0x080702a2   0x00000000   Code   RO         1019    .ARM.Collect$$rtentry$$0000000C  c_w.l(__rtentry2.o)
    0x080702a2   0x080702a2   0x00000008   Code   RO         1020    .ARM.Collect$$rtentry$$0000000D  c_w.l(__rtentry2.o)
    0x080702aa   0x080702aa   0x00000002   Code   RO         1100    .ARM.Collect$$rtexit$$00000000  c_w.l(rtexit.o)
    0x080702ac   0x080702ac   0x00000000   Code   RO         1153    .ARM.Collect$$rtexit$$00000002  c_w.l(rtexit2.o)
    0x080702ac   0x080702ac   0x00000004   Code   RO         1154    .ARM.Collect$$rtexit$$00000003  c_w.l(rtexit2.o)
    0x080702b0   0x080702b0   0x00000006   Code   RO         1155    .ARM.Collect$$rtexit$$00000004  c_w.l(rtexit2.o)
    0x080702b6   0x080702b6   0x00000002   PAD
    0x080702b8   0x080702b8   0x00000308   Code   RO            1    .text               main.o
    0x080705c0   0x080705c0   0x0000001a   Code   RO          169    .text               stm32f10x_it.o
    0x080705da   0x080705da   0x00000002   PAD
    0x080705dc   0x080705dc   0x000001e0   Code   RO          267    .text               system_stm32f10x.o
    0x080707bc   0x080707bc   0x000005d8   Code   RO          285    .text               upgrade_1.o
    0x08070d94   0x08070d94   0x00000350   Code   RO          324    .text               wifista.o
    0x080710e4   0x080710e4   0x0000004c   Code   RO          391    .text               led.o
    0x08071130   0x08071130   0x00004a56   Code   RO          422    .text               lcd.o
    0x08075b86   0x08075b86   0x00000002   PAD
    0x08075b88   0x08075b88   0x0000038c   Code   RO          445    .text               rtc.o
    0x08075f14   0x08075f14   0x0000006e   Code   RO          465    .text               crc32.o
    0x08075f82   0x08075f82   0x00000002   PAD
    0x08075f84   0x08075f84   0x00000108   Code   RO          483    .text               spi.o
    0x0807608c   0x0807608c   0x0000016c   Code   RO          498    .text               timer.o
    0x080761f8   0x080761f8   0x000001b4   Code   RO          516    .text               usart3.o
    0x080763ac   0x080763ac   0x00000368   Code   RO          542    .text               w25qxx.o
    0x08076714   0x08076714   0x000000d4   Code   RO          561    .text               delay.o
    0x080767e8   0x080767e8   0x00000140   Code   RO          592    .text               usart.o
    0x08076928   0x08076928   0x00000268   Code   RO          615    .text               malloc.o
    0x08076b90   0x08076b90   0x00000040   Code   RO          650    .text               startup_stm32f10x_hd.o
    0x08076bd0   0x08076bd0   0x000000dc   Code   RO          654    .text               misc.o
    0x08076cac   0x08076cac   0x000000c4   Code   RO          666    .text               stm32f10x_bkp.o
    0x08076d70   0x08076d70   0x0000060c   Code   RO          678    .text               stm32f10x_fsmc.o
    0x0807737c   0x0807737c   0x0000035c   Code   RO          690    .text               stm32f10x_gpio.o
    0x080776d8   0x080776d8   0x000000cc   Code   RO          702    .text               stm32f10x_pwr.o
    0x080777a4   0x080777a4   0x000003a4   Code   RO          714    .text               stm32f10x_rcc.o
    0x08077b48   0x08077b48   0x00000408   Code   RO          728    .text               stm32f10x_usart.o
    0x08077f50   0x08077f50   0x00000148   Code   RO          740    .text               stm32f10x_rtc.o
    0x08078098   0x08078098   0x00000e1a   Code   RO          752    .text               stm32f10x_tim.o
    0x08078eb2   0x08078eb2   0x00000002   PAD
    0x08078eb4   0x08078eb4   0x0000030c   Code   RO          764    .text               stm32f10x_spi.o
    0x080791c0   0x080791c0   0x00000c38   Code   RO          776    .text               usmart.o
    0x08079df8   0x08079df8   0x00000528   Code   RO          816    .text               usmart_str.o
    0x0807a320   0x0807a320   0x00000002   Code   RO          863    .text               c_w.l(use_no_semi_2.o)
    0x0807a322   0x0807a322   0x00000002   PAD
    0x0807a324   0x0807a324   0x00000024   Code   RO          865    .text               c_w.l(c89vsprintf.o)
    0x0807a348   0x0807a348   0x00000018   Code   RO          867    .text               c_w.l(__2printf.o)
    0x0807a360   0x0807a360   0x0000002c   Code   RO          869    .text               c_w.l(__2sprintf.o)
    0x0807a38c   0x0807a38c   0x0000004e   Code   RO          877    .text               c_w.l(_printf_pad.o)
    0x0807a3da   0x0807a3da   0x00000052   Code   RO          879    .text               c_w.l(_printf_str.o)
    0x0807a42c   0x0807a42c   0x00000078   Code   RO          881    .text               c_w.l(_printf_dec.o)
    0x0807a4a4   0x0807a4a4   0x00000094   Code   RO          901    .text               c_w.l(_printf_hex_int_ll_ptr.o)
    0x0807a538   0x0807a538   0x00000188   Code   RO          921    .text               c_w.l(__printf_flags_ss_wp.o)
    0x0807a6c0   0x0807a6c0   0x0000003c   Code   RO          930    .text               c_w.l(__0sscanf.o)
    0x0807a6fc   0x0807a6fc   0x0000014c   Code   RO          932    .text               c_w.l(_scanf_int.o)
    0x0807a848   0x0807a848   0x00000024   Code   RO          934    .text               c_w.l(strstr.o)
    0x0807a86c   0x0807a86c   0x0000003e   Code   RO          936    .text               c_w.l(strlen.o)
    0x0807a8aa   0x0807a8aa   0x00000006   Code   RO          938    .text               c_w.l(heapauxi.o)
    0x0807a8b0   0x0807a8b0   0x00000002   Code   RO          954    .text               c_w.l(use_no_semi.o)
    0x0807a8b2   0x0807a8b2   0x00000024   Code   RO          957    .text               c_w.l(_printf_truncate.o)
    0x0807a8d6   0x0807a8d6   0x000000b2   Code   RO          959    .text               c_w.l(_printf_intcommon.o)
    0x0807a988   0x0807a988   0x00000028   Code   RO          961    .text               c_w.l(_printf_charcount.o)
    0x0807a9b0   0x0807a9b0   0x00000030   Code   RO          963    .text               c_w.l(_printf_char_common.o)
    0x0807a9e0   0x0807a9e0   0x0000000a   Code   RO          965    .text               c_w.l(_sputc.o)
    0x0807a9ea   0x0807a9ea   0x0000002c   Code   RO          967    .text               c_w.l(_printf_char.o)
    0x0807aa16   0x0807aa16   0x00000002   PAD
    0x0807aa18   0x0807aa18   0x00000024   Code   RO          969    .text               c_w.l(_printf_char_file.o)
    0x0807aa3c   0x0807aa3c   0x000000bc   Code   RO          971    .text               c_w.l(_printf_wctomb.o)
    0x0807aaf8   0x0807aaf8   0x0000007c   Code   RO          974    .text               c_w.l(_printf_longlong_dec.o)
    0x0807ab74   0x0807ab74   0x00000070   Code   RO          980    .text               c_w.l(_printf_oct_int_ll.o)
    0x0807abe4   0x0807abe4   0x0000001c   Code   RO         1000    .text               c_w.l(_chval.o)
    0x0807ac00   0x0807ac00   0x0000002c   Code   RO         1002    .text               c_w.l(scanf_char.o)
    0x0807ac2c   0x0807ac2c   0x00000040   Code   RO         1004    .text               c_w.l(_sgetc.o)
    0x0807ac6c   0x0807ac6c   0x0000008a   Code   RO         1028    .text               c_w.l(lludiv10.o)
    0x0807acf6   0x0807acf6   0x00000012   Code   RO         1030    .text               c_w.l(isspace.o)
    0x0807ad08   0x0807ad08   0x0000041e   Code   RO         1032    .text               c_w.l(_printf_fp_dec.o)
    0x0807b126   0x0807b126   0x0000002c   Code   RO         1036    .text               c_w.l(_printf_wchar.o)
    0x0807b152   0x0807b152   0x00000002   PAD
    0x0807b154   0x0807b154   0x00000374   Code   RO         1038    .text               c_w.l(_scanf.o)
    0x0807b4c8   0x0807b4c8   0x00000008   Code   RO         1040    .text               c_w.l(ferror.o)
    0x0807b4d0   0x0807b4d0   0x00000040   Code   RO         1044    .text               c_w.l(_wcrtomb.o)
    0x0807b510   0x0807b510   0x0000004a   Code   RO         1046    .text               c_w.l(sys_stackheap_outer.o)
    0x0807b55a   0x0807b55a   0x00000002   PAD
    0x0807b55c   0x0807b55c   0x00000010   Code   RO         1048    .text               c_w.l(rt_ctype_table.o)
    0x0807b56c   0x0807b56c   0x00000008   Code   RO         1053    .text               c_w.l(rt_locale_intlibspace.o)
    0x0807b574   0x0807b574   0x00000080   Code   RO         1055    .text               c_w.l(_printf_fp_infnan.o)
    0x0807b5f4   0x0807b5f4   0x000000e4   Code   RO         1057    .text               c_w.l(bigflt0.o)
    0x0807b6d8   0x0807b6d8   0x00000012   Code   RO         1085    .text               c_w.l(exit.o)
    0x0807b6ea   0x0807b6ea   0x00000002   PAD
    0x0807b6ec   0x0807b6ec   0x00000008   Code   RO         1097    .text               c_w.l(libspace.o)
    0x0807b6f4   0x0807b6f4   0x00000080   Code   RO         1105    .text               c_w.l(strcmpv7m.o)
    0x0807b774   0x0807b774   0x0000003e   Code   RO         1060    CL$$btod_d2e        c_w.l(btod.o)
    0x0807b7b2   0x0807b7b2   0x00000046   Code   RO         1062    CL$$btod_d2e_denorm_low  c_w.l(btod.o)
    0x0807b7f8   0x0807b7f8   0x00000060   Code   RO         1061    CL$$btod_d2e_norm_op1  c_w.l(btod.o)
    0x0807b858   0x0807b858   0x00000338   Code   RO         1070    CL$$btod_div_common  c_w.l(btod.o)
    0x0807bb90   0x0807bb90   0x000000dc   Code   RO         1067    CL$$btod_e2e        c_w.l(btod.o)
    0x0807bc6c   0x0807bc6c   0x0000002a   Code   RO         1064    CL$$btod_ediv       c_w.l(btod.o)
    0x0807bc96   0x0807bc96   0x0000002a   Code   RO         1063    CL$$btod_emul       c_w.l(btod.o)
    0x0807bcc0   0x0807bcc0   0x00000244   Code   RO         1069    CL$$btod_mult_common  c_w.l(btod.o)
    0x0807bf04   0x0807bf04   0x0000002c   Code   RO          828    i.CRC32Software     F_CRC_Lib.lib(f_crc32.o)
    0x0807bf30   0x0807bf30   0x0000002c   Code   RO          830    i.CRC32Software_    F_CRC_Lib.lib(f_crc32.o)
    0x0807bf5c   0x0807bf5c   0x00000028   Code   RO         1095    i.__ARM_fpclassify  m_ws.l(fpclassify.o)
    0x0807bf84   0x0807bf84   0x0000000e   Code   RO          914    i._is_digit         c_w.l(__printf_wp.o)
    0x0807bf92   0x0807bf92   0x00000002   PAD
    0x0807bf94   0x0807bf94   0x0000002c   Code   RO         1083    locale$$code        c_w.l(lc_numeric_c.o)
    0x0807bfc0   0x0807bfc0   0x0000002c   Code   RO         1103    locale$$code        c_w.l(lc_ctype_c.o)
    0x0807bfec   0x0807bfec   0x0000005a   Code   RO          942    x$fpl$dfixu         fz_ws.l(dfixu.o)
    0x0807c046   0x0807c046   0x00000026   Code   RO          946    x$fpl$dfltu         fz_ws.l(dflt_clz.o)
    0x0807c06c   0x0807c06c   0x00000154   Code   RO          952    x$fpl$dmul          fz_ws.l(dmul.o)
    0x0807c1c0   0x0807c1c0   0x0000009c   Code   RO         1006    x$fpl$dnaninf       fz_ws.l(dnaninf.o)
    0x0807c25c   0x0807c25c   0x0000000c   Code   RO         1008    x$fpl$dretinf       fz_ws.l(dretinf.o)
    0x0807c268   0x0807c268   0x00000004   Code   RO         1010    x$fpl$printf1       fz_ws.l(printf1.o)
    0x0807c26c   0x0807c26c   0x00000000   Code   RO         1012    x$fpl$usenofp       fz_ws.l(usenofp.o)
    0x0807c26c   0x0807c26c   0x00000007   Data   RO          286    .constdata          upgrade_1.o
    0x0807c273   0x0807c273   0x000017c0   Data   RO          424    .constdata          lcd.o
    0x0807da33   0x0807da33   0x00000018   Data   RO          447    .constdata          rtc.o
    0x0807da4b   0x0807da4b   0x00000001   PAD
    0x0807da4c   0x0807da4c   0x00000018   Data   RO          619    .constdata          malloc.o
    0x0807da64   0x0807da64   0x00000400   Data   RO          831    .constdata          F_CRC_Lib.lib(f_crc32.o)
    0x0807de64   0x0807de64   0x00000028   Data   RO          902    .constdata          c_w.l(_printf_hex_int_ll_ptr.o)
    0x0807de8c   0x0807de8c   0x00000011   Data   RO          922    .constdata          c_w.l(__printf_flags_ss_wp.o)
    0x0807de9d   0x0807de9d   0x00000003   PAD
    0x0807dea0   0x0807dea0   0x00000008   Data   RO          972    .constdata          c_w.l(_printf_wctomb.o)
    0x0807dea8   0x0807dea8   0x00000094   Data   RO         1058    .constdata          c_w.l(bigflt0.o)
    0x0807df3c   0x0807df3c   0x0000004d   Data   RO          325    .conststring        wifista.o
    0x0807df89   0x0807df89   0x00000003   PAD
    0x0807df8c   0x0807df8c   0x00000028   Data   RO          777    .conststring        usmart.o
    0x0807dfb4   0x0807dfb4   0x000000a7   Data   RO          799    .conststring        usmart_config.o
    0x0807e05b   0x0807e05b   0x00000001   PAD
    0x0807e05c   0x0807e05c   0x00000020   Data   RO         1225    Region$$Table       anon$$obj.o
    0x0807e07c   0x0807e07c   0x0000001c   Data   RO         1082    locale$$data        c_w.l(lc_numeric_c.o)
    0x0807e098   0x0807e098   0x00000110   Data   RO         1102    locale$$data        c_w.l(lc_ctype_c.o)


    Execution Region RW_IRAM1 (Exec base: 0x20000000, Load base: 0x0807e1a8, Size: 0x000083c0, Max: 0x00010000, ABSOLUTE, COMPRESSED[0x0000009c])

    Exec Addr    Load Addr    Size         Type   Attr      Idx    E Section Name        Object

    0x20000000   COMPRESSED   0x00000014   Data   RW          268    .data               system_stm32f10x.o
    0x20000014   COMPRESSED   0x00000005   Data   RW          287    .data               upgrade_1.o
    0x20000019   COMPRESSED   0x00000003   PAD
    0x2000001c   COMPRESSED   0x00000020   Data   RW          326    .data               wifista.o
    0x2000003c   COMPRESSED   0x00000004   Data   RW          425    .data               lcd.o
    0x20000040   COMPRESSED   0x00000002   Data   RW          448    .data               rtc.o
    0x20000042   COMPRESSED   0x00000001   Data   RW          499    .data               timer.o
    0x20000043   COMPRESSED   0x00000001   PAD
    0x20000044   COMPRESSED   0x00000002   Data   RW          518    .data               usart3.o
    0x20000046   COMPRESSED   0x00000002   Data   RW          544    .data               w25qxx.o
    0x20000048   COMPRESSED   0x00000004   Data   RW          562    .data               delay.o
    0x2000004c   COMPRESSED   0x00000006   Data   RW          594    .data               usart.o
    0x20000052   COMPRESSED   0x00000002   PAD
    0x20000054   COMPRESSED   0x0000001c   Data   RW          620    .data               malloc.o
    0x20000070   COMPRESSED   0x00000014   Data   RW          715    .data               stm32f10x_rcc.o
    0x20000084   COMPRESSED   0x0000001c   Data   RW          778    .data               usmart.o
    0x200000a0   COMPRESSED   0x0000011c   Data   RW          800    .data               usmart_config.o
    0x200001bc        -       0x0000000e   Zero   RW          423    .bss                lcd.o
    0x200001ca        -       0x0000000a   Zero   RW          446    .bss                rtc.o
    0x200001d4        -       0x00002af8   Zero   RW          517    .bss                usart3.o
    0x20002ccc        -       0x00001000   Zero   RW          543    .bss                w25qxx.o
    0x20003ccc        -       0x000000c8   Zero   RW          593    .bss                usart.o
    0x20003d94   COMPRESSED   0x0000000c   PAD
    0x20003da0        -       0x00003fc0   Zero   RW          618    .bss                malloc.o
    0x20007d60        -       0x00000060   Zero   RW         1098    .bss                c_w.l(libspace.o)
    0x20007dc0        -       0x00000200   Zero   RW          648    HEAP                startup_stm32f10x_hd.o
    0x20007fc0        -       0x00000400   Zero   RW          647    STACK               startup_stm32f10x_hd.o



  Load Region LR$$.ARM.__AT_0x68000000 (Base: 0x68000000, Size: 0x00000000, Max: 0x00000020, ABSOLUTE)

    Execution Region ER$$.ARM.__AT_0x68000000 (Exec base: 0x68000000, Load base: 0x68000000, Size: 0x00000020, Max: 0x00000020, ABSOLUTE, UNINIT)

    Exec Addr    Load Addr    Size         Type   Attr      Idx    E Section Name        Object

    0x68000000        -       0x00000020   Zero   RW          616    .ARM.__AT_0x68000000  malloc.o



  Load Region LR$$.ARM.__AT_0x68000020 (Base: 0x68000020, Size: 0x00000000, Max: 0x00000004, ABSOLUTE)

    Execution Region ER$$.ARM.__AT_0x68000020 (Exec base: 0x68000020, Load base: 0x68000020, Size: 0x00000004, Max: 0x00000004, ABSOLUTE, UNINIT)

    Exec Addr    Load Addr    Size         Type   Attr      Idx    E Section Name        Object

    0x68000020        -       0x00000002   Zero   RW          617    .ARM.__AT_0x68000020  malloc.o


==============================================================================

Image component sizes


      Code (inc. data)   RO Data    RW Data    ZI Data      Debug   Object Name

       110          0          0          0          0       1323   crc32.o
       212         18          0          4          0       1015   delay.o
     19030        162       6080          4         14      22262   lcd.o
        76          8          0          0          0        483   led.o
       776        212          0          0          0     244607   main.o
       616         18         24         28      16354       5094   malloc.o
       220         22          0          0          0       1773   misc.o
       908         30         24          2         10       3672   rtc.o
       264         10          0          0          0       1109   spi.o
        64         26        304          0       1536        844   startup_stm32f10x_hd.o
       196          8          0          0          0       3472   stm32f10x_bkp.o
      1548         18          0          0          0       5351   stm32f10x_fsmc.o
       860         38          0          0          0       5705   stm32f10x_gpio.o
        26          0          0          0          0      59426   stm32f10x_it.o
       204         14          0          0          0       1939   stm32f10x_pwr.o
       932         36          0         20          0       8872   stm32f10x_rcc.o
       328          4          0          0          0       2710   stm32f10x_rtc.o
       780         14          0          0          0       6590   stm32f10x_spi.o
      3610         88          0          0          0      22816   stm32f10x_tim.o
      1032         22          0          0          0       8432   stm32f10x_usart.o
         0          0          0          0          0         32   sys.o
       480         38          0         20          0       1695   system_stm32f10x.o
       364         24          0          1          0       1588   timer.o
      1496        388          7          5          0      18931   upgrade_1.o
       320         16          0          6        200       3134   usart.o
       436         26          0          2      11000       2986   usart3.o
      3128       1288         40         28          0       4330   usmart.o
         0          0        167        284          0       1592   usmart_config.o
      1320         12          0          0          0       5201   usmart_str.o
       872         30          0          2       4096       4437   w25qxx.o
       848        194         77         32          0     208203   wifista.o

    ----------------------------------------------------------------------
     41064       2764       6760        444      33224     659624   Object Totals
         0          0         32          0          0          0   (incl. Generated)
         8          0          5          6         14          0   (incl. Padding)

    ----------------------------------------------------------------------

      Code (inc. data)   RO Data    RW Data    ZI Data      Debug   Library Member Name

        88          8       1024          0          0       4698   f_crc32.o
        60          8          0          0          0         84   __0sscanf.o
        24          4          0          0          0         84   __2printf.o
        44          6          0          0          0         84   __2sprintf.o
        90          0          0          0          0          0   __dczerorl2.o
         8          0          0          0          0         68   __main.o
       392          4         17          0          0         92   __printf_flags_ss_wp.o
        14          0          0          0          0         68   __printf_wp.o
         0          0          0          0          0          0   __rtentry.o
        12          0          0          0          0          0   __rtentry2.o
         6          0          0          0          0          0   __rtentry4.o
        52          8          0          0          0          0   __scatter.o
        28          0          0          0          0          0   __scatter_zi.o
        28          0          0          0          0         68   _chval.o
         6          0          0          0          0          0   _printf_a.o
         6          0          0          0          0          0   _printf_c.o
        44          0          0          0          0        108   _printf_char.o
        48          6          0          0          0         96   _printf_char_common.o
        36          4          0          0          0         80   _printf_char_file.o
        40          0          0          0          0         68   _printf_charcount.o
         6          0          0          0          0          0   _printf_d.o
       120         16          0          0          0         92   _printf_dec.o
         6          0          0          0          0          0   _printf_e.o
         6          0          0          0          0          0   _printf_f.o
      1054          0          0          0          0        216   _printf_fp_dec.o
       128         16          0          0          0         84   _printf_fp_infnan.o
         6          0          0          0          0          0   _printf_g.o
       148          4         40          0          0        160   _printf_hex_int_ll_ptr.o
         6          0          0          0          0          0   _printf_i.o
       178          0          0          0          0         88   _printf_intcommon.o
        10          0          0          0          0          0   _printf_l.o
         6          0          0          0          0          0   _printf_lc.o
        10          0          0          0          0          0   _printf_ll.o
         6          0          0          0          0          0   _printf_lld.o
         6          0          0          0          0          0   _printf_lli.o
         6          0          0          0          0          0   _printf_llo.o
         6          0          0          0          0          0   _printf_llu.o
         6          0          0          0          0          0   _printf_llx.o
       124         16          0          0          0         92   _printf_longlong_dec.o
         6          0          0          0          0          0   _printf_ls.o
         6          0          0          0          0          0   _printf_n.o
         6          0          0          0          0          0   _printf_o.o
       112         10          0          0          0        124   _printf_oct_int_ll.o
         6          0          0          0          0          0   _printf_p.o
        78          0          0          0          0        108   _printf_pad.o
         0          0          0          0          0          0   _printf_percent.o
         4          0          0          0          0          0   _printf_percent_end.o
         6          0          0          0          0          0   _printf_s.o
        82          0          0          0          0         80   _printf_str.o
        36          0          0          0          0         84   _printf_truncate.o
         6          0          0          0          0          0   _printf_u.o
        44          0          0          0          0        108   _printf_wchar.o
       188          6          8          0          0         92   _printf_wctomb.o
         6          0          0          0          0          0   _printf_x.o
       884          6          0          0          0        100   _scanf.o
       332          0          0          0          0         96   _scanf_int.o
        64          0          0          0          0         84   _sgetc.o
        10          0          0          0          0         68   _sputc.o
        64          0          0          0          0         92   _wcrtomb.o
       228          4        148          0          0         96   bigflt0.o
      1936        128          0          0          0        672   btod.o
        36          4          0          0          0         76   c89vsprintf.o
        18          0          0          0          0         80   exit.o
         8          0          0          0          0         68   ferror.o
         6          0          0          0          0        152   heapauxi.o
        18          0          0          0          0         76   isspace.o
        44         10        272          0          0         76   lc_ctype_c.o
        44         10         28          0          0         76   lc_numeric_c.o
         2          0          0          0          0          0   libinit.o
        30          0          0          0          0          0   libinit2.o
         2          0          0          0          0          0   libshutdown.o
         2          0          0          0          0          0   libshutdown2.o
         8          4          0          0         96         68   libspace.o
       138          0          0          0          0         80   lludiv10.o
        16          4          0          0          0         76   rt_ctype_table.o
         8          4          0          0          0         68   rt_locale_intlibspace.o
         2          0          0          0          0          0   rtexit.o
        10          0          0          0          0          0   rtexit2.o
        44          8          0          0          0         84   scanf_char.o
       128          0          0          0          0         68   strcmpv7m.o
        62          0          0          0          0         76   strlen.o
        36          0          0          0          0         80   strstr.o
        74          0          0          0          0         80   sys_stackheap_outer.o
         2          0          0          0          0         68   use_no_semi.o
         2          0          0          0          0         68   use_no_semi_2.o
        90          4          0          0          0         92   dfixu.o
        38          0          0          0          0         68   dflt_clz.o
       340         12          0          0          0        104   dmul.o
       156          4          0          0          0         92   dnaninf.o
        12          0          0          0          0         68   dretinf.o
         4          0          0          0          0         68   printf1.o
         0          0          0          0          0          0   usenofp.o
        40          0          0          0          0         68   fpclassify.o

    ----------------------------------------------------------------------
      8404        318       1540          0         96      10114   Library Totals
        16          0          3          0          0          0   (incl. Padding)

    ----------------------------------------------------------------------

      Code (inc. data)   RO Data    RW Data    ZI Data      Debug   Library Name

        88          8       1024          0          0       4698   F_CRC_Lib.lib
      7620        290        513          0         96       4856   c_w.l
       640         20          0          0          0        492   fz_ws.l
        40          0          0          0          0         68   m_ws.l

    ----------------------------------------------------------------------
      8404        318       1540          0         96      10114   Library Totals

    ----------------------------------------------------------------------

==============================================================================


      Code (inc. data)   RO Data    RW Data    ZI Data      Debug   

     49468       3082       8300        444      33320     663806   Grand Totals
     49468       3082       8300        156      33320     663806   ELF Image Totals (compressed)
     49468       3082       8300        156          0          0   ROM Totals

==============================================================================

    Total RO  Size (Code + RO Data)                57768 (  56.41kB)
    Total RW  Size (RW Data + ZI Data)             33764 (  32.97kB)
    Total ROM Size (Code + RO Data + RW Data)      57924 (  56.57kB)

==============================================================================

